Component: ARM Compiler 5.06 update 6 (build 750) Tool: armlink [4d35ed]

==============================================================================

Section Cross References

    startup_stm32f103xe.o(RESET) refers to startup_stm32f103xe.o(STACK) for __initial_sp
    startup_stm32f103xe.o(RESET) refers to startup_stm32f103xe.o(.text) for Reset_Handler
    startup_stm32f103xe.o(RESET) refers to stm32f1xx_it.o(i.NMI_Handler) for NMI_Handler
    startup_stm32f103xe.o(RESET) refers to stm32f1xx_it.o(i.HardFault_Handler) for HardFault_Handler
    startup_stm32f103xe.o(RESET) refers to stm32f1xx_it.o(i.MemManage_Handler) for MemManage_Handler
    startup_stm32f103xe.o(RESET) refers to stm32f1xx_it.o(i.BusFault_Handler) for BusFault_Handler
    startup_stm32f103xe.o(RESET) refers to stm32f1xx_it.o(i.UsageFault_Handler) for UsageFault_Handler
    startup_stm32f103xe.o(RESET) refers to stm32f1xx_it.o(i.SVC_Handler) for SVC_Handler
    startup_stm32f103xe.o(RESET) refers to stm32f1xx_it.o(i.DebugMon_Handler) for DebugMon_Handler
    startup_stm32f103xe.o(RESET) refers to stm32f1xx_it.o(i.PendSV_Handler) for PendSV_Handler
    startup_stm32f103xe.o(RESET) refers to stm32f1xx_it.o(i.SysTick_Handler) for SysTick_Handler
    startup_stm32f103xe.o(RESET) refers to stm32f1xx_it.o(i.TIM2_IRQHandler) for TIM2_IRQHandler
    startup_stm32f103xe.o(RESET) refers to stm32f1xx_it.o(i.USART2_IRQHandler) for USART2_IRQHandler
    startup_stm32f103xe.o(.text) refers to system_stm32f1xx.o(i.SystemInit) for SystemInit
    startup_stm32f103xe.o(.text) refers to entry.o(.ARM.Collect$$$$00000000) for __main
    gizwits_product.o(i.HAL_TIM_PeriodElapsedCallback) refers to hal_key.o(i.keyHandle) for keyHandle
    gizwits_product.o(i.HAL_TIM_PeriodElapsedCallback) refers to gizwits_product.o(i.gizTimerMs) for gizTimerMs
    gizwits_product.o(i.HAL_TIM_PeriodElapsedCallback) refers to tim.o(.bss) for htim2
    gizwits_product.o(i.HAL_TIM_PeriodElapsedCallback) refers to main.o(.data) for keys
    gizwits_product.o(i.HAL_UART_RxCpltCallback) refers to gizwits_protocol.o(i.gizPutData) for gizPutData
    gizwits_product.o(i.HAL_UART_RxCpltCallback) refers to stm32f1xx_hal_uart.o(i.HAL_UART_Receive_IT) for HAL_UART_Receive_IT
    gizwits_product.o(i.HAL_UART_RxCpltCallback) refers to gizwits_product.o(.data) for .data
    gizwits_product.o(i.HAL_UART_RxCpltCallback) refers to usart.o(.bss) for huart2
    gizwits_product.o(i.fputc) refers to stm32f1xx_hal_uart.o(i.HAL_UART_Transmit) for HAL_UART_Transmit
    gizwits_product.o(i.fputc) refers to usart.o(.bss) for huart1
    gizwits_product.o(i.gizGetTimerCount) refers to gizwits_product.o(.data) for .data
    gizwits_product.o(i.gizTimerMs) refers to gizwits_product.o(.data) for .data
    gizwits_product.o(i.gizwitsEventProcess) refers to printf8.o(i.__0printf$8) for __2printf
    gizwits_product.o(i.gizwitsEventProcess) refers to hal_rgb_my9291.o(i.My9291_Send_Duty) for My9291_Send_Duty
    gizwits_product.o(i.gizwitsEventProcess) refers to gizwits_product.o(.bss) for .bss
    gizwits_product.o(i.mcuRestart) refers to stm32f1xx_hal_cortex.o(i.HAL_NVIC_SystemReset) for HAL_NVIC_SystemReset
    gizwits_product.o(i.timerInit) refers to stm32f1xx_hal_tim.o(i.HAL_TIM_Base_Start_IT) for HAL_TIM_Base_Start_IT
    gizwits_product.o(i.timerInit) refers to tim.o(.bss) for htim2
    gizwits_product.o(i.uartInit) refers to stm32f1xx_hal_uart.o(i.HAL_UART_Receive_IT) for HAL_UART_Receive_IT
    gizwits_product.o(i.uartInit) refers to gizwits_product.o(.data) for .data
    gizwits_product.o(i.uartInit) refers to usart.o(.bss) for huart2
    gizwits_product.o(i.uartWrite) refers to stm32f1xx_hal_uart.o(i.HAL_UART_Transmit_IT) for HAL_UART_Transmit_IT
    gizwits_product.o(i.uartWrite) refers to printf8.o(i.__0printf$8) for __2printf
    gizwits_product.o(i.uartWrite) refers to usart.o(.bss) for huart2
    gizwits_product.o(i.uartWrite) refers to gizwits_product.o(.data) for .data
    gizwits_product.o(i.userInit) refers to gizwits_product.o(.bss) for .bss
    gizwits_protocol.o(i.gizCheckReport) refers to gizwits_product.o(i.gizGetTimerCount) for gizGetTimerCount
    gizwits_protocol.o(i.gizCheckReport) refers to printf8.o(i.__0printf$8) for __2printf
    gizwits_protocol.o(i.gizCheckReport) refers to gizwits_protocol.o(.data) for .data
    gizwits_protocol.o(i.gizDataPoint2Event) refers to common.o(i.exchangeBytes) for exchangeBytes
    gizwits_protocol.o(i.gizDataPoint2Event) refers to datapointtools.o(i.gizX2Y) for gizX2Y
    gizwits_protocol.o(i.gizDataPoint2Event) refers to printf8.o(i.__0printf$8) for __2printf
    gizwits_protocol.o(i.gizDataPoints2ReportData) refers to datapointtools.o(i.gizY2X) for gizY2X
    gizwits_protocol.o(i.gizDataPoints2ReportData) refers to common.o(i.exchangeBytes) for exchangeBytes
    gizwits_protocol.o(i.gizDataPoints2ReportData) refers to printf8.o(i.__0printf$8) for __2printf
[...]
    Removing stm32f1xx_hal_flash_ex.o(i.HAL_FLASHEx_OBGetConfig), (36 bytes).
    Removing stm32f1xx_hal_flash_ex.o(i.HAL_FLASHEx_OBGetUserData), (32 bytes).
    Removing stm32f1xx_hal_flash_ex.o(i.HAL_FLASHEx_OBProgram), (200 bytes).
    Removing stm32f1xx_hal_exti.o(.rev16_text), (4 bytes).
    Removing stm32f1xx_hal_exti.o(.revsh_text), (4 bytes).
    Removing stm32f1xx_hal_exti.o(.rrx_text), (6 bytes).
    Removing stm32f1xx_hal_exti.o(i.HAL_EXTI_ClearConfigLine), (104 bytes).
    Removing stm32f1xx_hal_exti.o(i.HAL_EXTI_ClearPending), (20 bytes).
    Removing stm32f1xx_hal_exti.o(i.HAL_EXTI_GenerateSWI), (20 bytes).
    Removing stm32f1xx_hal_exti.o(i.HAL_EXTI_GetConfigLine), (152 bytes).
    Removing stm32f1xx_hal_exti.o(i.HAL_EXTI_GetHandle), (12 bytes).
    Removing stm32f1xx_hal_exti.o(i.HAL_EXTI_GetPending), (24 bytes).
    Removing stm32f1xx_hal_exti.o(i.HAL_EXTI_IRQHandler), (36 bytes).
    Removing stm32f1xx_hal_exti.o(i.HAL_EXTI_RegisterCallback), (14 bytes).
    Removing stm32f1xx_hal_exti.o(i.HAL_EXTI_SetConfigLine), (164 bytes).
    Removing stm32f1xx_hal_uart.o(.rev16_text), (4 bytes).
    Removing stm32f1xx_hal_uart.o(.revsh_text), (4 bytes).
    Removing stm32f1xx_hal_uart.o(.rrx_text), (6 bytes).
    Removing stm32f1xx_hal_uart.o(i.HAL_HalfDuplex_EnableReceiver), (50 bytes).
    Removing stm32f1xx_hal_uart.o(i.HAL_HalfDuplex_EnableTransmitter), (50 bytes).
    Removing stm32f1xx_hal_uart.o(i.HAL_HalfDuplex_Init), (108 bytes).
    Removing stm32f1xx_hal_uart.o(i.HAL_LIN_Init), (128 bytes).
    Removing stm32f1xx_hal_uart.o(i.HAL_LIN_SendBreak), (46 bytes).
    Removing stm32f1xx_hal_uart.o(i.HAL_MultiProcessor_EnterMuteMode), (46 bytes).
    Removing stm32f1xx_hal_uart.o(i.HAL_MultiProcessor_ExitMuteMode), (46 bytes).
    Removing stm32f1xx_hal_uart.o(i.HAL_MultiProcessor_Init), (142 bytes).
    Removing stm32f1xx_hal_uart.o(i.HAL_UART_Abort), (138 bytes).
    Removing stm32f1xx_hal_uart.o(i.HAL_UART_AbortCpltCallback), (2 bytes).
    Removing stm32f1xx_hal_uart.o(i.HAL_UART_AbortReceive), (88 bytes).
    Removing stm32f1xx_hal_uart.o(i.HAL_UART_AbortReceiveCpltCallback), (2 bytes).
    Removing stm32f1xx_hal_uart.o(i.HAL_UART_AbortReceive_IT), (92 bytes).
    Removing stm32f1xx_hal_uart.o(i.HAL_UART_AbortTransmit), (78 bytes).
    Removing stm32f1xx_hal_uart.o(i.HAL_UART_AbortTransmitCpltCallback), (2 bytes).
    Removing stm32f1xx_hal_uart.o(i.HAL_UART_AbortTransmit_IT), (84 bytes).
    Removing stm32f1xx_hal_uart.o(i.HAL_UART_Abort_IT), (172 bytes).
    Removing stm32f1xx_hal_uart.o(i.HAL_UART_DMAPause), (102 bytes).
    Removing stm32f1xx_hal_uart.o(i.HAL_UART_DMAResume), (94 bytes).
    Removing stm32f1xx_hal_uart.o(i.HAL_UART_DMAStop), (88 bytes).
    Removing stm32f1xx_hal_uart.o(i.HAL_UART_DeInit), (50 bytes).
    Removing stm32f1xx_hal_uart.o(i.HAL_UART_GetError), (4 bytes).
    Removing stm32f1xx_hal_uart.o(i.HAL_UART_GetState), (10 bytes).
    Removing stm32f1xx_hal_uart.o(i.HAL_UART_MspDeInit), (2 bytes).
    Removing stm32f1xx_hal_uart.o(i.HAL_UART_MspInit), (2 bytes).
    Removing stm32f1xx_hal_uart.o(i.HAL_UART_Receive), (184 bytes).
    Removing stm32f1xx_hal_uart.o(i.HAL_UART_Receive_DMA), (152 bytes).
    Removing stm32f1xx_hal_uart.o(i.HAL_UART_RxCpltCallback), (2 bytes).
    Removing stm32f1xx_hal_uart.o(i.HAL_UART_RxHalfCpltCallback), (2 bytes).
    Removing stm32f1xx_hal_uart.o(i.HAL_UART_Transmit_DMA), (128 bytes).
    Removing stm32f1xx_hal_uart.o(i.HAL_UART_TxHalfCpltCallback), (2 bytes).
    Removing stm32f1xx_hal_uart.o(i.UART_DMAError), (74 bytes).
    Removing stm32f1xx_hal_uart.o(i.UART_DMAReceiveCplt), (60 bytes).
    Removing stm32f1xx_hal_uart.o(i.UART_DMARxAbortCallback), (42 bytes).
    Removing stm32f1xx_hal_uart.o(i.UART_DMARxHalfCplt), (10 bytes).
    Removing stm32f1xx_hal_uart.o(i.UART_DMARxOnlyAbortCallback), (20 bytes).
    Removing stm32f1xx_hal_uart.o(i.UART_DMATransmitCplt), (46 bytes).
    Removing stm32f1xx_hal_uart.o(i.UART_DMATxAbortCallback), (42 bytes).
    Removing stm32f1xx_hal_uart.o(i.UART_DMATxHalfCplt), (10 bytes).
    Removing stm32f1xx_hal_uart.o(i.UART_DMATxOnlyAbortCallback), (20 bytes).
    Removing stm32f1xx_hal_uart.o(i.UART_EndTxTransfer), (18 bytes).
    Removing fadd.o(.text), (176 bytes).
    Removing fmul.o(.text), (100 bytes).
    Removing fdiv.o(.text), (124 bytes).
    Removing ffltui.o(.text), (10 bytes).
    Removing ffixui.o(.text), (40 bytes).
    Removing fepilogue.o(.text), (110 bytes).
    Removing dadd.o(.text), (334 bytes).
    Removing dmul.o(.text), (228 bytes).
    Removing ddiv.o(.text), (222 bytes).
    Removing dfixul.o(.text), (48 bytes).
    Removing cdrcmple.o(.text), (48 bytes).
    Removing depilogue.o(.text), (186 bytes).

418 unused section(s) (total 26534 bytes) removed from the image.

==============================================================================

Image Symbol Table

    Local Symbols

    Symbol Name                              Value     Ov Type        Size  Object(Section)

    ../Drivers/STM32F1xx_HAL_Driver/Src/stm32f1xx_hal.c 0x00000000   Number         0  stm32f1xx_hal.o ABSOLUTE
    ../Drivers/STM32F1xx_HAL_Driver/Src/stm32f1xx_hal_cortex.c 0x00000000   Number         0  stm32f1xx_hal_cortex.o ABSOLUTE
    ../Drivers/STM32F1xx_HAL_Driver/Src/stm32f1xx_hal_dma.c 0x00000000   Number         0  stm32f1xx_hal_dma.o ABSOLUTE
    ../Drivers/STM32F1xx_HAL_Driver/Src/stm32f1xx_hal_exti.c 0x00000000   Number         0  stm32f1xx_hal_exti.o ABSOLUTE
    ../Drivers/STM32F1xx_HAL_Driver/Src/stm32f1xx_hal_flash.c 0x00000000   Number         0  stm32f1xx_hal_flash.o ABSOLUTE
    ../Drivers/STM32F1xx_HAL_Driver/Src/stm32f1xx_hal_flash_ex.c 0x00000000   Number         0  stm32f1xx_hal_flash_ex.o ABSOLUTE
    ../Drivers/STM32F1xx_HAL_Driver/Src/stm32f1xx_hal_gpio.c 0x00000000   Number         0  stm32f1xx_hal_gpio.o ABSOLUTE
    ../Drivers/STM32F1xx_HAL_Driver/Src/stm32f1xx_hal_gpio_ex.c 0x00000000   Number         0  stm32f1xx_hal_gpio_ex.o ABSOLUTE
    ../Drivers/STM32F1xx_HAL_Driver/Src/stm32f1xx_hal_pwr.c 0x00000000   Number         0  stm32f1xx_hal_pwr.o ABSOLUTE
    ../Drivers/STM32F1xx_HAL_Driver/Src/stm32f1xx_hal_rcc.c 0x00000000   Number         0  stm32f1xx_hal_rcc.o ABSOLUTE
    ../Drivers/STM32F1xx_HAL_Driver/Src/stm32f1xx_hal_rcc_ex.c 0x00000000   Number         0  stm32f1xx_hal_rcc_ex.o ABSOLUTE
    ../Drivers/STM32F1xx_HAL_Driver/Src/stm32f1xx_hal_tim.c 0x00000000   Number         0  stm32f1xx_hal_tim.o ABSOLUTE
    ../Drivers/STM32F1xx_HAL_Driver/Src/stm32f1xx_hal_tim_ex.c 0x00000000   Number         0  stm32f1xx_hal_tim_ex.o ABSOLUTE
    ../Drivers/STM32F1xx_HAL_Driver/Src/stm32f1xx_hal_uart.c 0x00000000   Number         0  stm32f1xx_hal_uart.o ABSOLUTE
    ../Src/gpio.c                            0x00000000   Number         0  gpio.o ABSOLUTE
    ../Src/main.c                            0x00000000   Number         0  main.o ABSOLUTE
    ../Src/stm32f1xx_hal_msp.c               0x00000000   Number         0  stm32f1xx_hal_msp.o ABSOLUTE
    ../Src/stm32f1xx_it.c                    0x00000000   Number         0  stm32f1xx_it.o ABSOLUTE
    ../Src/system_stm32f1xx.c                0x00000000   Number         0  system_stm32f1xx.o ABSOLUTE
    ../Src/tim.c                             0x00000000   Number         0  tim.o ABSOLUTE
    ../Src/usart.c                           0x00000000   Number         0  usart.o ABSOLUTE
    ../clib/microlib/ctype/toupper.c         0x00000000   Number         0  toupper.o ABSOLUTE
    ../clib/microlib/division.c              0x00000000   Number         0  uldiv.o ABSOLUTE
    ../clib/microlib/division.c              0x00000000   Number         0  uidiv.o ABSOLUTE
    ../clib/microlib/init/entry.s            0x00000000   Number         0  entry11a.o ABSOLUTE
    ../clib/microlib/init/entry.s            0x00000000   Number         0  entry2.o ABSOLUTE
    ../clib/microlib/init/entry.s            0x00000000   Number         0  entry10b.o ABSOLUTE
    ../clib/microlib/init/entry.s            0x00000000   Number         0  entry7b.o ABSOLUTE
    ../clib/microlib/init/entry.s            0x00000000   Number         0  entry10a.o ABSOLUTE
    ../clib/microlib/init/entry.s            0x00000000   Number         0  entry9b.o ABSOLUTE
    ../clib/microlib/init/entry.s            0x00000000   Number         0  entry7a.o ABSOLUTE
    ../clib/microlib/init/entry.s            0x00000000   Number         0  entry.o ABSOLUTE
    ../clib/microlib/init/entry.s            0x00000000   Number         0  entry5.o ABSOLUTE
    ../clib/microlib/init/entry.s            0x00000000   Number         0  entry9a.o ABSOLUTE
    ../clib/microlib/init/entry.s            0x00000000   Number         0  entry8b.o ABSOLUTE
    ../clib/microlib/init/entry.s            0x00000000   Number         0  entry8a.o ABSOLUTE
    ../clib/microlib/init/entry.s            0x00000000   Number         0  entry11b.o ABSOLUTE
    ../clib/microlib/longlong.c              0x00000000   Number         0  llsshr.o ABSOLUTE
    ../clib/microlib/longlong.c              0x00000000   Number         0  llshl.o ABSOLUTE
    ../clib/microlib/longlong.c              0x00000000   Number         0  llushr.o ABSOLUTE
    ../clib/microlib/printf/printf.c         0x00000000   Number         0  printf2.o ABSOLUTE
    ../clib/microlib/printf/printf.c         0x00000000   Number         0  printfa.o ABSOLUTE
    ../clib/microlib/printf/printf.c         0x00000000   Number         0  printf8.o ABSOLUTE
    ../clib/microlib/printf/printf.c         0x00000000   Number         0  printf7.o ABSOLUTE
    ../clib/microlib/printf/printf.c         0x00000000   Number         0  printf5.o ABSOLUTE
    ../clib/microlib/printf/printf.c         0x00000000   Number         0  printf6.o ABSOLUTE
    ../clib/microlib/printf/printf.c         0x00000000   Number         0  printf4.o ABSOLUTE
    ../clib/microlib/printf/printf.c         0x00000000   Number         0  printf0.o ABSOLUTE
    ../clib/microlib/printf/printf.c         0x00000000   Number         0  printfb.o ABSOLUTE
    ../clib/microlib/printf/printf.c         0x00000000   Number         0  printf3.o ABSOLUTE
    ../clib/microlib/printf/printf.c         0x00000000   Number         0  printf1.o ABSOLUTE
    ../clib/microlib/printf/stubs.s          0x00000000   Number         0  stubs.o ABSOLUTE
    ../clib/microlib/stdio/streams.c         0x00000000   Number         0  stdout.o ABSOLUTE
    ../clib/microlib/string/memcpy.c         0x00000000   Number         0  memcpyb.o ABSOLUTE
    ../clib/microlib/string/memcpy.c         0x00000000   Number         0  memcpya.o ABSOLUTE
    ../clib/microlib/string/memset.c         0x00000000   Number         0  memseta.o ABSOLUTE
    ../clib/microlib/string/strlen.c         0x00000000   Number         0  strlen.o ABSOLUTE
    ../clib/microlib/stubs.s                 0x00000000   Number         0  iusefp.o ABSOLUTE
    ../fplib/microlib/fpadd.c                0x00000000   Number         0  fadd.o ABSOLUTE
    ../fplib/microlib/fpadd.c                0x00000000   Number         0  dadd.o ABSOLUTE
    ../fplib/microlib/fpdiv.c                0x00000000   Number         0  ddiv.o ABSOLUTE
    ../fplib/microlib/fpdiv.c                0x00000000   Number         0  fdiv.o ABSOLUTE
    ../fplib/microlib/fpepilogue.c           0x00000000   Number         0  fepilogue.o ABSOLUTE
    ../fplib/microlib/fpepilogue.c           0x00000000   Number         0  depilogue.o ABSOLUTE
    ../fplib/microlib/fpfix.c                0x00000000   Number         0  ffixui.o ABSOLUTE
    ../fplib/microlib/fpfix.c                0x00000000   Number         0  dfixul.o ABSOLUTE
    ../fplib/microlib/fpflt.c                0x00000000   Number         0  ffltui.o ABSOLUTE
    ../fplib/microlib/fpmul.c                0x00000000   Number         0  dmul.o ABSOLUTE
    ../fplib/microlib/fpmul.c                0x00000000   Number         0  fmul.o ABSOLUTE
    ..\Drivers\STM32F1xx_HAL_Driver\Src\stm32f1xx_hal.c 0x00000000   Number         0  stm32f1xx_hal.o ABSOLUTE
    ..\Drivers\STM32F1xx_HAL_Driver\Src\stm32f1xx_hal_cortex.c 0x00000000   Number         0  stm32f1xx_hal_cortex.o ABSOLUTE
    ..\Drivers\STM32F1xx_HAL_Driver\Src\stm32f1xx_hal_dma.c 0x00000000   Number         0  stm32f1xx_hal_dma.o ABSOLUTE
    ..\Drivers\STM32F1xx_HAL_Driver\Src\stm32f1xx_hal_exti.c 0x00000000   Number         0  stm32f1xx_hal_exti.o ABSOLUTE
    ..\Drivers\STM32F1xx_HAL_Driver\Src\stm32f1xx_hal_flash.c 0x00000000   Number         0  stm32f1xx_hal_flash.o ABSOLUTE
    ..\Drivers\STM32F1xx_HAL_Driver\Src\stm32f1xx_hal_flash_ex.c 0x00000000   Number         0  stm32f1xx_hal_flash_ex.o ABSOLUTE
    ..\Drivers\STM32F1xx_HAL_Driver\Src\stm32f1xx_hal_gpio.c 0x00000000   Number         0  stm32f1xx_hal_gpio.o ABSOLUTE
    ..\Drivers\STM32F1xx_HAL_Driver\Src\stm32f1xx_hal_gpio_ex.c 0x00000000   Number         0  stm32f1xx_hal_gpio_ex.o ABSOLUTE
    ..\Drivers\STM32F1xx_HAL_Driver\Src\stm32f1xx_hal_pwr.c 0x00000000   Number         0  stm32f1xx_hal_pwr.o ABSOLUTE
    ..\Drivers\STM32F1xx_HAL_Driver\Src\stm32f1xx_hal_rcc.c 0x00000000   Number         0  stm32f1xx_hal_rcc.o ABSOLUTE
    ..\Drivers\STM32F1xx_HAL_Driver\Src\stm32f1xx_hal_rcc_ex.c 0x00000000   Number         0  stm32f1xx_hal_rcc_ex.o ABSOLUTE
    ..\Drivers\STM32F1xx_HAL_Driver\Src\stm32f1xx_hal_tim.c 0x00000000   Number         0  stm32f1xx_hal_tim.o ABSOLUTE
    ..\Drivers\STM32F1xx_HAL_Driver\Src\stm32f1xx_hal_tim_ex.c 0x00000000   Number         0  stm32f1xx_hal_tim_ex.o ABSOLUTE
    ..\Drivers\STM32F1xx_HAL_Driver\Src\stm32f1xx_hal_uart.c 0x00000000   Number         0  stm32f1xx_hal_uart.o ABSOLUTE
    ..\Gizwits\gizwits_product.c             0x00000000   Number         0  gizwits_product.o ABSOLUTE
    ..\Gizwits\gizwits_protocol.c            0x00000000   Number         0  gizwits_protocol.o ABSOLUTE
    ..\Hal\Hal_Rgb_My9291.c                  0x00000000   Number         0  hal_rgb_my9291.o ABSOLUTE
    ..\Hal\hal_key.c                         0x00000000   Number         0  hal_key.o ABSOLUTE
    ..\Src\gpio.c                            0x00000000   Number         0  gpio.o ABSOLUTE
    ..\Src\main.c                            0x00000000   Number         0  main.o ABSOLUTE
    ..\Src\stm32f1xx_hal_msp.c               0x00000000   Number         0  stm32f1xx_hal_msp.o ABSOLUTE
    ..\Src\stm32f1xx_it.c                    0x00000000   Number         0  stm32f1xx_it.o ABSOLUTE
    ..\Src\system_stm32f1xx.c                0x00000000   Number         0  system_stm32f1xx.o ABSOLUTE
    ..\Src\tim.c                             0x00000000   Number         0  tim.o ABSOLUTE
    ..\Src\usart.c                           0x00000000   Number         0  usart.o ABSOLUTE
    ..\Utils\common.c                        0x00000000   Number         0  common.o ABSOLUTE
    ..\Utils\dataPointTools.c                0x00000000   Number         0  datapointtools.o ABSOLUTE
    ..\Utils\delay.c                         0x00000000   Number         0  delay.o ABSOLUTE
    ..\Utils\ringbuffer.c                    0x00000000   Number         0  ringbuffer.o ABSOLUTE
    ..\\Gizwits\\gizwits_product.c           0x00000000   Number         0  gizwits_product.o ABSOLUTE
    ..\\Gizwits\\gizwits_protocol.c          0x00000000   Number         0  gizwits_protocol.o ABSOLUTE
    ..\\Hal\\Hal_Rgb_My9291.c                0x00000000   Number         0  hal_rgb_my9291.o ABSOLUTE
    ..\\Hal\\hal_key.c                       0x00000000   Number         0  hal_key.o ABSOLUTE
    ..\\Utils\\common.c                      0x00000000   Number         0  common.o ABSOLUTE
    ..\\Utils\\dataPointTools.c              0x00000000   Number         0  datapointtools.o ABSOLUTE
    ..\\Utils\\delay.c                       0x00000000   Number         0  delay.o ABSOLUTE
    ..\\Utils\\ringbuffer.c                  0x00000000   Number         0  ringbuffer.o ABSOLUTE
    cdrcmple.s                               0x00000000   Number         0  cdrcmple.o ABSOLUTE
    dc.s                                     0x00000000   Number         0  dc.o ABSOLUTE
    handlers.s                               0x00000000   Number         0  handlers.o ABSOLUTE
    init.s                                   0x00000000   Number         0  init.o ABSOLUTE
    startup_stm32f103xe.s                    0x00000000   Number         0  startup_stm32f103xe.o ABSOLUTE
    RESET                                    0x08000000   Section      304  startup_stm32f103xe.o(RESET)
    .ARM.Collect$$$$00000000                 0x08000130   Section        0  entry.o(.ARM.Collect$$$$00000000)
    .ARM.Collect$$$$00000001                 0x08000130   Section        4  entry2.o(.ARM.Collect$$$$00000001)
    .ARM.Collect$$$$00000004                 0x08000134   Section        4  entry5.o(.ARM.Collect$$$$00000004)
    .ARM.Collect$$$$00000008                 0x08000138   Section        0  entry7b.o(.ARM.Collect$$$$00000008)
    .ARM.Collect$$$$0000000A                 0x08000138   Section        0  entry8b.o(.ARM.Collect$$$$0000000A)
    .ARM.Collect$$$$0000000B                 0x08000138   Section        8  entry9a.o(.ARM.Collect$$$$0000000B)
    .ARM.Collect$$$$0000000D                 0x08000140   Section        0  entry10a.o(.ARM.Collect$$$$0000000D)
    .ARM.Collect$$$$0000000F                 0x08000140   Section        0  entry11a.o(.ARM.Collect$$$$0000000F)
    .ARM.Collect$$$$00002712                 0x08000140   Section        4  entry2.o(.ARM.Collect$$$$00002712)
    __lit__00000000                          0x08000140   Data           4  entry2.o(.ARM.Collect$$$$00002712)
    .text                                    0x08000144   Section       36  startup_stm32f103xe.o(.text)
    .text                                    0x08000168   Section        0  llushr.o(.text)
    .text                                    0x08000188   Section        0  memcpya.o(.text)
    .text                                    0x080001ac   Section        0  memseta.o(.text)
    .text                                    0x080001d0   Section        0  uldiv.o(.text)
    .text                                    0x08000234   Section       36  init.o(.text)
    .text                                    0x08000258   Section        0  llshl.o(.text)
    i.BusFault_Handler                       0x08000276   Section        0  stm32f1xx_it.o(i.BusFault_Handler)
    i.DebugMon_Handler                       0x08000278   Section        0  stm32f1xx_it.o(i.DebugMon_Handler)
    i.Delay_Init                             0x0800027c   Section        0  delay.o(i.Delay_Init)
    i.Delay_Us                               0x080002a8   Section        0  delay.o(i.Delay_Us)
    i.Error_Handler                          0x080002d0   Section        0  main.o(i.Error_Handler)
    i.HAL_DMA_Abort_IT                       0x080002d4   Section        0  stm32f1xx_hal_dma.o(i.HAL_DMA_Abort_IT)
    i.HAL_GPIO_Init                          0x08000404   Section        0  stm32f1xx_hal_gpio.o(i.HAL_GPIO_Init)
    i.HAL_GPIO_ReadPin                       0x080005fc   Section        0  stm32f1xx_hal_gpio.o(i.HAL_GPIO_ReadPin)
    i.HAL_GPIO_WritePin                      0x08000606   Section        0  stm32f1xx_hal_gpio.o(i.HAL_GPIO_WritePin)
    i.HAL_GetTick                            0x08000610   Section        0  stm32f1xx_hal.o(i.HAL_GetTick)
    i.HAL_IncTick                            0x0800061c   Section        0  stm32f1xx_hal.o(i.HAL_IncTick)
    i.HAL_Init                               0x0800062c   Section        0  stm32f1xx_hal.o(i.HAL_Init)
    i.HAL_InitTick                           0x08000650   Section        0  stm32f1xx_hal.o(i.HAL_InitTick)
    i.HAL_MspInit                            0x08000690   Section        0  stm32f1xx_hal_msp.o(i.HAL_MspInit)
    i.HAL_NVIC_EnableIRQ                     0x080006cc   Section        0  stm32f1xx_hal_cortex.o(i.HAL_NVIC_EnableIRQ)
    i.HAL_NVIC_SetPriority                   0x080006e8   Section        0  stm32f1xx_hal_cortex.o(i.HAL_NVIC_SetPriority)
    i.HAL_NVIC_SetPriorityGrouping           0x08000728   Section        0  stm32f1xx_hal_cortex.o(i.HAL_NVIC_SetPriorityGrouping)
    i.HAL_NVIC_SystemReset                   0x0800074c   Section        0  stm32f1xx_hal_cortex.o(i.HAL_NVIC_SystemReset)
    i.HAL_RCC_ClockConfig                    0x08000770   Section        0  stm32f1xx_hal_rcc.o(i.HAL_RCC_ClockConfig)
    i.HAL_RCC_GetPCLK1Freq                   0x0800089c   Section        0  stm32f1xx_hal_rcc.o(i.HAL_RCC_GetPCLK1Freq)
    i.HAL_RCC_GetPCLK2Freq                   0x080008bc   Section        0  stm32f1xx_hal_rcc.o(i.HAL_RCC_GetPCLK2Freq)
    i.HAL_RCC_GetSysClockFreq                0x080008dc   Section        0  stm32f1xx_hal_rcc.o(i.HAL_RCC_GetSysClockFreq)
    i.HAL_RCC_OscConfig                      0x08000948   Section        0  stm32f1xx_hal_rcc.o(i.HAL_RCC_OscConfig)
    i.HAL_SYSTICK_Config                     0x08000c68   Section        0  stm32f1xx_hal_cortex.o(i.HAL_SYSTICK_Config)
    i.HAL_TIMEx_BreakCallback                0x08000c90   Section        0  stm32f1xx_hal_tim_ex.o(i.HAL_TIMEx_BreakCallback)
    i.HAL_TIMEx_CommutCallback               0x08000c92   Section        0  stm32f1xx_hal_tim_ex.o(i.HAL_TIMEx_CommutCallback)
    i.HAL_TIMEx_MasterConfigSynchronization  0x08000c94   Section        0  stm32f1xx_hal_tim_ex.o(i.HAL_TIMEx_MasterConfigSynchronization)
    i.HAL_TIM_Base_Init                      0x08000cd6   Section        0  stm32f1xx_hal_tim.o(i.HAL_TIM_Base_Init)
    i.HAL_TIM_Base_MspInit                   0x08000d0c   Section        0  tim.o(i.HAL_TIM_Base_MspInit)
    i.HAL_TIM_Base_Start_IT                  0x08000d44   Section        0  stm32f1xx_hal_tim.o(i.HAL_TIM_Base_Start_IT)
    i.HAL_TIM_ConfigClockSource              0x08000d66   Section        0  stm32f1xx_hal_tim.o(i.HAL_TIM_ConfigClockSource)
    i.HAL_TIM_IC_CaptureCallback             0x08000e3c   Section        0  stm32f1xx_hal_tim.o(i.HAL_TIM_IC_CaptureCallback)
    i.HAL_TIM_IRQHandler                     0x08000e3e   Section        0  stm32f1xx_hal_tim.o(i.HAL_TIM_IRQHandler)
    i.HAL_TIM_OC_DelayElapsedCallback        0x08000fa4   Section        0  stm32f1xx_hal_tim.o(i.HAL_TIM_OC_DelayElapsedCallback)
    i.HAL_TIM_PWM_PulseFinishedCallback      0x08000fa6   Section        0  stm32f1xx_hal_tim.o(i.HAL_TIM_PWM_PulseFinishedCallback)
    i.HAL_TIM_PeriodElapsedCallback          0x08000fa8   Section        0  gizwits_product.o(i.HAL_TIM_PeriodElapsedCallback)
    i.HAL_TIM_TriggerCallback                0x08000fc8   Section        0  stm32f1xx_hal_tim.o(i.HAL_TIM_TriggerCallback)
    i.HAL_UART_ErrorCallback                 0x08000fca   Section        0  stm32f1xx_hal_uart.o(i.HAL_UART_ErrorCallback)
    i.HAL_UART_IRQHandler                    0x08000fcc   Section        0  stm32f1xx_hal_uart.o(i.HAL_UART_IRQHandler)
    i.HAL_UART_Init                          0x080010dc   Section        0  stm32f1xx_hal_uart.o(i.HAL_UART_Init)
    i.HAL_UART_MspInit                       0x08001140   Section        0  usart.o(i.HAL_UART_MspInit)
    i.HAL_UART_Receive_IT                    0x0800120c   Section        0  stm32f1xx_hal_uart.o(i.HAL_UART_Receive_IT)
    i.HAL_UART_RxCpltCallback                0x08001260   Section        0  gizwits_product.o(i.HAL_UART_RxCpltCallback)
    i.HAL_UART_Transmit                      0x08001290   Section        0  stm32f1xx_hal_uart.o(i.HAL_UART_Transmit)
    i.HAL_UART_Transmit_IT                   0x0800134a   Section        0  stm32f1xx_hal_uart.o(i.HAL_UART_Transmit_IT)
    i.HAL_UART_TxCpltCallback                0x08001388   Section        0  stm32f1xx_hal_uart.o(i.HAL_UART_TxCpltCallback)
    i.HardFault_Handler                      0x0800138a   Section        0  stm32f1xx_it.o(i.HardFault_Handler)
    i.Init_My9291                            0x0800138c   Section        0  hal_rgb_my9291.o(i.Init_My9291)
    i.MX_GPIO_Init                           0x080013b4   Section        0  gpio.o(i.MX_GPIO_Init)
    i.MX_TIM2_Init                           0x0800145c   Section        0  tim.o(i.MX_TIM2_Init)
    i.MX_USART1_UART_Init                    0x080014c0   Section        0  usart.o(i.MX_USART1_UART_Init)
    i.MX_USART2_UART_Init                    0x080014f8   Section        0  usart.o(i.MX_USART2_UART_Init)
    i.MemManage_Handler                      0x08001530   Section        0  stm32f1xx_it.o(i.MemManage_Handler)
    i.My9291_Send_Duty                       0x08001534   Section        0  hal_rgb_my9291.o(i.My9291_Send_Duty)
    i.NMI_Handler                            0x08001620   Section        0  stm32f1xx_it.o(i.NMI_Handler)
    i.PendSV_Handler                         0x08001622   Section        0  stm32f1xx_it.o(i.PendSV_Handler)
    i.SVC_Handler                            0x08001624   Section        0  stm32f1xx_it.o(i.SVC_Handler)
    i.SysTick_Handler                        0x08001626   Section        0  stm32f1xx_it.o(i.SysTick_Handler)
    i.SystemClock_Config                     0x0800162a   Section        0  main.o(i.SystemClock_Config)
    i.SystemInit                             0x08001678   Section        0  system_stm32f1xx.o(i.SystemInit)
    i.TIM2_IRQHandler                        0x080016c0   Section        0  stm32f1xx_it.o(i.TIM2_IRQHandler)
    i.TIM_Base_SetConfig                     0x080016cc   Section        0  stm32f1xx_hal_tim.o(i.TIM_Base_SetConfig)
    i.TIM_ETR_SetConfig                      0x08001758   Section        0  stm32f1xx_hal_tim.o(i.TIM_ETR_SetConfig)
    i.TIM_ITRx_SetConfig                     0x0800176c   Section        0  stm32f1xx_hal_tim.o(i.TIM_ITRx_SetConfig)
    TIM_ITRx_SetConfig                       0x0800176d   Thumb Code    16  stm32f1xx_hal_tim.o(i.TIM_ITRx_SetConfig)
    i.TIM_TI1_ConfigInputStage               0x0800177c   Section        0  stm32f1xx_hal_tim.o(i.TIM_TI1_ConfigInputStage)
    TIM_TI1_ConfigInputStage                 0x0800177d   Thumb Code    34  stm32f1xx_hal_tim.o(i.TIM_TI1_ConfigInputStage)
    i.TIM_TI2_ConfigInputStage               0x0800179e   Section        0  stm32f1xx_hal_tim.o(i.TIM_TI2_ConfigInputStage)
    TIM_TI2_ConfigInputStage                 0x0800179f   Thumb Code    36  stm32f1xx_hal_tim.o(i.TIM_TI2_ConfigInputStage)
    i.UART_DMAAbortOnError                   0x080017c2   Section        0  stm32f1xx_hal_uart.o(i.UART_DMAAbortOnError)
    UART_DMAAbortOnError                     0x080017c3   Thumb Code    16  stm32f1xx_hal_uart.o(i.UART_DMAAbortOnError)
    i.UART_EndRxTransfer                     0x080017d2   Section        0  stm32f1xx_hal_uart.o(i.UART_EndRxTransfer)
    UART_EndRxTransfer                       0x080017d3   Thumb Code    28  stm32f1xx_hal_uart.o(i.UART_EndRxTransfer)
    i.UART_Receive_IT                        0x080017ee   Section        0  stm32f1xx_hal_uart.o(i.UART_Receive_IT)
    UART_Receive_IT                          0x080017ef   Thumb Code   150  stm32f1xx_hal_uart.o(i.UART_Receive_IT)
    i.UART_SetConfig                         0x08001884   Section        0  stm32f1xx_hal_uart.o(i.UART_SetConfig)
    UART_SetConfig                           0x08001885   Thumb Code   178  stm32f1xx_hal_uart.o(i.UART_SetConfig)
    i.UART_Transmit_IT                       0x0800193c   Section        0  stm32f1xx_hal_uart.o(i.UART_Transmit_IT)
    UART_Transmit_IT                         0x0800193d   Thumb Code    98  stm32f1xx_hal_uart.o(i.UART_Transmit_IT)
    i.UART_WaitOnFlagUntilTimeout            0x0800199e   Section        0  stm32f1xx_hal_uart.o(i.UART_WaitOnFlagUntilTimeout)
    UART_WaitOnFlagUntilTimeout              0x0800199f   Thumb Code   100  stm32f1xx_hal_uart.o(i.UART_WaitOnFlagUntilTimeout)
    i.USART2_IRQHandler                      0x08001a04   Section        0  stm32f1xx_it.o(i.USART2_IRQHandler)
    i.UsageFault_Handler                     0x08001a10   Section        0  stm32f1xx_it.o(i.UsageFault_Handler)
    i.__0printf$8                            0x08001a14   Section        0  printf8.o(i.__0printf$8)
    i.__NVIC_SetPriority                     0x08001a34   Section        0  stm32f1xx_hal_cortex.o(i.__NVIC_SetPriority)
    __NVIC_SetPriority                       0x08001a35   Thumb Code    32  stm32f1xx_hal_cortex.o(i.__NVIC_SetPriority)
    i.__scatterload_copy                     0x08001a54   Section       14  handlers.o(i.__scatterload_copy)
    i.__scatterload_null                     0x08001a62   Section        2  handlers.o(i.__scatterload_null)
    i.__scatterload_zeroinit                 0x08001a64   Section       14  handlers.o(i.__scatterload_zeroinit)
    i._printf_core                           0x08001a74   Section        0  printf8.o(i._printf_core)
    _printf_core                             0x08001a75   Thumb Code   996  printf8.o(i._printf_core)
    i._printf_post_padding                   0x08001e84   Section        0  printf8.o(i._printf_post_padding)
    _printf_post_padding                     0x08001e85   Thumb Code    36  printf8.o(i._printf_post_padding)
    i._printf_pre_padding                    0x08001ea8   Section        0  printf8.o(i._printf_pre_padding)
    _printf_pre_padding                      0x08001ea9   Thumb Code    46  printf8.o(i._printf_pre_padding)
    i.exchangeBytes                          0x08001ed6   Section        0  common.o(i.exchangeBytes)
    i.exchangeWord                           0x08001ee6   Section        0  common.o(i.exchangeWord)
    i.fputc                                  0x08001eec   Section        0  gizwits_product.o(i.fputc)
    i.getKey                                 0x08001f04   Section        0  hal_key.o(i.getKey)
    i.gizCheckReport                         0x08001f5c   Section        0  gizwits_protocol.o(i.gizCheckReport)
    gizCheckReport                           0x08001f5d   Thumb Code    94  gizwits_protocol.o(i.gizCheckReport)
    i.gizDataPoint2Event                     0x08002018   Section        0  gizwits_protocol.o(i.gizDataPoint2Event)
    gizDataPoint2Event                       0x08002019   Thumb Code   154  gizwits_protocol.o(i.gizDataPoint2Event)
    i.gizDataPoints2ReportData               0x080020e0   Section        0  gizwits_protocol.o(i.gizDataPoints2ReportData)
    gizDataPoints2ReportData                 0x080020e1   Thumb Code    80  gizwits_protocol.o(i.gizDataPoints2ReportData)
    i.gizDevReportPolicy                     0x08002160   Section        0  gizwits_protocol.o(i.gizDevReportPolicy)
    gizDevReportPolicy                       0x08002161   Thumb Code   136  gizwits_protocol.o(i.gizDevReportPolicy)
    i.gizGetTimerCount                       0x08002224   Section        0  gizwits_product.o(i.gizGetTimerCount)
    i.gizProtocolAckHandle                   0x08002230   Section        0  gizwits_protocol.o(i.gizProtocolAckHandle)
    gizProtocolAckHandle                     0x08002231   Thumb Code    80  gizwits_protocol.o(i.gizProtocolAckHandle)
    i.gizProtocolCommonAck                   0x080022ac   Section        0  gizwits_protocol.o(i.gizProtocolCommonAck)
    gizProtocolCommonAck                     0x080022ad   Thumb Code    80  gizwits_protocol.o(i.gizProtocolCommonAck)
    i.gizProtocolErrorCmd                    0x08002344   Section        0  gizwits_protocol.o(i.gizProtocolErrorCmd)
    gizProtocolErrorCmd                      0x08002345   Thumb Code    88  gizwits_protocol.o(i.gizProtocolErrorCmd)
    i.gizProtocolGetDeviceInfo               0x080023e4   Section        0  gizwits_protocol.o(i.gizProtocolGetDeviceInfo)
    gizProtocolGetDeviceInfo                 0x080023e5   Thumb Code   180  gizwits_protocol.o(i.gizProtocolGetDeviceInfo)
    i.gizProtocolGetOnePacket                0x0800255c   Section        0  gizwits_protocol.o(i.gizProtocolGetOnePacket)
    gizProtocolGetOnePacket                  0x0800255d   Thumb Code   298  gizwits_protocol.o(i.gizProtocolGetOnePacket)
    i.gizProtocolHeadInit                    0x080026bc   Section        0  gizwits_protocol.o(i.gizProtocolHeadInit)
    gizProtocolHeadInit                      0x080026bd   Thumb Code    32  gizwits_protocol.o(i.gizProtocolHeadInit)
    i.gizProtocolIssuedDataAck               0x08002708   Section        0  gizwits_protocol.o(i.gizProtocolIssuedDataAck)
    gizProtocolIssuedDataAck                 0x08002709   Thumb Code   198  gizwits_protocol.o(i.gizProtocolIssuedDataAck)
    i.gizProtocolIssuedProcess               0x08002828   Section        0  gizwits_protocol.o(i.gizProtocolIssuedProcess)
    gizProtocolIssuedProcess                 0x08002829   Thumb Code   198  gizwits_protocol.o(i.gizProtocolIssuedProcess)
    i.gizProtocolModuleStatus                0x08002924   Section        0  gizwits_protocol.o(i.gizProtocolModuleStatus)
    gizProtocolModuleStatus                  0x08002925   Thumb Code   574  gizwits_protocol.o(i.gizProtocolModuleStatus)
    i.gizProtocolNTP                         0x08002d38   Section        0  gizwits_protocol.o(i.gizProtocolNTP)
    gizProtocolNTP                           0x08002d39   Thumb Code    88  gizwits_protocol.o(i.gizProtocolNTP)
    i.gizProtocolResendData                  0x08002da8   Section        0  gizwits_protocol.o(i.gizProtocolResendData)
    gizProtocolResendData                    0x08002da9   Thumb Code    54  gizwits_protocol.o(i.gizProtocolResendData)
    i.gizProtocolSum                         0x08002e1c   Section        0  common.o(i.gizProtocolSum)
    i.gizProtocolWaitAck                     0x08002e40   Section        0  gizwits_protocol.o(i.gizProtocolWaitAck)
    gizProtocolWaitAck                       0x08002e41   Thumb Code    66  gizwits_protocol.o(i.gizProtocolWaitAck)
    i.gizProtocolWaitAckCheck                0x08002ea0   Section        0  gizwits_protocol.o(i.gizProtocolWaitAckCheck)
    gizProtocolWaitAckCheck                  0x08002ea1   Thumb Code    42  gizwits_protocol.o(i.gizProtocolWaitAckCheck)
    i.gizPutData                             0x08002ee8   Section        0  gizwits_protocol.o(i.gizPutData)
    i.gizReportData                          0x08002f50   Section        0  gizwits_protocol.o(i.gizReportData)
    gizReportData                            0x08002f51   Thumb Code   126  gizwits_protocol.o(i.gizReportData)
    i.gizTimerMs                             0x08003018   Section        0  gizwits_product.o(i.gizTimerMs)
    i.gizX2Y                                 0x08003028   Section        0  datapointtools.o(i.gizX2Y)
    i.gizY2X                                 0x0800302e   Section        0  datapointtools.o(i.gizY2X)
    i.gizwitsEventProcess                    0x08003038   Section        0  gizwits_product.o(i.gizwitsEventProcess)
    i.gizwitsHandle                          0x080031c0   Section        0  gizwits_protocol.o(i.gizwitsHandle)
    i.gizwitsInit                            0x08003504   Section        0  gizwits_protocol.o(i.gizwitsInit)
    i.gizwitsSetMode                         0x08003564   Section        0  gizwits_protocol.o(i.gizwitsSetMode)
    i.key1LongPress                          0x0800367c   Section        0  main.o(i.key1LongPress)
    i.key1ShortPress                         0x080036b0   Section        0  main.o(i.key1ShortPress)
    i.key2LongPress                          0x080036e4   Section        0  main.o(i.key2LongPress)
    i.key2ShortPress                         0x08003718   Section        0  main.o(i.key2ShortPress)
    i.keyHandle                              0x08003748   Section        0  hal_key.o(i.keyHandle)
    i.keyInit                                0x080037c8   Section        0  main.o(i.keyInit)
    i.keyInitOne                             0x08003844   Section        0  hal_key.o(i.keyInitOne)
    i.keyParaInit                            0x08003884   Section        0  hal_key.o(i.keyParaInit)
    i.main                                   0x0800389c   Section        0  main.o(i.main)
    i.mcuRestart                             0x080038fc   Section        0  gizwits_product.o(i.mcuRestart)
    i.my9291_dcki_pulse                      0x08003908   Section        0  hal_rgb_my9291.o(i.my9291_dcki_pulse)
    i.my9291_di_pulse                        0x0800393c   Section        0  hal_rgb_my9291.o(i.my9291_di_pulse)
    i.my9291_send_command                    0x08003970   Section        0  hal_rgb_my9291.o(i.my9291_send_command)
    i.rbCanRead                              0x08003a14   Section        0  ringbuffer.o(i.rbCanRead)
    i.rbCanWrite                             0x08003a46   Section        0  ringbuffer.o(i.rbCanWrite)
    i.rbCapacity                             0x08003a62   Section        0  ringbuffer.o(i.rbCapacity)
    i.rbCreate                               0x08003a6e   Section        0  ringbuffer.o(i.rbCreate)
    i.rbRead                                 0x08003a80   Section        0  ringbuffer.o(i.rbRead)
    i.rbWrite                                0x08003afe   Section        0  ringbuffer.o(i.rbWrite)
    i.readKeyValue                           0x08003b8c   Section        0  hal_key.o(i.readKeyValue)
    i.timerInit                              0x08003c14   Section        0  gizwits_product.o(i.timerInit)
    i.uartInit                               0x08003c20   Section        0  gizwits_product.o(i.uartInit)
    i.uartWrite                              0x08003c34   Section        0  gizwits_product.o(i.uartWrite)
    i.userHandle                             0x08003cec   Section        0  gizwits_product.o(i.userHandle)
    i.userInit                               0x08003cf0   Section        0  gizwits_product.o(i.userInit)
    .constdata                               0x08003d00   Section        1  hal_rgb_my9291.o(.constdata)
    .constdata                               0x08003d01   Section       16  system_stm32f1xx.o(.constdata)
    .constdata                               0x08003d11   Section        8  system_stm32f1xx.o(.constdata)
    .data                                    0x20000000   Section        8  gizwits_product.o(.data)
    timerMsCount                             0x20000004   Data           4  gizwits_product.o(.data)
    .data                                    0x20000008   Section       16  gizwits_protocol.o(.data)
    protocolFlag                             0x20000008   Data           1  gizwits_protocol.o(.data)
    lastData                                 0x20000009   Data           1  gizwits_protocol.o(.data)
    debugCount                               0x2000000a   Data           1  gizwits_protocol.o(.data)
    protocolCount                            0x2000000c   Data           2  gizwits_protocol.o(.data)
    lastStatus                               0x2000000e   Data           2  gizwits_protocol.o(.data)
    lastReportTime                           0x20000010   Data           4  gizwits_protocol.o(.data)
    lastRepTime                              0x20000014   Data           4  gizwits_protocol.o(.data)
    .data                                    0x20000018   Section       10  hal_key.o(.data)
    keyTotolNum                              0x20000018   Data           1  hal_key.o(.data)
    keyCheck                                 0x20000019   Data           1  hal_key.o(.data)
    keyState                                 0x2000001a   Data           1  hal_key.o(.data)
    key_total                                0x2000001b   Data           1  hal_key.o(.data)
    keyLongCheck                             0x2000001e   Data           2  hal_key.o(.data)
    keyPrev                                  0x20000020   Data           2  hal_key.o(.data)
    .data                                    0x20000024   Section        8  hal_rgb_my9291.o(.data)
    count                                    0x20000028   Data           4  hal_rgb_my9291.o(.data)
    .data                                    0x2000002c   Section        4  delay.o(.data)
    fac_us                                   0x2000002c   Data           1  delay.o(.data)
    fac_ms                                   0x2000002e   Data           2  delay.o(.data)
    .data                                    0x20000030   Section        5  main.o(.data)
    .data                                    0x20000038   Section        4  system_stm32f1xx.o(.data)
    .data                                    0x2000003c   Section       12  stm32f1xx_hal.o(.data)
    .data                                    0x20000048   Section        4  stdout.o(.data)
    .bss                                     0x2000004c   Section       12  gizwits_product.o(.bss)
    .bss                                     0x20000058   Section      364  gizwits_protocol.o(.bss)
    rbBuf                                    0x2000018e   Data          54  gizwits_protocol.o(.bss)
    .bss                                     0x200001c4   Section       42  main.o(.bss)
    .bss                                     0x200001f0   Section       64  tim.o(.bss)
    .bss                                     0x20000230   Section      128  usart.o(.bss)
    STACK                                    0x200002b0   Section     8192  startup_stm32f103xe.o(STACK)

    Global Symbols

    Symbol Name                              Value     Ov Type        Size  Object(Section)

    BuildAttributes$$THM_ISAv4$P$D$K$B$S$PE$A:L22UL41UL21$X:L11$S22US41US21$IEEE1$IW$USESV6$~STKCKD$USESV7$~SHL$OTIME$ROPI$EBA8$MICROLIB$REQ8$PRES8$EABIv2 0x00000000   Number         0  anon$$obj.o ABSOLUTE
    __ARM_use_no_argv                        0x00000000   Number         0  main.o ABSOLUTE
    _printf_a                                0x00000000   Number         0  stubs.o ABSOLUTE
    _printf_c                                0x00000000   Number         0  stubs.o ABSOLUTE
    _printf_charcount                        0x00000000   Number         0  stubs.o ABSOLUTE
    _printf_d                                0x00000000   Number         0  stubs.o ABSOLUTE
    _printf_e                                0x00000000   Number         0  stubs.o ABSOLUTE
    _printf_f                                0x00000000   Number         0  stubs.o ABSOLUTE
    _printf_flags                            0x00000000   Number         0  stubs.o ABSOLUTE
    _printf_fp_dec                           0x00000000   Number         0  stubs.o ABSOLUTE
    _printf_fp_hex                           0x00000000   Number         0  stubs.o ABSOLUTE
    _printf_g                                0x00000000   Number         0  stubs.o ABSOLUTE
    _printf_i                                0x00000000   Number         0  stubs.o ABSOLUTE
    _printf_int_dec                          0x00000000   Number         0  stubs.o ABSOLUTE
    _printf_l                                0x00000000   Number         0  stubs.o ABSOLUTE
    _printf_lc                               0x00000000   Number         0  stubs.o ABSOLUTE
    _printf_ll                               0x00000000   Number         0  stubs.o ABSOLUTE
    _printf_lld                              0x00000000   Number         0  stubs.o ABSOLUTE
    _printf_lli                              0x00000000   Number         0  stubs.o ABSOLUTE
    _printf_llo                              0x00000000   Number         0  stubs.o ABSOLUTE
    _printf_llu                              0x00000000   Number         0  stubs.o ABSOLUTE
    _printf_llx                              0x00000000   Number         0  stubs.o ABSOLUTE
    _printf_longlong_dec                     0x00000000   Number         0  stubs.o ABSOLUTE
    _printf_longlong_hex                     0x00000000   Number         0  stubs.o ABSOLUTE
    _printf_longlong_oct                     0x00000000   Number         0  stubs.o ABSOLUTE
    _printf_ls                               0x00000000   Number         0  stubs.o ABSOLUTE
    _printf_mbtowc                           0x00000000   Number         0  stubs.o ABSOLUTE
    _printf_n                                0x00000000   Number         0  stubs.o ABSOLUTE
    _printf_o                                0x00000000   Number         0  stubs.o ABSOLUTE
    _printf_p                                0x00000000   Number         0  stubs.o ABSOLUTE
    _printf_percent                          0x00000000   Number         0  stubs.o ABSOLUTE
    _printf_pre_padding                      0x00000000   Number         0  stubs.o ABSOLUTE
    _printf_return_value                     0x00000000   Number         0  stubs.o ABSOLUTE
    _printf_s                                0x00000000   Number         0  stubs.o ABSOLUTE
    _printf_sizespec                         0x00000000   Number         0  stubs.o ABSOLUTE
    _printf_str                              0x00000000   Number         0  stubs.o ABSOLUTE
    _printf_truncate_signed                  0x00000000   Number         0  stubs.o ABSOLUTE
    _printf_truncate_unsigned                0x00000000   Number         0  stubs.o ABSOLUTE
    _printf_u                                0x00000000   Number         0  stubs.o ABSOLUTE
    _printf_wc                               0x00000000   Number         0  stubs.o ABSOLUTE
    _printf_wctomb                           0x00000000   Number         0  stubs.o ABSOLUTE
    _printf_widthprec                        0x00000000   Number         0  stubs.o ABSOLUTE
    _printf_x                                0x00000000   Number         0  stubs.o ABSOLUTE
    __cpp_initialize__aeabi_                  - Undefined Weak Reference
    __cxa_finalize                            - Undefined Weak Reference
    __decompress                              - Undefined Weak Reference
    _clock_init                               - Undefined Weak Reference
    _microlib_exit                            - Undefined Weak Reference
    __Vectors_Size                           0x00000130   Number         0  startup_stm32f103xe.o ABSOLUTE
    __Vectors                                0x08000000   Data           4  startup_stm32f103xe.o(RESET)
    __Vectors_End                            0x08000130   Data           0  startup_stm32f103xe.o(RESET)
    __main                                   0x08000131   Thumb Code     0  entry.o(.ARM.Collect$$$$00000000)
    _main_stk                                0x08000131   Thumb Code     0  entry2.o(.ARM.Collect$$$$00000001)
    _main_scatterload                        0x08000135   Thumb Code     0  entry5.o(.ARM.Collect$$$$00000004)
    __main_after_scatterload                 0x08000139   Thumb Code     0  entry5.o(.ARM.Collect$$$$00000004)
    _main_clock                              0x08000139   Thumb Code     0  entry7b.o(.ARM.Collect$$$$00000008)
    _main_cpp_init                           0x08000139   Thumb Code     0  entry8b.o(.ARM.Collect$$$$0000000A)
    _main_init                               0x08000139   Thumb Code     0  entry9a.o(.ARM.Collect$$$$0000000B)
    __rt_final_cpp                           0x08000141   Thumb Code     0  entry10a.o(.ARM.Collect$$$$0000000D)
    __rt_final_exit                          0x08000141   Thumb Code     0  entry11a.o(.ARM.Collect$$$$0000000F)
    Reset_Handler                            0x08000145   Thumb Code     8  startup_stm32f103xe.o(.text)
    ADC1_2_IRQHandler                        0x0800015f   Thumb Code     0  startup_stm32f103xe.o(.text)
    ADC3_IRQHandler                          0x0800015f   Thumb Code     0  startup_stm32f103xe.o(.text)
    CAN1_RX1_IRQHandler                      0x0800015f   Thumb Code     0  startup_stm32f103xe.o(.text)
    CAN1_SCE_IRQHandler                      0x0800015f   Thumb Code     0  startup_stm32f103xe.o(.text)
    DMA1_Channel1_IRQHandler                 0x0800015f   Thumb Code     0  startup_stm32f103xe.o(.text)
    DMA1_Channel2_IRQHandler                 0x0800015f   Thumb Code     0  startup_stm32f103xe.o(.text)
    DMA1_Channel3_IRQHandler                 0x0800015f   Thumb Code     0  startup_stm32f103xe.o(.text)
    DMA1_Channel4_IRQHandler                 0x0800015f   Thumb Code     0  startup_stm32f103xe.o(.text)
    DMA1_Channel5_IRQHandler                 0x0800015f   Thumb Code     0  startup_stm32f103xe.o(.text)
    DMA1_Channel6_IRQHandler                 0x0800015f   Thumb Code     0  startup_stm32f103xe.o(.text)
    DMA1_Channel7_IRQHandler                 0x0800015f   Thumb Code     0  startup_stm32f103xe.o(.text)
    DMA2_Channel1_IRQHandler                 0x0800015f   Thumb Code     0  startup_stm32f103xe.o(.text)
    DMA2_Channel2_IRQHandler                 0x0800015f   Thumb Code     0  startup_stm32f103xe.o(.text)
    DMA2_Channel3_IRQHandler                 0x0800015f   Thumb Code     0  startup_stm32f103xe.o(.text)
    DMA2_Channel4_5_IRQHandler               0x0800015f   Thumb Code     0  startup_stm32f103xe.o(.text)
    EXTI0_IRQHandler                         0x0800015f   Thumb Code     0  startup_stm32f103xe.o(.text)
    EXTI15_10_IRQHandler                     0x0800015f   Thumb Code     0  startup_stm32f103xe.o(.text)
    EXTI1_IRQHandler                         0x0800015f   Thumb Code     0  startup_stm32f103xe.o(.text)
    EXTI2_IRQHandler                         0x0800015f   Thumb Code     0  startup_stm32f103xe.o(.text)
    EXTI3_IRQHandler                         0x0800015f   Thumb Code     0  startup_stm32f103xe.o(.text)
    EXTI4_IRQHandler                         0x0800015f   Thumb Code     0  startup_stm32f103xe.o(.text)
    EXTI9_5_IRQHandler                       0x0800015f   Thumb Code     0  startup_stm32f103xe.o(.text)
    FLASH_IRQHandler                         0x0800015f   Thumb Code     0  startup_stm32f103xe.o(.text)
    FSMC_IRQHandler                          0x0800015f   Thumb Code     0  startup_stm32f103xe.o(.text)
    I2C1_ER_IRQHandler                       0x0800015f   Thumb Code     0  startup_stm32f103xe.o(.text)
    I2C1_EV_IRQHandler                       0x0800015f   Thumb Code     0  startup_stm32f103xe.o(.text)
    I2C2_ER_IRQHandler                       0x0800015f   Thumb Code     0  startup_stm32f103xe.o(.text)
    I2C2_EV_IRQHandler                       0x0800015f   Thumb Code     0  startup_stm32f103xe.o(.text)
    PVD_IRQHandler                           0x0800015f   Thumb Code     0  startup_stm32f103xe.o(.text)
    RCC_IRQHandler                           0x0800015f   Thumb Code     0  startup_stm32f103xe.o(.text)
    RTC_Alarm_IRQHandler                     0x0800015f   Thumb Code     0  startup_stm32f103xe.o(.text)
    RTC_IRQHandler                           0x0800015f   Thumb Code     0  startup_stm32f103xe.o(.text)
    SDIO_IRQHandler                          0x0800015f   Thumb Code     0  startup_stm32f103xe.o(.text)
    SPI1_IRQHandler                          0x0800015f   Thumb Code     0  startup_stm32f103xe.o(.text)
    SPI2_IRQHandler                          0x0800015f   Thumb Code     0  startup_stm32f103xe.o(.text)
    SPI3_IRQHandler                          0x0800015f   Thumb Code     0  startup_stm32f103xe.o(.text)
    TAMPER_IRQHandler                        0x0800015f   Thumb Code     0  startup_stm32f103xe.o(.text)
    TIM1_BRK_IRQHandler                      0x0800015f   Thumb Code     0  startup_stm32f103xe.o(.text)
    TIM1_CC_IRQHandler                       0x0800015f   Thumb Code     0  startup_stm32f103xe.o(.text)
    TIM1_TRG_COM_IRQHandler                  0x0800015f   Thumb Code     0  startup_stm32f103xe.o(.text)
    TIM1_UP_IRQHandler                       0x0800015f   Thumb Code     0  startup_stm32f103xe.o(.text)
    TIM3_IRQHandler                          0x0800015f   Thumb Code     0  startup_stm32f103xe.o(.text)
    TIM4_IRQHandler                          0x0800015f   Thumb Code     0  startup_stm32f103xe.o(.text)
    TIM5_IRQHandler                          0x0800015f   Thumb Code     0  startup_stm32f103xe.o(.text)
    TIM6_IRQHandler                          0x0800015f   Thumb Code     0  startup_stm32f103xe.o(.text)
    TIM7_IRQHandler                          0x0800015f   Thumb Code     0  startup_stm32f103xe.o(.text)
    TIM8_BRK_IRQHandler                      0x0800015f   Thumb Code     0  startup_stm32f103xe.o(.text)
    TIM8_CC_IRQHandler                       0x0800015f   Thumb Code     0  startup_stm32f103xe.o(.text)
    TIM8_TRG_COM_IRQHandler                  0x0800015f   Thumb Code     0  startup_stm32f103xe.o(.text)
    TIM8_UP_IRQHandler                       0x0800015f   Thumb Code     0  startup_stm32f103xe.o(.text)
    UART4_IRQHandler                         0x0800015f   Thumb Code     0  startup_stm32f103xe.o(.text)
    UART5_IRQHandler                         0x0800015f   Thumb Code     0  startup_stm32f103xe.o(.text)
    USART1_IRQHandler                        0x0800015f   Thumb Code     0  startup_stm32f103xe.o(.text)
    USART3_IRQHandler                        0x0800015f   Thumb Code     0  startup_stm32f103xe.o(.text)
    USBWakeUp_IRQHandler                     0x0800015f   Thumb Code     0  startup_stm32f103xe.o(.text)
    USB_HP_CAN1_TX_IRQHandler                0x0800015f   Thumb Code     0  startup_stm32f103xe.o(.text)
    USB_LP_CAN1_RX0_IRQHandler               0x0800015f   Thumb Code     0  startup_stm32f103xe.o(.text)
    WWDG_IRQHandler                          0x0800015f   Thumb Code     0  startup_stm32f103xe.o(.text)
    __aeabi_llsr                             0x08000169   Thumb Code    32  llushr.o(.text)
    _ll_ushift_r                             0x08000169   Thumb Code     0  llushr.o(.text)
    __aeabi_memcpy                           0x08000189   Thumb Code    36  memcpya.o(.text)
    __aeabi_memcpy4                          0x08000189   Thumb Code     0  memcpya.o(.text)
    __aeabi_memcpy8                          0x08000189   Thumb Code     0  memcpya.o(.text)
    __aeabi_memset                           0x080001ad   Thumb Code    14  memseta.o(.text)
    __aeabi_memset4                          0x080001ad   Thumb Code     0  memseta.o(.text)
    __aeabi_memset8                          0x080001ad   Thumb Code     0  memseta.o(.text)
    __aeabi_memclr                           0x080001bb   Thumb Code     4  memseta.o(.text)
    __aeabi_memclr4                          0x080001bb   Thumb Code     0  memseta.o(.text)
    __aeabi_memclr8                          0x080001bb   Thumb Code     0  memseta.o(.text)
    _memset$wrapper                          0x080001bf   Thumb Code    18  memseta.o(.text)
    __aeabi_uldivmod                         0x080001d1   Thumb Code    98  uldiv.o(.text)
    __scatterload                            0x08000235   Thumb Code    28  init.o(.text)
    __scatterload_rt2                        0x08000235   Thumb Code     0  init.o(.text)
    __aeabi_llsl                             0x08000259   Thumb Code    30  llshl.o(.text)
    _ll_shift_l                              0x08000259   Thumb Code     0  llshl.o(.text)
    BusFault_Handler                         0x08000277   Thumb Code     2  stm32f1xx_it.o(i.BusFault_Handler)
    DebugMon_Handler                         0x08000279   Thumb Code     2  stm32f1xx_it.o(i.DebugMon_Handler)
    Delay_Init                               0x0800027d   Thumb Code    38  delay.o(i.Delay_Init)
    Delay_Us                                 0x080002a9   Thumb Code    36  delay.o(i.Delay_Us)
    Error_Handler                            0x080002d1   Thumb Code     2  main.o(i.Error_Handler)
    HAL_DMA_Abort_IT                         0x080002d5   Thumb Code   296  stm32f1xx_hal_dma.o(i.HAL_DMA_Abort_IT)
    HAL_GPIO_Init                            0x08000405   Thumb Code   462  stm32f1xx_hal_gpio.o(i.HAL_GPIO_Init)
    HAL_GPIO_ReadPin                         0x080005fd   Thumb Code    10  stm32f1xx_hal_gpio.o(i.HAL_GPIO_ReadPin)
    HAL_GPIO_WritePin                        0x08000607   Thumb Code    10  stm32f1xx_hal_gpio.o(i.HAL_GPIO_WritePin)
    HAL_GetTick                              0x08000611   Thumb Code     6  stm32f1xx_hal.o(i.HAL_GetTick)
    HAL_IncTick                              0x0800061d   Thumb Code    12  stm32f1xx_hal.o(i.HAL_IncTick)
    HAL_Init                                 0x0800062d   Thumb Code    32  stm32f1xx_hal.o(i.HAL_Init)
    HAL_InitTick                             0x08000651   Thumb Code    54  stm32f1xx_hal.o(i.HAL_InitTick)
    HAL_MspInit                              0x08000691   Thumb Code    52  stm32f1xx_hal_msp.o(i.HAL_MspInit)
    HAL_NVIC_EnableIRQ                       0x080006cd   Thumb Code    26  stm32f1xx_hal_cortex.o(i.HAL_NVIC_EnableIRQ)
    HAL_NVIC_SetPriority                     0x080006e9   Thumb Code    60  stm32f1xx_hal_cortex.o(i.HAL_NVIC_SetPriority)
    HAL_NVIC_SetPriorityGrouping             0x08000729   Thumb Code    26  stm32f1xx_hal_cortex.o(i.HAL_NVIC_SetPriorityGrouping)
    HAL_NVIC_SystemReset                     0x0800074d   Thumb Code    26  stm32f1xx_hal_cortex.o(i.HAL_NVIC_SystemReset)
    HAL_RCC_ClockConfig                      0x08000771   Thumb Code   280  stm32f1xx_hal_rcc.o(i.HAL_RCC_ClockConfig)
    HAL_RCC_GetPCLK1Freq                     0x0800089d   Thumb Code    20  stm32f1xx_hal_rcc.o(i.HAL_RCC_GetPCLK1Freq)
    HAL_RCC_GetPCLK2Freq                     0x080008bd   Thumb Code    20  stm32f1xx_hal_rcc.o(i.HAL_RCC_GetPCLK2Freq)
    HAL_RCC_GetSysClockFreq                  0x080008dd   Thumb Code    74  stm32f1xx_hal_rcc.o(i.HAL_RCC_GetSysClockFreq)
    HAL_RCC_OscConfig                        0x08000949   Thumb Code   778  stm32f1xx_hal_rcc.o(i.HAL_RCC_OscConfig)
    HAL_SYSTICK_Config                       0x08000c69   Thumb Code    40  stm32f1xx_hal_cortex.o(i.HAL_SYSTICK_Config)
    HAL_TIMEx_BreakCallback                  0x08000c91   Thumb Code     2  stm32f1xx_hal_tim_ex.o(i.HAL_TIMEx_BreakCallback)
    HAL_TIMEx_CommutCallback                 0x08000c93   Thumb Code     2  stm32f1xx_hal_tim_ex.o(i.HAL_TIMEx_CommutCallback)
    HAL_TIMEx_MasterConfigSynchronization    0x08000c95   Thumb Code    66  stm32f1xx_hal_tim_ex.o(i.HAL_TIMEx_MasterConfigSynchronization)
    HAL_TIM_Base_Init                        0x08000cd7   Thumb Code    54  stm32f1xx_hal_tim.o(i.HAL_TIM_Base_Init)
    HAL_TIM_Base_MspInit                     0x08000d0d   Thumb Code    50  tim.o(i.HAL_TIM_Base_MspInit)
    HAL_TIM_Base_Start_IT                    0x08000d45   Thumb Code    34  stm32f1xx_hal_tim.o(i.HAL_TIM_Base_Start_IT)
    HAL_TIM_ConfigClockSource                0x08000d67   Thumb Code   214  stm32f1xx_hal_tim.o(i.HAL_TIM_ConfigClockSource)
    HAL_TIM_IC_CaptureCallback               0x08000e3d   Thumb Code     2  stm32f1xx_hal_tim.o(i.HAL_TIM_IC_CaptureCallback)
    HAL_TIM_IRQHandler                       0x08000e3f   Thumb Code   358  stm32f1xx_hal_tim.o(i.HAL_TIM_IRQHandler)
    HAL_TIM_OC_DelayElapsedCallback          0x08000fa5   Thumb Code     2  stm32f1xx_hal_tim.o(i.HAL_TIM_OC_DelayElapsedCallback)
    HAL_TIM_PWM_PulseFinishedCallback        0x08000fa7   Thumb Code     2  stm32f1xx_hal_tim.o(i.HAL_TIM_PWM_PulseFinishedCallback)
    HAL_TIM_PeriodElapsedCallback            0x08000fa9   Thumb Code    24  gizwits_product.o(i.HAL_TIM_PeriodElapsedCallback)
    HAL_TIM_TriggerCallback                  0x08000fc9   Thumb Code     2  stm32f1xx_hal_tim.o(i.HAL_TIM_TriggerCallback)
    HAL_UART_ErrorCallback                   0x08000fcb   Thumb Code     2  stm32f1xx_hal_uart.o(i.HAL_UART_ErrorCallback)
    HAL_UART_IRQHandler                      0x08000fcd   Thumb Code   266  stm32f1xx_hal_uart.o(i.HAL_UART_IRQHandler)
    HAL_UART_Init                            0x080010dd   Thumb Code    98  stm32f1xx_hal_uart.o(i.HAL_UART_Init)
    HAL_UART_MspInit                         0x08001141   Thumb Code   186  usart.o(i.HAL_UART_MspInit)
    HAL_UART_Receive_IT                      0x0800120d   Thumb Code    82  stm32f1xx_hal_uart.o(i.HAL_UART_Receive_IT)
    HAL_UART_RxCpltCallback                  0x08001261   Thumb Code    34  gizwits_product.o(i.HAL_UART_RxCpltCallback)
    HAL_UART_Transmit                        0x08001291   Thumb Code   186  stm32f1xx_hal_uart.o(i.HAL_UART_Transmit)
    HAL_UART_Transmit_IT                     0x0800134b   Thumb Code    62  stm32f1xx_hal_uart.o(i.HAL_UART_Transmit_IT)
    HAL_UART_TxCpltCallback                  0x08001389   Thumb Code     2  stm32f1xx_hal_uart.o(i.HAL_UART_TxCpltCallback)
    HardFault_Handler                        0x0800138b   Thumb Code     2  stm32f1xx_it.o(i.HardFault_Handler)
    Init_My9291                              0x0800138d   Thumb Code    34  hal_rgb_my9291.o(i.Init_My9291)
    MX_GPIO_Init                             0x080013b5   Thumb Code   150  gpio.o(i.MX_GPIO_Init)
    MX_TIM2_Init                             0x0800145d   Thumb Code    96  tim.o(i.MX_TIM2_Init)
    MX_USART1_UART_Init                      0x080014c1   Thumb Code    48  usart.o(i.MX_USART1_UART_Init)
    MX_USART2_UART_Init                      0x080014f9   Thumb Code    48  usart.o(i.MX_USART2_UART_Init)
    MemManage_Handler                        0x08001531   Thumb Code     2  stm32f1xx_it.o(i.MemManage_Handler)
    My9291_Send_Duty                         0x08001535   Thumb Code   228  hal_rgb_my9291.o(i.My9291_Send_Duty)
    NMI_Handler                              0x08001621   Thumb Code     2  stm32f1xx_it.o(i.NMI_Handler)
    PendSV_Handler                           0x08001623   Thumb Code     2  stm32f1xx_it.o(i.PendSV_Handler)
    SVC_Handler                              0x08001625   Thumb Code     2  stm32f1xx_it.o(i.SVC_Handler)
    SysTick_Handler                          0x08001627   Thumb Code     4  stm32f1xx_it.o(i.SysTick_Handler)
    SystemClock_Config                       0x0800162b   Thumb Code    78  main.o(i.SystemClock_Config)
    SystemInit                               0x08001679   Thumb Code    56  system_stm32f1xx.o(i.SystemInit)
    TIM2_IRQHandler                          0x080016c1   Thumb Code     6  stm32f1xx_it.o(i.TIM2_IRQHandler)
    TIM_Base_SetConfig                       0x080016cd   Thumb Code   120  stm32f1xx_hal_tim.o(i.TIM_Base_SetConfig)
    TIM_ETR_SetConfig                        0x08001759   Thumb Code    20  stm32f1xx_hal_tim.o(i.TIM_ETR_SetConfig)
    USART2_IRQHandler                        0x08001a05   Thumb Code     6  stm32f1xx_it.o(i.USART2_IRQHandler)
    UsageFault_Handler                       0x08001a11   Thumb Code     2  stm32f1xx_it.o(i.UsageFault_Handler)
    __0printf$8                              0x08001a15   Thumb Code    22  printf8.o(i.__0printf$8)
    __1printf$8                              0x08001a15   Thumb Code     0  printf8.o(i.__0printf$8)
    __2printf                                0x08001a15   Thumb Code     0  printf8.o(i.__0printf$8)
    __scatterload_copy                       0x08001a55   Thumb Code    14  handlers.o(i.__scatterload_copy)
    __scatterload_null                       0x08001a63   Thumb Code     2  handlers.o(i.__scatterload_null)
    __scatterload_zeroinit                   0x08001a65   Thumb Code    14  handlers.o(i.__scatterload_zeroinit)
    exchangeBytes                            0x08001ed7   Thumb Code    16  common.o(i.exchangeBytes)
    exchangeWord                             0x08001ee7   Thumb Code     4  common.o(i.exchangeWord)
    fputc                                    0x08001eed   Thumb Code    20  gizwits_product.o(i.fputc)
    getKey                                   0x08001f05   Thumb Code    84  hal_key.o(i.getKey)
    gizGetTimerCount                         0x08002225   Thumb Code     6  gizwits_product.o(i.gizGetTimerCount)
    gizProtocolSum                           0x08002e1d   Thumb Code    36  common.o(i.gizProtocolSum)
    gizPutData                               0x08002ee9   Thumb Code    40  gizwits_protocol.o(i.gizPutData)
    gizTimerMs                               0x08003019   Thumb Code    10  gizwits_product.o(i.gizTimerMs)
    gizX2Y                                   0x08003029   Thumb Code     6  datapointtools.o(i.gizX2Y)
    gizY2X                                   0x0800302f   Thumb Code     8  datapointtools.o(i.gizY2X)
    gizwitsEventProcess                      0x08003039   Thumb Code   206  gizwits_product.o(i.gizwitsEventProcess)
    gizwitsHandle                            0x080031c1   Thumb Code   560  gizwits_protocol.o(i.gizwitsHandle)
    gizwitsInit                              0x08003505   Thumb Code    46  gizwits_protocol.o(i.gizwitsInit)
    gizwitsSetMode                           0x08003565   Thumb Code   222  gizwits_protocol.o(i.gizwitsSetMode)
    key1LongPress                            0x0800367d   Thumb Code    18  main.o(i.key1LongPress)
    key1ShortPress                           0x080036b1   Thumb Code    18  main.o(i.key1ShortPress)
    key2LongPress                            0x080036e5   Thumb Code    18  main.o(i.key2LongPress)
    key2ShortPress                           0x08003719   Thumb Code    18  main.o(i.key2ShortPress)
    keyHandle                                0x08003749   Thumb Code   126  hal_key.o(i.keyHandle)
    keyInit                                  0x080037c9   Thumb Code    90  main.o(i.keyInit)
    keyInitOne                               0x08003845   Thumb Code    58  hal_key.o(i.keyInitOne)
    keyParaInit                              0x08003885   Thumb Code    20  hal_key.o(i.keyParaInit)
    main                                     0x0800389d   Thumb Code    72  main.o(i.main)
    mcuRestart                               0x080038fd   Thumb Code    10  gizwits_product.o(i.mcuRestart)
    my9291_dcki_pulse                        0x08003909   Thumb Code    48  hal_rgb_my9291.o(i.my9291_dcki_pulse)
    my9291_di_pulse                          0x0800393d   Thumb Code    48  hal_rgb_my9291.o(i.my9291_di_pulse)
    my9291_send_command                      0x08003971   Thumb Code   154  hal_rgb_my9291.o(i.my9291_send_command)
    rbCanRead                                0x08003a15   Thumb Code    50  ringbuffer.o(i.rbCanRead)
    rbCanWrite                               0x08003a47   Thumb Code    28  ringbuffer.o(i.rbCanWrite)
    rbCapacity                               0x08003a63   Thumb Code    12  ringbuffer.o(i.rbCapacity)
    rbCreate                                 0x08003a6f   Thumb Code    18  ringbuffer.o(i.rbCreate)
    rbRead                                   0x08003a81   Thumb Code   126  ringbuffer.o(i.rbRead)
    rbWrite                                  0x08003aff   Thumb Code   142  ringbuffer.o(i.rbWrite)
    readKeyValue                             0x08003b8d   Thumb Code   130  hal_key.o(i.readKeyValue)
    timerInit                                0x08003c15   Thumb Code     6  gizwits_product.o(i.timerInit)
    uartInit                                 0x08003c21   Thumb Code    10  gizwits_product.o(i.uartInit)
    uartWrite                                0x08003c35   Thumb Code   140  gizwits_product.o(i.uartWrite)
    userHandle                               0x08003ced   Thumb Code     2  gizwits_product.o(i.userHandle)
    userInit                                 0x08003cf1   Thumb Code    12  gizwits_product.o(i.userInit)
    AHBPrescTable                            0x08003d01   Data          16  system_stm32f1xx.o(.constdata)
    APBPrescTable                            0x08003d11   Data           8  system_stm32f1xx.o(.constdata)
    Region$$Table$$Base                      0x08003d1c   Number         0  anon$$obj.o(Region$$Table)
    Region$$Table$$Limit                     0x08003d3c   Number         0  anon$$obj.o(Region$$Table)
    aRxBuffer                                0x20000000   Data           1  gizwits_product.o(.data)
    keyCountTime                             0x2000001c   Data           1  hal_key.o(.data)
    my9291_commands                          0x20000024   Data           1  hal_rgb_my9291.o(.data)
    keys                                     0x20000030   Data           5  main.o(.data)
    SystemCoreClock                          0x20000038   Data           4  system_stm32f1xx.o(.data)
    uwTickFreq                               0x2000003c   Data           1  stm32f1xx_hal.o(.data)
    uwTickPrio                               0x20000040   Data           4  stm32f1xx_hal.o(.data)
    uwTick                                   0x20000044   Data           4  stm32f1xx_hal.o(.data)
    __stdout                                 0x20000048   Data           4  stdout.o(.data)
    currentDataPoint                         0x2000004c   Data          12  gizwits_product.o(.bss)
    gizwitsProtocol                          0x20000058   Data         294  gizwits_protocol.o(.bss)
    pRb                                      0x2000017e   Data          16  gizwits_protocol.o(.bss)
    singleKey                                0x200001c4   Data          42  main.o(.bss)
    htim2                                    0x200001f0   Data          64  tim.o(.bss)
    huart1                                   0x20000230   Data          64  usart.o(.bss)
    huart2                                   0x20000270   Data          64  usart.o(.bss)
    __initial_sp                             0x200022b0   Data           0  startup_stm32f103xe.o(STACK)



==============================================================================

Memory Map of the image

  Image Entry point : 0x08000131

  Load Region LR_IROM1 (Base: 0x08000000, Size: 0x00003d88, Max: 0x00040000, ABSOLUTE)

    Execution Region ER_IROM1 (Exec base: 0x08000000, Load base: 0x08000000, Size: 0x00003d3c, Max: 0x00040000, ABSOLUTE)

    Exec Addr    Load Addr    Size         Type   Attr      Idx    E Section Name        Object

    0x08000000   0x08000000   0x00000130   Data   RO            3    RESET               startup_stm32f103xe.o
    0x08000130   0x08000130   0x00000000   Code   RO         3384  * .ARM.Collect$$$$00000000  mc_w.l(entry.o)
    0x08000130   0x08000130   0x00000004   Code   RO         3670    .ARM.Collect$$$$00000001  mc_w.l(entry2.o)
    0x08000134   0x08000134   0x00000004   Code   RO         3673    .ARM.Collect$$$$00000004  mc_w.l(entry5.o)
    0x08000138   0x08000138   0x00000000   Code   RO         3675    .ARM.Collect$$$$00000008  mc_w.l(entry7b.o)
    0x08000138   0x08000138   0x00000000   Code   RO         3677    .ARM.Collect$$$$0000000A  mc_w.l(entry8b.o)
    0x08000138   0x08000138   0x00000008   Code   RO         3678    .ARM.Collect$$$$0000000B  mc_w.l(entry9a.o)
    0x08000140   0x08000140   0x00000000   Code   RO         3680    .ARM.Collect$$$$0000000D  mc_w.l(entry10a.o)
    0x08000140   0x08000140   0x00000000   Code   RO         3682    .ARM.Collect$$$$0000000F  mc_w.l(entry11a.o)
    0x08000140   0x08000140   0x00000004   Code   RO         3671    .ARM.Collect$$$$00002712  mc_w.l(entry2.o)
    0x08000144   0x08000144   0x00000024   Code   RO            4    .text               startup_stm32f103xe.o
    0x08000168   0x08000168   0x00000020   Code   RO         3387    .text               mc_w.l(llushr.o)
    0x08000188   0x08000188   0x00000024   Code   RO         3391    .text               mc_w.l(memcpya.o)
    0x080001ac   0x080001ac   0x00000024   Code   RO         3393    .text               mc_w.l(memseta.o)
    0x080001d0   0x080001d0   0x00000062   Code   RO         3687    .text               mc_w.l(uldiv.o)
    0x08000232   0x08000232   0x00000002   PAD
    0x08000234   0x08000234   0x00000024   Code   RO         3702    .text               mc_w.l(init.o)
    0x08000258   0x08000258   0x0000001e   Code   RO         3704    .text               mc_w.l(llshl.o)
    0x08000276   0x08000276   0x00000002   Code   RO          972    i.BusFault_Handler  stm32f1xx_it.o
    0x08000278   0x08000278   0x00000002   Code   RO          973    i.DebugMon_Handler  stm32f1xx_it.o
    0x0800027a   0x0800027a   0x00000002   PAD
    0x0800027c   0x0800027c   0x0000002c   Code   RO          723    i.Delay_Init        delay.o
    0x080002a8   0x080002a8   0x00000028   Code   RO          725    i.Delay_Us          delay.o
    0x080002d0   0x080002d0   0x00000002   Code   RO          764    i.Error_Handler     main.o
    0x080002d2   0x080002d2   0x00000002   PAD
    0x080002d4   0x080002d4   0x00000130   Code   RO         2466    i.HAL_DMA_Abort_IT  stm32f1xx_hal_dma.o
    0x08000404   0x08000404   0x000001f8   Code   RO         2401    i.HAL_GPIO_Init     stm32f1xx_hal_gpio.o
    0x080005fc   0x080005fc   0x0000000a   Code   RO         2403    i.HAL_GPIO_ReadPin  stm32f1xx_hal_gpio.o
    0x08000606   0x08000606   0x0000000a   Code   RO         2405    i.HAL_GPIO_WritePin  stm32f1xx_hal_gpio.o
    0x08000610   0x08000610   0x0000000c   Code   RO         2097    i.HAL_GetTick       stm32f1xx_hal.o
    0x0800061c   0x0800061c   0x00000010   Code   RO         2103    i.HAL_IncTick       stm32f1xx_hal.o
    0x0800062c   0x0800062c   0x00000024   Code   RO         2104    i.HAL_Init          stm32f1xx_hal.o
    0x08000650   0x08000650   0x00000040   Code   RO         2105    i.HAL_InitTick      stm32f1xx_hal.o
    0x08000690   0x08000690   0x0000003c   Code   RO         1060    i.HAL_MspInit       stm32f1xx_hal_msp.o
    0x080006cc   0x080006cc   0x0000001a   Code   RO         2561    i.HAL_NVIC_EnableIRQ  stm32f1xx_hal_cortex.o
    0x080006e6   0x080006e6   0x00000002   PAD
    0x080006e8   0x080006e8   0x00000040   Code   RO         2567    i.HAL_NVIC_SetPriority  stm32f1xx_hal_cortex.o
    0x08000728   0x08000728   0x00000024   Code   RO         2568    i.HAL_NVIC_SetPriorityGrouping  stm32f1xx_hal_cortex.o
    0x0800074c   0x0800074c   0x00000024   Code   RO         2569    i.HAL_NVIC_SystemReset  stm32f1xx_hal_cortex.o
    0x08000770   0x08000770   0x0000012c   Code   RO         2261    i.HAL_RCC_ClockConfig  stm32f1xx_hal_rcc.o
    0x0800089c   0x0800089c   0x00000020   Code   RO         2268    i.HAL_RCC_GetPCLK1Freq  stm32f1xx_hal_rcc.o
    0x080008bc   0x080008bc   0x00000020   Code   RO         2269    i.HAL_RCC_GetPCLK2Freq  stm32f1xx_hal_rcc.o
    0x080008dc   0x080008dc   0x0000006c   Code   RO         2270    i.HAL_RCC_GetSysClockFreq  stm32f1xx_hal_rcc.o
    0x08000948   0x08000948   0x00000320   Code   RO         2273    i.HAL_RCC_OscConfig  stm32f1xx_hal_rcc.o
    0x08000c68   0x08000c68   0x00000028   Code   RO         2572    i.HAL_SYSTICK_Config  stm32f1xx_hal_cortex.o
    0x08000c90   0x08000c90   0x00000002   Code   RO         1835    i.HAL_TIMEx_BreakCallback  stm32f1xx_hal_tim_ex.o
    0x08000c92   0x08000c92   0x00000002   Code   RO         1836    i.HAL_TIMEx_CommutCallback  stm32f1xx_hal_tim_ex.o
    0x08000c94   0x08000c94   0x00000042   Code   RO         1853    i.HAL_TIMEx_MasterConfigSynchronization  stm32f1xx_hal_tim_ex.o
    0x08000cd6   0x08000cd6   0x00000036   Code   RO         1160    i.HAL_TIM_Base_Init  stm32f1xx_hal_tim.o
    0x08000d0c   0x08000d0c   0x00000038   Code   RO          883    i.HAL_TIM_Base_MspInit  tim.o
    0x08000d44   0x08000d44   0x00000022   Code   RO         1165    i.HAL_TIM_Base_Start_IT  stm32f1xx_hal_tim.o
    0x08000d66   0x08000d66   0x000000d6   Code   RO         1169    i.HAL_TIM_ConfigClockSource  stm32f1xx_hal_tim.o
    0x08000e3c   0x08000e3c   0x00000002   Code   RO         1189    i.HAL_TIM_IC_CaptureCallback  stm32f1xx_hal_tim.o
    0x08000e3e   0x08000e3e   0x00000166   Code   RO         1203    i.HAL_TIM_IRQHandler  stm32f1xx_hal_tim.o
    0x08000fa4   0x08000fa4   0x00000002   Code   RO         1206    i.HAL_TIM_OC_DelayElapsedCallback  stm32f1xx_hal_tim.o
    0x08000fa6   0x08000fa6   0x00000002   Code   RO         1233    i.HAL_TIM_PWM_PulseFinishedCallback  stm32f1xx_hal_tim.o
    0x08000fa8   0x08000fa8   0x00000020   Code   RO           13    i.HAL_TIM_PeriodElapsedCallback  gizwits_product.o
    0x08000fc8   0x08000fc8   0x00000002   Code   RO         1246    i.HAL_TIM_TriggerCallback  stm32f1xx_hal_tim.o
    0x08000fca   0x08000fca   0x00000002   Code   RO         3082    i.HAL_UART_ErrorCallback  stm32f1xx_hal_uart.o
    0x08000fcc   0x08000fcc   0x00000110   Code   RO         3085    i.HAL_UART_IRQHandler  stm32f1xx_hal_uart.o
    0x080010dc   0x080010dc   0x00000062   Code   RO         3086    i.HAL_UART_Init     stm32f1xx_hal_uart.o
    0x0800113e   0x0800113e   0x00000002   PAD
    0x08001140   0x08001140   0x000000cc   Code   RO          925    i.HAL_UART_MspInit  usart.o
    0x0800120c   0x0800120c   0x00000052   Code   RO         3091    i.HAL_UART_Receive_IT  stm32f1xx_hal_uart.o
    0x0800125e   0x0800125e   0x00000002   PAD
    0x08001260   0x08001260   0x00000030   Code   RO           14    i.HAL_UART_RxCpltCallback  gizwits_product.o
    0x08001290   0x08001290   0x000000ba   Code   RO         3094    i.HAL_UART_Transmit  stm32f1xx_hal_uart.o
    0x0800134a   0x0800134a   0x0000003e   Code   RO         3096    i.HAL_UART_Transmit_IT  stm32f1xx_hal_uart.o
    0x08001388   0x08001388   0x00000002   Code   RO         3097    i.HAL_UART_TxCpltCallback  stm32f1xx_hal_uart.o
    0x0800138a   0x0800138a   0x00000002   Code   RO          974    i.HardFault_Handler  stm32f1xx_it.o
    0x0800138c   0x0800138c   0x00000028   Code   RO          451    i.Init_My9291       hal_rgb_my9291.o
    0x080013b4   0x080013b4   0x000000a8   Code   RO          858    i.MX_GPIO_Init      gpio.o
    0x0800145c   0x0800145c   0x00000064   Code   RO          884    i.MX_TIM2_Init      tim.o
    0x080014c0   0x080014c0   0x00000038   Code   RO          926    i.MX_USART1_UART_Init  usart.o
    0x080014f8   0x080014f8   0x00000038   Code   RO          927    i.MX_USART2_UART_Init  usart.o
    0x08001530   0x08001530   0x00000002   Code   RO          975    i.MemManage_Handler  stm32f1xx_it.o
    0x08001532   0x08001532   0x00000002   PAD
    0x08001534   0x08001534   0x000000ec   Code   RO          452    i.My9291_Send_Duty  hal_rgb_my9291.o
    0x08001620   0x08001620   0x00000002   Code   RO          976    i.NMI_Handler       stm32f1xx_it.o
    0x08001622   0x08001622   0x00000002   Code   RO          977    i.PendSV_Handler    stm32f1xx_it.o
    0x08001624   0x08001624   0x00000002   Code   RO          978    i.SVC_Handler       stm32f1xx_it.o
    0x08001626   0x08001626   0x00000004   Code   RO          979    i.SysTick_Handler   stm32f1xx_it.o
    0x0800162a   0x0800162a   0x0000004e   Code   RO          765    i.SystemClock_Config  main.o
    0x08001678   0x08001678   0x00000048   Code   RO         1085    i.SystemInit        system_stm32f1xx.o
    0x080016c0   0x080016c0   0x0000000c   Code   RO          980    i.TIM2_IRQHandler   stm32f1xx_it.o
    0x080016cc   0x080016cc   0x0000008c   Code   RO         1248    i.TIM_Base_SetConfig  stm32f1xx_hal_tim.o
    0x08001758   0x08001758   0x00000014   Code   RO         1259    i.TIM_ETR_SetConfig  stm32f1xx_hal_tim.o
    0x0800176c   0x0800176c   0x00000010   Code   RO         1260    i.TIM_ITRx_SetConfig  stm32f1xx_hal_tim.o
    0x0800177c   0x0800177c   0x00000022   Code   RO         1266    i.TIM_TI1_ConfigInputStage  stm32f1xx_hal_tim.o
    0x0800179e   0x0800179e   0x00000024   Code   RO         1268    i.TIM_TI2_ConfigInputStage  stm32f1xx_hal_tim.o
    0x080017c2   0x080017c2   0x00000010   Code   RO         3099    i.UART_DMAAbortOnError  stm32f1xx_hal_uart.o
    0x080017d2   0x080017d2   0x0000001c   Code   RO         3109    i.UART_EndRxTransfer  stm32f1xx_hal_uart.o
    0x080017ee   0x080017ee   0x00000096   Code   RO         3111    i.UART_Receive_IT   stm32f1xx_hal_uart.o
    0x08001884   0x08001884   0x000000b8   Code   RO         3112    i.UART_SetConfig    stm32f1xx_hal_uart.o
    0x0800193c   0x0800193c   0x00000062   Code   RO         3113    i.UART_Transmit_IT  stm32f1xx_hal_uart.o
    0x0800199e   0x0800199e   0x00000064   Code   RO         3114    i.UART_WaitOnFlagUntilTimeout  stm32f1xx_hal_uart.o
    0x08001a02   0x08001a02   0x00000002   PAD
    0x08001a04   0x08001a04   0x0000000c   Code   RO          981    i.USART2_IRQHandler  stm32f1xx_it.o
    0x08001a10   0x08001a10   0x00000002   Code   RO          982    i.UsageFault_Handler  stm32f1xx_it.o
    0x08001a12   0x08001a12   0x00000002   PAD
    0x08001a14   0x08001a14   0x00000020   Code   RO         3606    i.__0printf$8       mc_w.l(printf8.o)
    0x08001a34   0x08001a34   0x00000020   Code   RO         2574    i.__NVIC_SetPriority  stm32f1xx_hal_cortex.o
    0x08001a54   0x08001a54   0x0000000e   Code   RO         3712    i.__scatterload_copy  mc_w.l(handlers.o)
    0x08001a62   0x08001a62   0x00000002   Code   RO         3713    i.__scatterload_null  mc_w.l(handlers.o)
    0x08001a64   0x08001a64   0x0000000e   Code   RO         3714    i.__scatterload_zeroinit  mc_w.l(handlers.o)
    0x08001a72   0x08001a72   0x00000002   PAD
    0x08001a74   0x08001a74   0x00000410   Code   RO         3613    i._printf_core      mc_w.l(printf8.o)
    0x08001e84   0x08001e84   0x00000024   Code   RO         3614    i._printf_post_padding  mc_w.l(printf8.o)
    0x08001ea8   0x08001ea8   0x0000002e   Code   RO         3615    i._printf_pre_padding  mc_w.l(printf8.o)
    0x08001ed6   0x08001ed6   0x00000010   Code   RO          510    i.exchangeBytes     common.o
    0x08001ee6   0x08001ee6   0x00000004   Code   RO          511    i.exchangeWord      common.o
    0x08001eea   0x08001eea   0x00000002   PAD
    0x08001eec   0x08001eec   0x00000018   Code   RO           15    i.fputc             gizwits_product.o
    0x08001f04   0x08001f04   0x00000058   Code   RO          395    i.getKey            hal_key.o
    0x08001f5c   0x08001f5c   0x000000bc   Code   RO          222    i.gizCheckReport    gizwits_protocol.o
    0x08002018   0x08002018   0x000000c8   Code   RO          223    i.gizDataPoint2Event  gizwits_protocol.o
    0x080020e0   0x080020e0   0x00000080   Code   RO          224    i.gizDataPoints2ReportData  gizwits_protocol.o
    0x08002160   0x08002160   0x000000c4   Code   RO          225    i.gizDevReportPolicy  gizwits_protocol.o
    0x08002224   0x08002224   0x0000000c   Code   RO           16    i.gizGetTimerCount  gizwits_product.o
    0x08002230   0x08002230   0x0000007c   Code   RO          226    i.gizProtocolAckHandle  gizwits_protocol.o
    0x080022ac   0x080022ac   0x00000098   Code   RO          227    i.gizProtocolCommonAck  gizwits_protocol.o
    0x08002344   0x08002344   0x000000a0   Code   RO          228    i.gizProtocolErrorCmd  gizwits_protocol.o
    0x080023e4   0x080023e4   0x00000178   Code   RO          229    i.gizProtocolGetDeviceInfo  gizwits_protocol.o
    0x0800255c   0x0800255c   0x00000160   Code   RO          230    i.gizProtocolGetOnePacket  gizwits_protocol.o
    0x080026bc   0x080026bc   0x0000004c   Code   RO          231    i.gizProtocolHeadInit  gizwits_protocol.o
    0x08002708   0x08002708   0x00000120   Code   RO          232    i.gizProtocolIssuedDataAck  gizwits_protocol.o
    0x08002828   0x08002828   0x000000fc   Code   RO          233    i.gizProtocolIssuedProcess  gizwits_protocol.o
    0x08002924   0x08002924   0x00000414   Code   RO          234    i.gizProtocolModuleStatus  gizwits_protocol.o
    0x08002d38   0x08002d38   0x00000070   Code   RO          235    i.gizProtocolNTP    gizwits_protocol.o
    0x08002da8   0x08002da8   0x00000074   Code   RO          236    i.gizProtocolResendData  gizwits_protocol.o
    0x08002e1c   0x08002e1c   0x00000024   Code   RO          512    i.gizProtocolSum    common.o
    0x08002e40   0x08002e40   0x00000060   Code   RO          237    i.gizProtocolWaitAck  gizwits_protocol.o
    0x08002ea0   0x08002ea0   0x00000048   Code   RO          238    i.gizProtocolWaitAckCheck  gizwits_protocol.o
    0x08002ee8   0x08002ee8   0x00000068   Code   RO          239    i.gizPutData        gizwits_protocol.o
    0x08002f50   0x08002f50   0x000000c8   Code   RO          240    i.gizReportData     gizwits_protocol.o
    0x08003018   0x08003018   0x00000010   Code   RO           17    i.gizTimerMs        gizwits_product.o
    0x08003028   0x08003028   0x00000006   Code   RO          592    i.gizX2Y            datapointtools.o
    0x0800302e   0x0800302e   0x00000008   Code   RO          594    i.gizY2X            datapointtools.o
    0x08003036   0x08003036   0x00000002   PAD
    0x08003038   0x08003038   0x00000188   Code   RO           18    i.gizwitsEventProcess  gizwits_product.o
    0x080031c0   0x080031c0   0x00000344   Code   RO          243    i.gizwitsHandle     gizwits_protocol.o
    0x08003504   0x08003504   0x00000060   Code   RO          244    i.gizwitsInit       gizwits_protocol.o
    0x08003564   0x08003564   0x00000118   Code   RO          246    i.gizwitsSetMode    gizwits_protocol.o
    0x0800367c   0x0800367c   0x00000034   Code   RO          766    i.key1LongPress     main.o
    0x080036b0   0x080036b0   0x00000034   Code   RO          767    i.key1ShortPress    main.o
    0x080036e4   0x080036e4   0x00000034   Code   RO          768    i.key2LongPress     main.o
    0x08003718   0x08003718   0x00000030   Code   RO          769    i.key2ShortPress    main.o
    0x08003748   0x08003748   0x0000007e   Code   RO          396    i.keyHandle         hal_key.o
    0x080037c6   0x080037c6   0x00000002   PAD
    0x080037c8   0x080037c8   0x0000007c   Code   RO          770    i.keyInit           main.o
    0x08003844   0x08003844   0x00000040   Code   RO          397    i.keyInitOne        hal_key.o
    0x08003884   0x08003884   0x00000018   Code   RO          398    i.keyParaInit       hal_key.o
    0x0800389c   0x0800389c   0x00000060   Code   RO          771    i.main              main.o
    0x080038fc   0x080038fc   0x0000000a   Code   RO           19    i.mcuRestart        gizwits_product.o
    0x08003906   0x08003906   0x00000002   PAD
    0x08003908   0x08003908   0x00000034   Code   RO          454    i.my9291_dcki_pulse  hal_rgb_my9291.o
    0x0800393c   0x0800393c   0x00000034   Code   RO          455    i.my9291_di_pulse   hal_rgb_my9291.o
    0x08003970   0x08003970   0x000000a4   Code   RO          456    i.my9291_send_command  hal_rgb_my9291.o
    0x08003a14   0x08003a14   0x00000032   Code   RO          664    i.rbCanRead         ringbuffer.o
    0x08003a46   0x08003a46   0x0000001c   Code   RO          665    i.rbCanWrite        ringbuffer.o
    0x08003a62   0x08003a62   0x0000000c   Code   RO          666    i.rbCapacity        ringbuffer.o
    0x08003a6e   0x08003a6e   0x00000012   Code   RO          667    i.rbCreate          ringbuffer.o
    0x08003a80   0x08003a80   0x0000007e   Code   RO          669    i.rbRead            ringbuffer.o
    0x08003afe   0x08003afe   0x0000008e   Code   RO          670    i.rbWrite           ringbuffer.o
    0x08003b8c   0x08003b8c   0x00000088   Code   RO          399    i.readKeyValue      hal_key.o
    0x08003c14   0x08003c14   0x0000000c   Code   RO           20    i.timerInit         gizwits_product.o
    0x08003c20   0x08003c20   0x00000014   Code   RO           21    i.uartInit          gizwits_product.o
    0x08003c34   0x08003c34   0x000000b8   Code   RO           22    i.uartWrite         gizwits_product.o
    0x08003cec   0x08003cec   0x00000002   Code   RO           23    i.userHandle        gizwits_product.o
    0x08003cee   0x08003cee   0x00000002   PAD
    0x08003cf0   0x08003cf0   0x00000010   Code   RO           24    i.userInit          gizwits_product.o
    0x08003d00   0x08003d00   0x00000001   Data   RO          457    .constdata          hal_rgb_my9291.o
    0x08003d01   0x08003d01   0x00000010   Data   RO         1086    .constdata          system_stm32f1xx.o
    0x08003d11   0x08003d11   0x00000008   Data   RO         1087    .constdata          system_stm32f1xx.o
    0x08003d19   0x08003d19   0x00000003   PAD
    0x08003d1c   0x08003d1c   0x00000020   Data   RO         3710    Region$$Table       anon$$obj.o


    Execution Region RW_IRAM1 (Exec base: 0x20000000, Load base: 0x08003d3c, Size: 0x000022b0, Max: 0x0000c000, ABSOLUTE)

    Exec Addr    Load Addr    Size         Type   Attr      Idx    E Section Name        Object

    0x20000000   0x08003d3c   0x00000008   Data   RW           26    .data               gizwits_product.o
    0x20000008   0x08003d44   0x00000010   Data   RW          248    .data               gizwits_protocol.o
    0x20000018   0x08003d54   0x0000000a   Data   RW          400    .data               hal_key.o
    0x20000022   0x08003d5e   0x00000002   PAD
    0x20000024   0x08003d60   0x00000008   Data   RW          458    .data               hal_rgb_my9291.o
    0x2000002c   0x08003d68   0x00000004   Data   RW          726    .data               delay.o
    0x20000030   0x08003d6c   0x00000005   Data   RW          773    .data               main.o
    0x20000035   0x08003d71   0x00000003   PAD
    0x20000038   0x08003d74   0x00000004   Data   RW         1088    .data               system_stm32f1xx.o
    0x2000003c   0x08003d78   0x0000000c   Data   RW         2111    .data               stm32f1xx_hal.o
    0x20000048   0x08003d84   0x00000004   Data   RW         3684    .data               mc_w.l(stdout.o)
    0x2000004c        -       0x0000000c   Zero   RW           25    .bss                gizwits_product.o
    0x20000058        -       0x0000016c   Zero   RW          247    .bss                gizwits_protocol.o
    0x200001c4        -       0x0000002a   Zero   RW          772    .bss                main.o
    0x200001ee   0x08003d88   0x00000002   PAD
    0x200001f0        -       0x00000040   Zero   RW          885    .bss                tim.o
    0x20000230        -       0x00000080   Zero   RW          928    .bss                usart.o
    0x200002b0        -       0x00002000   Zero   RW            1    STACK               startup_stm32f103xe.o


==============================================================================

Image component sizes


      Code (inc. data)   RO Data    RW Data    ZI Data      Debug   Object Name

        56          0          0          0          0       2136   common.o
        14          0          0          0          0       1146   datapointtools.o
        84         10          0          4          0       1164   delay.o
       768        308          0          8         12     503484   gizwits_product.o
      5448       2038          0         16        364      18498   gizwits_protocol.o
       168         18          0          0          0        947   gpio.o
       438         20          0         10          0       3925   hal_key.o
       544         32          1          8          0       4368   hal_rgb_my9291.o
       504        190          0          5         42       4441   main.o
       376          0          0          0          0       4166   ringbuffer.o
        36          8        304          0       8192        804   startup_stm32f103xe.o
       128         24          0         12          0       5913   stm32f1xx_hal.o
       234         24          0          0          0      29542   stm32f1xx_hal_cortex.o
       304          8          0          0          0       1171   stm32f1xx_hal_dma.o
       524         42          0          0          0       3543   stm32f1xx_hal_gpio.o
        60          8          0          0          0        850   stm32f1xx_hal_msp.o
      1272        100          0          0          0       5212   stm32f1xx_hal_rcc.o
       914         20          0          0          0       9621   stm32f1xx_hal_tim.o
        70          0          0          0          0       2365   stm32f1xx_hal_tim_ex.o
      1280         12          0          0          0      10094   stm32f1xx_hal_uart.o
        44         12          0          0          0       4672   stm32f1xx_it.o
        72         16         24          4          0       1163   system_stm32f1xx.o
       156         10          0          0         64       1630   tim.o
       316         34          0          0        128       2331   usart.o

    ----------------------------------------------------------------------
     13836       2934        364         72       8804     623186   Object Totals
         0          0         32          0          0          0   (incl. Generated)
        26          0          3          5          2          0   (incl. Padding)

    ----------------------------------------------------------------------

      Code (inc. data)   RO Data    RW Data    ZI Data      Debug   Library Member Name

         0          0          0          0          0          0   entry.o
         0          0          0          0          0          0   entry10a.o
         0          0          0          0          0          0   entry11a.o
         8          4          0          0          0          0   entry2.o
         4          0          0          0          0          0   entry5.o
         0          0          0          0          0          0   entry7b.o
         0          0          0          0          0          0   entry8b.o
         8          4          0          0          0          0   entry9a.o
        30          0          0          0          0          0   handlers.o
        36          8          0          0          0         68   init.o
        30          0          0          0          0         68   llshl.o
        32          0          0          0          0         68   llushr.o
        36          0          0          0          0         68   memcpya.o
        36          0          0          0          0        108   memseta.o
      1154         54          0          0          0        352   printf8.o
         0          0          0          4          0          0   stdout.o
        98          0          0          0          0         92   uldiv.o

    ----------------------------------------------------------------------
      1476         70          0          4          0        824   Library Totals
         4          0          0          0          0          0   (incl. Padding)

    ----------------------------------------------------------------------

      Code (inc. data)   RO Data    RW Data    ZI Data      Debug   Library Name

      1472         70          0          4          0        824   mc_w.l

    ----------------------------------------------------------------------
      1476         70          0          4          0        824   Library Totals

    ----------------------------------------------------------------------

==============================================================================


      Code (inc. data)   RO Data    RW Data    ZI Data      Debug   

     15312       3004        364         76       8804     617246   Grand Totals
     15312       3004        364         76       8804     617246   ELF Image Totals
     15312       3004        364         76          0          0   ROM Totals

==============================================================================

    Total RO  Size (Code + RO Data)                15676 (  15.31kB)
    Total RW  Size (RW Data + ZI Data)              8880 (   8.67kB)
    Total ROM Size (Code + RO Data + RW Data)      15752 (  15.38kB)

==============================================================================

