Component: ARM Compiler 5.06 update 6 (build 750) Tool: armlink [4d35ed]

==============================================================================

Section Cross References

    startup_stm32f103xe.o(RESET) refers to startup_stm32f103xe.o(STACK) for __initial_sp
    startup_stm32f103xe.o(RESET) refers to startup_stm32f103xe.o(.text) for Reset_Handler
    startup_stm32f103xe.o(RESET) refers to stm32f1xx_it.o(i.NMI_Handler) for NMI_Handler
    startup_stm32f103xe.o(RESET) refers to stm32f1xx_it.o(i.HardFault_Handler) for HardFault_Handler
    startup_stm32f103xe.o(RESET) refers to stm32f1xx_it.o(i.MemManage_Handler) for MemManage_Handler
    startup_stm32f103xe.o(RESET) refers to stm32f1xx_it.o(i.BusFault_Handler) for BusFault_Handler
    startup_stm32f103xe.o(RESET) refers to stm32f1xx_it.o(i.UsageFault_Handler) for UsageFault_Handler
    startup_stm32f103xe.o(RESET) refers to stm32f1xx_it.o(i.SVC_Handler) for SVC_Handler
    startup_stm32f103xe.o(RESET) refers to stm32f1xx_it.o(i.DebugMon_Handler) for DebugMon_Handler
    startup_stm32f103xe.o(RESET) refers to stm32f1xx_it.o(i.PendSV_Handler) for PendSV_Handler
    startup_stm32f103xe.o(RESET) refers to stm32f1xx_it.o(i.SysTick_Handler) for SysTick_Handler
    startup_stm32f103xe.o(RESET) refers to stm32f1xx_it.o(i.TIM2_IRQHandler) for TIM2_IRQHandler
    startup_stm32f103xe.o(RESET) refers to stm32f1xx_it.o(i.USART2_IRQHandler) for USART2_IRQHandler
    startup_stm32f103xe.o(.text) refers to system_stm32f1xx.o(i.SystemInit) for SystemInit
    startup_stm32f103xe.o(.text) refers to entry.o(.ARM.Collect$$$$00000000) for __main
    gizwits_product.o(i.HAL_TIM_PeriodElapsedCallback) refers to hal_key.o(i.keyHandle) for keyHandle
    gizwits_product.o(i.HAL_TIM_PeriodElapsedCallback) refers to gizwits_product.o(i.gizTimerMs) for gizTimerMs
    gizwits_product.o(i.HAL_TIM_PeriodElapsedCallback) refers to tim.o(.bss) for htim2
    gizwits_product.o(i.HAL_TIM_PeriodElapsedCallback) refers to main.o(.data) for keys
    gizwits_product.o(i.HAL_UART_RxCpltCallback) refers to gizwits_protocol.o(i.gizPutData) for gizPutData
    gizwits_product.o(i.HAL_UART_RxCpltCallback) refers to stm32f1xx_hal_uart.o(i.HAL_UART_Receive_IT) for HAL_UART_Receive_IT
    gizwits_product.o(i.HAL_UART_RxCpltCallback) refers to gizwits_product.o(.data) for .data
    gizwits_product.o(i.HAL_UART_RxCpltCallback) refers to usart.o(.bss) for huart2
    gizwits_product.o(i.fputc) refers to stm32f1xx_hal_uart.o(i.HAL_UART_Transmit) for HAL_UART_Transmit
    gizwits_product.o(i.fputc) refers to usart.o(.bss) for huart1
    gizwits_product.o(i.gizGetTimerCount) refers to gizwits_product.o(.data) for .data
    gizwits_product.o(i.gizTimerMs) refers to gizwits_product.o(.data) for .data
    gizwits_product.o(i.gizwitsEventProcess) refers to printf8.o(i.__0printf$8) for __2printf
    gizwits_product.o(i.mcuRestart) refers to stm32f1xx_hal_cortex.o(i.HAL_NVIC_SystemReset) for HAL_NVIC_SystemReset
    gizwits_product.o(i.timerInit) refers to stm32f1xx_hal_tim.o(i.HAL_TIM_Base_Start_IT) for HAL_TIM_Base_Start_IT
    gizwits_product.o(i.timerInit) refers to tim.o(.bss) for htim2
    gizwits_product.o(i.uartInit) refers to stm32f1xx_hal_uart.o(i.HAL_UART_Receive_IT) for HAL_UART_Receive_IT
    gizwits_product.o(i.uartInit) refers to gizwits_product.o(.data) for .data
    gizwits_product.o(i.uartInit) refers to usart.o(.bss) for huart2
    gizwits_product.o(i.uartWrite) refers to stm32f1xx_hal_uart.o(i.HAL_UART_Transmit_IT) for HAL_UART_Transmit_IT
    gizwits_product.o(i.uartWrite) refers to printf8.o(i.__0printf$8) for __2printf
    gizwits_product.o(i.uartWrite) refers to usart.o(.bss) for huart2
    gizwits_product.o(i.uartWrite) refers to gizwits_product.o(.data) for .data
    gizwits_product.o(i.userHandle) refers to hal_temp_hum.o(i.dht11ReadData) for dht11ReadData
    gizwits_product.o(i.userHandle) refers to printf8.o(i.__0printf$8) for __2printf
    gizwits_product.o(i.userHandle) refers to gizwits_product.o(.data) for .data
    gizwits_product.o(i.userInit) refers to gizwits_product.o(.data) for .data
    gizwits_protocol.o(i.gizCheckReport) refers to gizwits_product.o(i.gizGetTimerCount) for gizGetTimerCount
    gizwits_protocol.o(i.gizCheckReport) refers to printf8.o(i.__0printf$8) for __2printf
    gizwits_protocol.o(i.gizCheckReport) refers to cfcmple.o(.text) for __aeabi_cfcmpeq
    gizwits_protocol.o(i.gizCheckReport) refers to gizwits_protocol.o(.data) for .data
    gizwits_protocol.o(i.gizDataPoints2ReportData) refers to datapointtools.o(i.gizY2X) for gizY2X
    gizwits_protocol.o(i.gizDataPoints2ReportData) refers to datapointtools.o(i.gizY2XFloat) for gizY2XFloat
    gizwits_protocol.o(i.gizDataPoints2ReportData) refers to common.o(i.exchangeBytes) for exchangeBytes
    gizwits_protocol.o(i.gizDataPoints2ReportData) refers to printf8.o(i.__0printf$8) for __2printf
    gizwits_protocol.o(i.gizDevReportPolicy) refers to gizwits_product.o(i.gizGetTimerCount) for gizGetTimerCount
[...]
    Removing stm32f1xx_hal_uart.o(i.HAL_LIN_Init), (128 bytes).
    Removing stm32f1xx_hal_uart.o(i.HAL_LIN_SendBreak), (46 bytes).
    Removing stm32f1xx_hal_uart.o(i.HAL_MultiProcessor_EnterMuteMode), (46 bytes).
    Removing stm32f1xx_hal_uart.o(i.HAL_MultiProcessor_ExitMuteMode), (46 bytes).
    Removing stm32f1xx_hal_uart.o(i.HAL_MultiProcessor_Init), (142 bytes).
    Removing stm32f1xx_hal_uart.o(i.HAL_UART_Abort), (138 bytes).
    Removing stm32f1xx_hal_uart.o(i.HAL_UART_AbortCpltCallback), (2 bytes).
    Removing stm32f1xx_hal_uart.o(i.HAL_UART_AbortReceive), (88 bytes).
    Removing stm32f1xx_hal_uart.o(i.HAL_UART_AbortReceiveCpltCallback), (2 bytes).
    Removing stm32f1xx_hal_uart.o(i.HAL_UART_AbortReceive_IT), (92 bytes).
    Removing stm32f1xx_hal_uart.o(i.HAL_UART_AbortTransmit), (78 bytes).
    Removing stm32f1xx_hal_uart.o(i.HAL_UART_AbortTransmitCpltCallback), (2 bytes).
    Removing stm32f1xx_hal_uart.o(i.HAL_UART_AbortTransmit_IT), (84 bytes).
    Removing stm32f1xx_hal_uart.o(i.HAL_UART_Abort_IT), (172 bytes).
    Removing stm32f1xx_hal_uart.o(i.HAL_UART_DMAPause), (102 bytes).
    Removing stm32f1xx_hal_uart.o(i.HAL_UART_DMAResume), (94 bytes).
    Removing stm32f1xx_hal_uart.o(i.HAL_UART_DMAStop), (88 bytes).
    Removing stm32f1xx_hal_uart.o(i.HAL_UART_DeInit), (50 bytes).
    Removing stm32f1xx_hal_uart.o(i.HAL_UART_GetError), (4 bytes).
    Removing stm32f1xx_hal_uart.o(i.HAL_UART_GetState), (10 bytes).
    Removing stm32f1xx_hal_uart.o(i.HAL_UART_MspDeInit), (2 bytes).
    Removing stm32f1xx_hal_uart.o(i.HAL_UART_MspInit), (2 bytes).
    Removing stm32f1xx_hal_uart.o(i.HAL_UART_Receive), (184 bytes).
    Removing stm32f1xx_hal_uart.o(i.HAL_UART_Receive_DMA), (152 bytes).
    Removing stm32f1xx_hal_uart.o(i.HAL_UART_RxCpltCallback), (2 bytes).
    Removing stm32f1xx_hal_uart.o(i.HAL_UART_RxHalfCpltCallback), (2 bytes).
    Removing stm32f1xx_hal_uart.o(i.HAL_UART_Transmit_DMA), (128 bytes).
    Removing stm32f1xx_hal_uart.o(i.HAL_UART_TxHalfCpltCallback), (2 bytes).
    Removing stm32f1xx_hal_uart.o(i.UART_DMAError), (74 bytes).
    Removing stm32f1xx_hal_uart.o(i.UART_DMAReceiveCplt), (60 bytes).
    Removing stm32f1xx_hal_uart.o(i.UART_DMARxAbortCallback), (42 bytes).
    Removing stm32f1xx_hal_uart.o(i.UART_DMARxHalfCplt), (10 bytes).
    Removing stm32f1xx_hal_uart.o(i.UART_DMARxOnlyAbortCallback), (20 bytes).
    Removing stm32f1xx_hal_uart.o(i.UART_DMATransmitCplt), (46 bytes).
    Removing stm32f1xx_hal_uart.o(i.UART_DMATxAbortCallback), (42 bytes).
    Removing stm32f1xx_hal_uart.o(i.UART_DMATxHalfCplt), (10 bytes).
    Removing stm32f1xx_hal_uart.o(i.UART_DMATxOnlyAbortCallback), (20 bytes).
    Removing stm32f1xx_hal_uart.o(i.UART_EndTxTransfer), (18 bytes).
    Removing system_stm32f1xx.o(.rev16_text), (4 bytes).
    Removing system_stm32f1xx.o(.revsh_text), (4 bytes).
    Removing system_stm32f1xx.o(.rrx_text), (6 bytes).
    Removing system_stm32f1xx.o(i.SystemCoreClockUpdate), (104 bytes).
    Removing fmul.o(.text), (100 bytes).
    Removing ffltui.o(.text), (10 bytes).
    Removing dadd.o(.text), (334 bytes).
    Removing dmul.o(.text), (228 bytes).
    Removing ddiv.o(.text), (222 bytes).
    Removing dfixul.o(.text), (48 bytes).
    Removing cdrcmple.o(.text), (48 bytes).
    Removing depilogue.o(.text), (186 bytes).

412 unused section(s) (total 25946 bytes) removed from the image.

==============================================================================

Image Symbol Table

    Local Symbols

    Symbol Name                              Value     Ov Type        Size  Object(Section)

    ../Drivers/STM32F1xx_HAL_Driver/Src/stm32f1xx_hal.c 0x00000000   Number         0  stm32f1xx_hal.o ABSOLUTE
    ../Drivers/STM32F1xx_HAL_Driver/Src/stm32f1xx_hal_cortex.c 0x00000000   Number         0  stm32f1xx_hal_cortex.o ABSOLUTE
    ../Drivers/STM32F1xx_HAL_Driver/Src/stm32f1xx_hal_dma.c 0x00000000   Number         0  stm32f1xx_hal_dma.o ABSOLUTE
    ../Drivers/STM32F1xx_HAL_Driver/Src/stm32f1xx_hal_exti.c 0x00000000   Number         0  stm32f1xx_hal_exti.o ABSOLUTE
    ../Drivers/STM32F1xx_HAL_Driver/Src/stm32f1xx_hal_flash.c 0x00000000   Number         0  stm32f1xx_hal_flash.o ABSOLUTE
    ../Drivers/STM32F1xx_HAL_Driver/Src/stm32f1xx_hal_flash_ex.c 0x00000000   Number         0  stm32f1xx_hal_flash_ex.o ABSOLUTE
    ../Drivers/STM32F1xx_HAL_Driver/Src/stm32f1xx_hal_gpio.c 0x00000000   Number         0  stm32f1xx_hal_gpio.o ABSOLUTE
    ../Drivers/STM32F1xx_HAL_Driver/Src/stm32f1xx_hal_gpio_ex.c 0x00000000   Number         0  stm32f1xx_hal_gpio_ex.o ABSOLUTE
    ../Drivers/STM32F1xx_HAL_Driver/Src/stm32f1xx_hal_pwr.c 0x00000000   Number         0  stm32f1xx_hal_pwr.o ABSOLUTE
    ../Drivers/STM32F1xx_HAL_Driver/Src/stm32f1xx_hal_rcc.c 0x00000000   Number         0  stm32f1xx_hal_rcc.o ABSOLUTE
    ../Drivers/STM32F1xx_HAL_Driver/Src/stm32f1xx_hal_rcc_ex.c 0x00000000   Number         0  stm32f1xx_hal_rcc_ex.o ABSOLUTE
    ../Drivers/STM32F1xx_HAL_Driver/Src/stm32f1xx_hal_tim.c 0x00000000   Number         0  stm32f1xx_hal_tim.o ABSOLUTE
    ../Drivers/STM32F1xx_HAL_Driver/Src/stm32f1xx_hal_tim_ex.c 0x00000000   Number         0  stm32f1xx_hal_tim_ex.o ABSOLUTE
    ../Drivers/STM32F1xx_HAL_Driver/Src/stm32f1xx_hal_uart.c 0x00000000   Number         0  stm32f1xx_hal_uart.o ABSOLUTE
    ../Src/gpio.c                            0x00000000   Number         0  gpio.o ABSOLUTE
    ../Src/main.c                            0x00000000   Number         0  main.o ABSOLUTE
    ../Src/stm32f1xx_hal_msp.c               0x00000000   Number         0  stm32f1xx_hal_msp.o ABSOLUTE
    ../Src/stm32f1xx_it.c                    0x00000000   Number         0  stm32f1xx_it.o ABSOLUTE
    ../Src/system_stm32f1xx.c                0x00000000   Number         0  system_stm32f1xx.o ABSOLUTE
    ../Src/tim.c                             0x00000000   Number         0  tim.o ABSOLUTE
    ../Src/usart.c                           0x00000000   Number         0  usart.o ABSOLUTE
    ../clib/microlib/ctype/toupper.c         0x00000000   Number         0  toupper.o ABSOLUTE
    ../clib/microlib/division.c              0x00000000   Number         0  uidiv.o ABSOLUTE
    ../clib/microlib/division.c              0x00000000   Number         0  uldiv.o ABSOLUTE
    ../clib/microlib/init/entry.s            0x00000000   Number         0  entry9b.o ABSOLUTE
    ../clib/microlib/init/entry.s            0x00000000   Number         0  entry10b.o ABSOLUTE
    ../clib/microlib/init/entry.s            0x00000000   Number         0  entry7b.o ABSOLUTE
    ../clib/microlib/init/entry.s            0x00000000   Number         0  entry7a.o ABSOLUTE
    ../clib/microlib/init/entry.s            0x00000000   Number         0  entry11b.o ABSOLUTE
    ../clib/microlib/init/entry.s            0x00000000   Number         0  entry9a.o ABSOLUTE
    ../clib/microlib/init/entry.s            0x00000000   Number         0  entry11a.o ABSOLUTE
    ../clib/microlib/init/entry.s            0x00000000   Number         0  entry8a.o ABSOLUTE
    ../clib/microlib/init/entry.s            0x00000000   Number         0  entry8b.o ABSOLUTE
    ../clib/microlib/init/entry.s            0x00000000   Number         0  entry10a.o ABSOLUTE
    ../clib/microlib/init/entry.s            0x00000000   Number         0  entry5.o ABSOLUTE
    ../clib/microlib/init/entry.s            0x00000000   Number         0  entry2.o ABSOLUTE
    ../clib/microlib/init/entry.s            0x00000000   Number         0  entry.o ABSOLUTE
    ../clib/microlib/longlong.c              0x00000000   Number         0  llsshr.o ABSOLUTE
    ../clib/microlib/longlong.c              0x00000000   Number         0  llshl.o ABSOLUTE
    ../clib/microlib/longlong.c              0x00000000   Number         0  llushr.o ABSOLUTE
    ../clib/microlib/printf/printf.c         0x00000000   Number         0  printf2.o ABSOLUTE
    ../clib/microlib/printf/printf.c         0x00000000   Number         0  printf3.o ABSOLUTE
    ../clib/microlib/printf/printf.c         0x00000000   Number         0  printf4.o ABSOLUTE
    ../clib/microlib/printf/printf.c         0x00000000   Number         0  printf5.o ABSOLUTE
    ../clib/microlib/printf/printf.c         0x00000000   Number         0  printf7.o ABSOLUTE
    ../clib/microlib/printf/printf.c         0x00000000   Number         0  printfb.o ABSOLUTE
    ../clib/microlib/printf/printf.c         0x00000000   Number         0  printf8.o ABSOLUTE
    ../clib/microlib/printf/printf.c         0x00000000   Number         0  printfa.o ABSOLUTE
    ../clib/microlib/printf/printf.c         0x00000000   Number         0  printf1.o ABSOLUTE
    ../clib/microlib/printf/printf.c         0x00000000   Number         0  printf0.o ABSOLUTE
    ../clib/microlib/printf/printf.c         0x00000000   Number         0  printf6.o ABSOLUTE
    ../clib/microlib/printf/stubs.s          0x00000000   Number         0  stubs.o ABSOLUTE
    ../clib/microlib/stdio/streams.c         0x00000000   Number         0  stdout.o ABSOLUTE
    ../clib/microlib/string/memcpy.c         0x00000000   Number         0  memcpyb.o ABSOLUTE
    ../clib/microlib/string/memcpy.c         0x00000000   Number         0  memcpya.o ABSOLUTE
    ../clib/microlib/string/memset.c         0x00000000   Number         0  memseta.o ABSOLUTE
    ../clib/microlib/string/strlen.c         0x00000000   Number         0  strlen.o ABSOLUTE
    ../clib/microlib/stubs.s                 0x00000000   Number         0  iusefp.o ABSOLUTE
    ../fplib/microlib/fpadd.c                0x00000000   Number         0  dadd.o ABSOLUTE
    ../fplib/microlib/fpadd.c                0x00000000   Number         0  fadd.o ABSOLUTE
    ../fplib/microlib/fpdiv.c                0x00000000   Number         0  ddiv.o ABSOLUTE
    ../fplib/microlib/fpdiv.c                0x00000000   Number         0  fdiv.o ABSOLUTE
    ../fplib/microlib/fpepilogue.c           0x00000000   Number         0  depilogue.o ABSOLUTE
    ../fplib/microlib/fpepilogue.c           0x00000000   Number         0  fepilogue.o ABSOLUTE
    ../fplib/microlib/fpfix.c                0x00000000   Number         0  ffixui.o ABSOLUTE
    ../fplib/microlib/fpfix.c                0x00000000   Number         0  dfixul.o ABSOLUTE
    ../fplib/microlib/fpflt.c                0x00000000   Number         0  ffltui.o ABSOLUTE
    ../fplib/microlib/fpmul.c                0x00000000   Number         0  fmul.o ABSOLUTE
    ../fplib/microlib/fpmul.c                0x00000000   Number         0  dmul.o ABSOLUTE
    ..\Drivers\STM32F1xx_HAL_Driver\Src\stm32f1xx_hal.c 0x00000000   Number         0  stm32f1xx_hal.o ABSOLUTE
    ..\Drivers\STM32F1xx_HAL_Driver\Src\stm32f1xx_hal_cortex.c 0x00000000   Number         0  stm32f1xx_hal_cortex.o ABSOLUTE
    ..\Drivers\STM32F1xx_HAL_Driver\Src\stm32f1xx_hal_dma.c 0x00000000   Number         0  stm32f1xx_hal_dma.o ABSOLUTE
    ..\Drivers\STM32F1xx_HAL_Driver\Src\stm32f1xx_hal_exti.c 0x00000000   Number         0  stm32f1xx_hal_exti.o ABSOLUTE
    ..\Drivers\STM32F1xx_HAL_Driver\Src\stm32f1xx_hal_flash.c 0x00000000   Number         0  stm32f1xx_hal_flash.o ABSOLUTE
    ..\Drivers\STM32F1xx_HAL_Driver\Src\stm32f1xx_hal_flash_ex.c 0x00000000   Number         0  stm32f1xx_hal_flash_ex.o ABSOLUTE
    ..\Drivers\STM32F1xx_HAL_Driver\Src\stm32f1xx_hal_gpio.c 0x00000000   Number         0  stm32f1xx_hal_gpio.o ABSOLUTE
    ..\Drivers\STM32F1xx_HAL_Driver\Src\stm32f1xx_hal_gpio_ex.c 0x00000000   Number         0  stm32f1xx_hal_gpio_ex.o ABSOLUTE
    ..\Drivers\STM32F1xx_HAL_Driver\Src\stm32f1xx_hal_pwr.c 0x00000000   Number         0  stm32f1xx_hal_pwr.o ABSOLUTE
    ..\Drivers\STM32F1xx_HAL_Driver\Src\stm32f1xx_hal_rcc.c 0x00000000   Number         0  stm32f1xx_hal_rcc.o ABSOLUTE
    ..\Drivers\STM32F1xx_HAL_Driver\Src\stm32f1xx_hal_rcc_ex.c 0x00000000   Number         0  stm32f1xx_hal_rcc_ex.o ABSOLUTE
    ..\Drivers\STM32F1xx_HAL_Driver\Src\stm32f1xx_hal_tim.c 0x00000000   Number         0  stm32f1xx_hal_tim.o ABSOLUTE
    ..\Drivers\STM32F1xx_HAL_Driver\Src\stm32f1xx_hal_tim_ex.c 0x00000000   Number         0  stm32f1xx_hal_tim_ex.o ABSOLUTE
    ..\Drivers\STM32F1xx_HAL_Driver\Src\stm32f1xx_hal_uart.c 0x00000000   Number         0  stm32f1xx_hal_uart.o ABSOLUTE
    ..\Gizwits\gizwits_product.c             0x00000000   Number         0  gizwits_product.o ABSOLUTE
    ..\Gizwits\gizwits_protocol.c            0x00000000   Number         0  gizwits_protocol.o ABSOLUTE
    ..\Hal\Hal_Temp_Hum.c                    0x00000000   Number         0  hal_temp_hum.o ABSOLUTE
    ..\Hal\hal_key.c                         0x00000000   Number         0  hal_key.o ABSOLUTE
    ..\Src\gpio.c                            0x00000000   Number         0  gpio.o ABSOLUTE
    ..\Src\main.c                            0x00000000   Number         0  main.o ABSOLUTE
    ..\Src\stm32f1xx_hal_msp.c               0x00000000   Number         0  stm32f1xx_hal_msp.o ABSOLUTE
    ..\Src\stm32f1xx_it.c                    0x00000000   Number         0  stm32f1xx_it.o ABSOLUTE
    ..\Src\system_stm32f1xx.c                0x00000000   Number         0  system_stm32f1xx.o ABSOLUTE
    ..\Src\tim.c                             0x00000000   Number         0  tim.o ABSOLUTE
    ..\Src\usart.c                           0x00000000   Number         0  usart.o ABSOLUTE
    ..\Utils\common.c                        0x00000000   Number         0  common.o ABSOLUTE
    ..\Utils\dataPointTools.c                0x00000000   Number         0  datapointtools.o ABSOLUTE
    ..\Utils\delay.c                         0x00000000   Number         0  delay.o ABSOLUTE
    ..\Utils\ringbuffer.c                    0x00000000   Number         0  ringbuffer.o ABSOLUTE
    ..\\Gizwits\\gizwits_product.c           0x00000000   Number         0  gizwits_product.o ABSOLUTE
    ..\\Gizwits\\gizwits_protocol.c          0x00000000   Number         0  gizwits_protocol.o ABSOLUTE
    ..\\Hal\\Hal_Temp_Hum.c                  0x00000000   Number         0  hal_temp_hum.o ABSOLUTE
    ..\\Hal\\hal_key.c                       0x00000000   Number         0  hal_key.o ABSOLUTE
    ..\\Utils\\common.c                      0x00000000   Number         0  common.o ABSOLUTE
    ..\\Utils\\dataPointTools.c              0x00000000   Number         0  datapointtools.o ABSOLUTE
    ..\\Utils\\delay.c                       0x00000000   Number         0  delay.o ABSOLUTE
    ..\\Utils\\ringbuffer.c                  0x00000000   Number         0  ringbuffer.o ABSOLUTE
    cdrcmple.s                               0x00000000   Number         0  cdrcmple.o ABSOLUTE
    cfcmple.s                                0x00000000   Number         0  cfcmple.o ABSOLUTE
    dc.s                                     0x00000000   Number         0  dc.o ABSOLUTE
    handlers.s                               0x00000000   Number         0  handlers.o ABSOLUTE
    init.s                                   0x00000000   Number         0  init.o ABSOLUTE
    startup_stm32f103xe.s                    0x00000000   Number         0  startup_stm32f103xe.o ABSOLUTE
    RESET                                    0x08000000   Section      304  startup_stm32f103xe.o(RESET)
    .ARM.Collect$$$$00000000                 0x08000130   Section        0  entry.o(.ARM.Collect$$$$00000000)
    .ARM.Collect$$$$00000001                 0x08000130   Section        4  entry2.o(.ARM.Collect$$$$00000001)
    .ARM.Collect$$$$00000004                 0x08000134   Section        4  entry5.o(.ARM.Collect$$$$00000004)
    .ARM.Collect$$$$00000008                 0x08000138   Section        0  entry7b.o(.ARM.Collect$$$$00000008)
    .ARM.Collect$$$$0000000A                 0x08000138   Section        0  entry8b.o(.ARM.Collect$$$$0000000A)
    .ARM.Collect$$$$0000000B                 0x08000138   Section        8  entry9a.o(.ARM.Collect$$$$0000000B)
    .ARM.Collect$$$$0000000D                 0x08000140   Section        0  entry10a.o(.ARM.Collect$$$$0000000D)
    .ARM.Collect$$$$0000000F                 0x08000140   Section        0  entry11a.o(.ARM.Collect$$$$0000000F)
    .ARM.Collect$$$$00002712                 0x08000140   Section        4  entry2.o(.ARM.Collect$$$$00002712)
    __lit__00000000                          0x08000140   Data           4  entry2.o(.ARM.Collect$$$$00002712)
    .text                                    0x08000144   Section       36  startup_stm32f103xe.o(.text)
    .text                                    0x08000168   Section        0  llushr.o(.text)
    .text                                    0x08000188   Section        0  memcpya.o(.text)
    .text                                    0x080001ac   Section        0  memseta.o(.text)
    .text                                    0x080001d0   Section        0  fadd.o(.text)
    .text                                    0x08000280   Section        0  fdiv.o(.text)
    .text                                    0x080002fc   Section        0  ffixui.o(.text)
    .text                                    0x08000324   Section       20  cfcmple.o(.text)
    .text                                    0x08000338   Section        0  uldiv.o(.text)
    .text                                    0x0800039a   Section        0  iusefp.o(.text)
    .text                                    0x0800039a   Section        0  fepilogue.o(.text)
    .text                                    0x08000408   Section       36  init.o(.text)
    .text                                    0x0800042c   Section        0  llshl.o(.text)
    i.BusFault_Handler                       0x0800044a   Section        0  stm32f1xx_it.o(i.BusFault_Handler)
    i.DHT11_IO_IN                            0x0800044c   Section        0  hal_temp_hum.o(i.DHT11_IO_IN)
    i.DHT11_IO_OUT                           0x0800046c   Section        0  hal_temp_hum.o(i.DHT11_IO_OUT)
    i.DebugMon_Handler                       0x08000488   Section        0  stm32f1xx_it.o(i.DebugMon_Handler)
    i.Delay_Init                             0x0800048c   Section        0  delay.o(i.Delay_Init)
    i.Delay_Ms                               0x080004b8   Section        0  delay.o(i.Delay_Ms)
    i.Delay_Us                               0x080004e0   Section        0  delay.o(i.Delay_Us)
    i.Error_Handler                          0x08000508   Section        0  main.o(i.Error_Handler)
    i.HAL_DMA_Abort_IT                       0x0800050c   Section        0  stm32f1xx_hal_dma.o(i.HAL_DMA_Abort_IT)
    i.HAL_GPIO_Init                          0x0800063c   Section        0  stm32f1xx_hal_gpio.o(i.HAL_GPIO_Init)
    i.HAL_GPIO_ReadPin                       0x08000834   Section        0  stm32f1xx_hal_gpio.o(i.HAL_GPIO_ReadPin)
    i.HAL_GPIO_WritePin                      0x0800083e   Section        0  stm32f1xx_hal_gpio.o(i.HAL_GPIO_WritePin)
    i.HAL_GetTick                            0x08000848   Section        0  stm32f1xx_hal.o(i.HAL_GetTick)
    i.HAL_IncTick                            0x08000854   Section        0  stm32f1xx_hal.o(i.HAL_IncTick)
    i.HAL_Init                               0x08000864   Section        0  stm32f1xx_hal.o(i.HAL_Init)
    i.HAL_InitTick                           0x08000888   Section        0  stm32f1xx_hal.o(i.HAL_InitTick)
    i.HAL_MspInit                            0x080008c8   Section        0  stm32f1xx_hal_msp.o(i.HAL_MspInit)
    i.HAL_NVIC_EnableIRQ                     0x08000904   Section        0  stm32f1xx_hal_cortex.o(i.HAL_NVIC_EnableIRQ)
    i.HAL_NVIC_SetPriority                   0x08000920   Section        0  stm32f1xx_hal_cortex.o(i.HAL_NVIC_SetPriority)
    i.HAL_NVIC_SetPriorityGrouping           0x08000960   Section        0  stm32f1xx_hal_cortex.o(i.HAL_NVIC_SetPriorityGrouping)
    i.HAL_NVIC_SystemReset                   0x08000984   Section        0  stm32f1xx_hal_cortex.o(i.HAL_NVIC_SystemReset)
    i.HAL_RCC_ClockConfig                    0x080009a8   Section        0  stm32f1xx_hal_rcc.o(i.HAL_RCC_ClockConfig)
    i.HAL_RCC_GetPCLK1Freq                   0x08000ad4   Section        0  stm32f1xx_hal_rcc.o(i.HAL_RCC_GetPCLK1Freq)
    i.HAL_RCC_GetPCLK2Freq                   0x08000af4   Section        0  stm32f1xx_hal_rcc.o(i.HAL_RCC_GetPCLK2Freq)
    i.HAL_RCC_GetSysClockFreq                0x08000b14   Section        0  stm32f1xx_hal_rcc.o(i.HAL_RCC_GetSysClockFreq)
    i.HAL_RCC_OscConfig                      0x08000b80   Section        0  stm32f1xx_hal_rcc.o(i.HAL_RCC_OscConfig)
    i.HAL_SYSTICK_Config                     0x08000ea0   Section        0  stm32f1xx_hal_cortex.o(i.HAL_SYSTICK_Config)
    i.HAL_TIMEx_BreakCallback                0x08000ec8   Section        0  stm32f1xx_hal_tim_ex.o(i.HAL_TIMEx_BreakCallback)
    i.HAL_TIMEx_CommutCallback               0x08000eca   Section        0  stm32f1xx_hal_tim_ex.o(i.HAL_TIMEx_CommutCallback)
    i.HAL_TIMEx_MasterConfigSynchronization  0x08000ecc   Section        0  stm32f1xx_hal_tim_ex.o(i.HAL_TIMEx_MasterConfigSynchronization)
    i.HAL_TIM_Base_Init                      0x08000f0e   Section        0  stm32f1xx_hal_tim.o(i.HAL_TIM_Base_Init)
    i.HAL_TIM_Base_MspInit                   0x08000f44   Section        0  tim.o(i.HAL_TIM_Base_MspInit)
    i.HAL_TIM_Base_Start_IT                  0x08000f7c   Section        0  stm32f1xx_hal_tim.o(i.HAL_TIM_Base_Start_IT)
    i.HAL_TIM_ConfigClockSource              0x08000f9e   Section        0  stm32f1xx_hal_tim.o(i.HAL_TIM_ConfigClockSource)
    i.HAL_TIM_IC_CaptureCallback             0x08001074   Section        0  stm32f1xx_hal_tim.o(i.HAL_TIM_IC_CaptureCallback)
    i.HAL_TIM_IRQHandler                     0x08001076   Section        0  stm32f1xx_hal_tim.o(i.HAL_TIM_IRQHandler)
    i.HAL_TIM_OC_DelayElapsedCallback        0x080011dc   Section        0  stm32f1xx_hal_tim.o(i.HAL_TIM_OC_DelayElapsedCallback)
    i.HAL_TIM_PWM_PulseFinishedCallback      0x080011de   Section        0  stm32f1xx_hal_tim.o(i.HAL_TIM_PWM_PulseFinishedCallback)
    i.HAL_TIM_PeriodElapsedCallback          0x080011e0   Section        0  gizwits_product.o(i.HAL_TIM_PeriodElapsedCallback)
    i.HAL_TIM_TriggerCallback                0x08001200   Section        0  stm32f1xx_hal_tim.o(i.HAL_TIM_TriggerCallback)
    i.HAL_UART_ErrorCallback                 0x08001202   Section        0  stm32f1xx_hal_uart.o(i.HAL_UART_ErrorCallback)
    i.HAL_UART_IRQHandler                    0x08001204   Section        0  stm32f1xx_hal_uart.o(i.HAL_UART_IRQHandler)
    i.HAL_UART_Init                          0x08001314   Section        0  stm32f1xx_hal_uart.o(i.HAL_UART_Init)
    i.HAL_UART_MspInit                       0x08001378   Section        0  usart.o(i.HAL_UART_MspInit)
    i.HAL_UART_Receive_IT                    0x08001444   Section        0  stm32f1xx_hal_uart.o(i.HAL_UART_Receive_IT)
    i.HAL_UART_RxCpltCallback                0x08001498   Section        0  gizwits_product.o(i.HAL_UART_RxCpltCallback)
    i.HAL_UART_Transmit                      0x080014c8   Section        0  stm32f1xx_hal_uart.o(i.HAL_UART_Transmit)
    i.HAL_UART_Transmit_IT                   0x08001582   Section        0  stm32f1xx_hal_uart.o(i.HAL_UART_Transmit_IT)
    i.HAL_UART_TxCpltCallback                0x080015c0   Section        0  stm32f1xx_hal_uart.o(i.HAL_UART_TxCpltCallback)
    i.HardFault_Handler                      0x080015c2   Section        0  stm32f1xx_it.o(i.HardFault_Handler)
    i.MX_GPIO_Init                           0x080015c4   Section        0  gpio.o(i.MX_GPIO_Init)
    i.MX_TIM2_Init                           0x08001650   Section        0  tim.o(i.MX_TIM2_Init)
    i.MX_USART1_UART_Init                    0x080016b4   Section        0  usart.o(i.MX_USART1_UART_Init)
    i.MX_USART2_UART_Init                    0x080016ec   Section        0  usart.o(i.MX_USART2_UART_Init)
    i.MemManage_Handler                      0x08001724   Section        0  stm32f1xx_it.o(i.MemManage_Handler)
    i.NMI_Handler                            0x08001726   Section        0  stm32f1xx_it.o(i.NMI_Handler)
    i.PendSV_Handler                         0x08001728   Section        0  stm32f1xx_it.o(i.PendSV_Handler)
    i.SVC_Handler                            0x0800172a   Section        0  stm32f1xx_it.o(i.SVC_Handler)
    i.SysTick_Handler                        0x0800172c   Section        0  stm32f1xx_it.o(i.SysTick_Handler)
    i.SystemClock_Config                     0x08001730   Section        0  main.o(i.SystemClock_Config)
    i.SystemInit                             0x08001780   Section        0  system_stm32f1xx.o(i.SystemInit)
    i.TIM2_IRQHandler                        0x080017c8   Section        0  stm32f1xx_it.o(i.TIM2_IRQHandler)
    i.TIM_Base_SetConfig                     0x080017d4   Section        0  stm32f1xx_hal_tim.o(i.TIM_Base_SetConfig)
    i.TIM_ETR_SetConfig                      0x08001860   Section        0  stm32f1xx_hal_tim.o(i.TIM_ETR_SetConfig)
    i.TIM_ITRx_SetConfig                     0x08001874   Section        0  stm32f1xx_hal_tim.o(i.TIM_ITRx_SetConfig)
    TIM_ITRx_SetConfig                       0x08001875   Thumb Code    16  stm32f1xx_hal_tim.o(i.TIM_ITRx_SetConfig)
    i.TIM_TI1_ConfigInputStage               0x08001884   Section        0  stm32f1xx_hal_tim.o(i.TIM_TI1_ConfigInputStage)
    TIM_TI1_ConfigInputStage                 0x08001885   Thumb Code    34  stm32f1xx_hal_tim.o(i.TIM_TI1_ConfigInputStage)
    i.TIM_TI2_ConfigInputStage               0x080018a6   Section        0  stm32f1xx_hal_tim.o(i.TIM_TI2_ConfigInputStage)
    TIM_TI2_ConfigInputStage                 0x080018a7   Thumb Code    36  stm32f1xx_hal_tim.o(i.TIM_TI2_ConfigInputStage)
    i.UART_DMAAbortOnError                   0x080018ca   Section        0  stm32f1xx_hal_uart.o(i.UART_DMAAbortOnError)
    UART_DMAAbortOnError                     0x080018cb   Thumb Code    16  stm32f1xx_hal_uart.o(i.UART_DMAAbortOnError)
    i.UART_EndRxTransfer                     0x080018da   Section        0  stm32f1xx_hal_uart.o(i.UART_EndRxTransfer)
    UART_EndRxTransfer                       0x080018db   Thumb Code    28  stm32f1xx_hal_uart.o(i.UART_EndRxTransfer)
    i.UART_Receive_IT                        0x080018f6   Section        0  stm32f1xx_hal_uart.o(i.UART_Receive_IT)
    UART_Receive_IT                          0x080018f7   Thumb Code   150  stm32f1xx_hal_uart.o(i.UART_Receive_IT)
    i.UART_SetConfig                         0x0800198c   Section        0  stm32f1xx_hal_uart.o(i.UART_SetConfig)
    UART_SetConfig                           0x0800198d   Thumb Code   178  stm32f1xx_hal_uart.o(i.UART_SetConfig)
    i.UART_Transmit_IT                       0x08001a44   Section        0  stm32f1xx_hal_uart.o(i.UART_Transmit_IT)
    UART_Transmit_IT                         0x08001a45   Thumb Code    98  stm32f1xx_hal_uart.o(i.UART_Transmit_IT)
    i.UART_WaitOnFlagUntilTimeout            0x08001aa6   Section        0  stm32f1xx_hal_uart.o(i.UART_WaitOnFlagUntilTimeout)
    UART_WaitOnFlagUntilTimeout              0x08001aa7   Thumb Code   100  stm32f1xx_hal_uart.o(i.UART_WaitOnFlagUntilTimeout)
    i.USART2_IRQHandler                      0x08001b0c   Section        0  stm32f1xx_it.o(i.USART2_IRQHandler)
    i.UsageFault_Handler                     0x08001b18   Section        0  stm32f1xx_it.o(i.UsageFault_Handler)
    i.__0printf$8                            0x08001b1c   Section        0  printf8.o(i.__0printf$8)
    i.__NVIC_SetPriority                     0x08001b3c   Section        0  stm32f1xx_hal_cortex.o(i.__NVIC_SetPriority)
    __NVIC_SetPriority                       0x08001b3d   Thumb Code    32  stm32f1xx_hal_cortex.o(i.__NVIC_SetPriority)
    i.__scatterload_copy                     0x08001b5c   Section       14  handlers.o(i.__scatterload_copy)
    i.__scatterload_null                     0x08001b6a   Section        2  handlers.o(i.__scatterload_null)
    i.__scatterload_zeroinit                 0x08001b6c   Section       14  handlers.o(i.__scatterload_zeroinit)
    i._printf_core                           0x08001b7c   Section        0  printf8.o(i._printf_core)
    _printf_core                             0x08001b7d   Thumb Code   996  printf8.o(i._printf_core)
    i._printf_post_padding                   0x08001f8c   Section        0  printf8.o(i._printf_post_padding)
    _printf_post_padding                     0x08001f8d   Thumb Code    36  printf8.o(i._printf_post_padding)
    i._printf_pre_padding                    0x08001fb0   Section        0  printf8.o(i._printf_pre_padding)
    _printf_pre_padding                      0x08001fb1   Thumb Code    46  printf8.o(i._printf_pre_padding)
    i.dht11ReadByte                          0x08001fe0   Section        0  hal_temp_hum.o(i.dht11ReadByte)
    dht11ReadByte                            0x08001fe1   Thumb Code   102  hal_temp_hum.o(i.dht11ReadByte)
    i.dht11ReadData                          0x0800204c   Section        0  hal_temp_hum.o(i.dht11ReadData)
    i.exchangeBytes                          0x08002104   Section        0  common.o(i.exchangeBytes)
    i.exchangeWord                           0x08002114   Section        0  common.o(i.exchangeWord)
    i.fputc                                  0x08002118   Section        0  gizwits_product.o(i.fputc)
    i.getKey                                 0x08002130   Section        0  hal_key.o(i.getKey)
    i.gizCheckReport                         0x08002188   Section        0  gizwits_protocol.o(i.gizCheckReport)
    gizCheckReport                           0x08002189   Thumb Code   114  gizwits_protocol.o(i.gizCheckReport)
    i.gizDataPoints2ReportData               0x0800225c   Section        0  gizwits_protocol.o(i.gizDataPoints2ReportData)
    gizDataPoints2ReportData                 0x0800225d   Thumb Code    60  gizwits_protocol.o(i.gizDataPoints2ReportData)
    i.gizDevReportPolicy                     0x080022cc   Section        0  gizwits_protocol.o(i.gizDevReportPolicy)
    gizDevReportPolicy                       0x080022cd   Thumb Code   134  gizwits_protocol.o(i.gizDevReportPolicy)
    i.gizGetTimerCount                       0x08002390   Section        0  gizwits_product.o(i.gizGetTimerCount)
    i.gizProtocolAckHandle                   0x0800239c   Section        0  gizwits_protocol.o(i.gizProtocolAckHandle)
    gizProtocolAckHandle                     0x0800239d   Thumb Code    80  gizwits_protocol.o(i.gizProtocolAckHandle)
    i.gizProtocolCommonAck                   0x08002418   Section        0  gizwits_protocol.o(i.gizProtocolCommonAck)
    gizProtocolCommonAck                     0x08002419   Thumb Code    80  gizwits_protocol.o(i.gizProtocolCommonAck)
    i.gizProtocolErrorCmd                    0x080024b0   Section        0  gizwits_protocol.o(i.gizProtocolErrorCmd)
    gizProtocolErrorCmd                      0x080024b1   Thumb Code    88  gizwits_protocol.o(i.gizProtocolErrorCmd)
    i.gizProtocolGetDeviceInfo               0x08002550   Section        0  gizwits_protocol.o(i.gizProtocolGetDeviceInfo)
    gizProtocolGetDeviceInfo                 0x08002551   Thumb Code   180  gizwits_protocol.o(i.gizProtocolGetDeviceInfo)
    i.gizProtocolGetOnePacket                0x080026c8   Section        0  gizwits_protocol.o(i.gizProtocolGetOnePacket)
    gizProtocolGetOnePacket                  0x080026c9   Thumb Code   298  gizwits_protocol.o(i.gizProtocolGetOnePacket)
    i.gizProtocolHeadInit                    0x08002828   Section        0  gizwits_protocol.o(i.gizProtocolHeadInit)
    gizProtocolHeadInit                      0x08002829   Thumb Code    32  gizwits_protocol.o(i.gizProtocolHeadInit)
    i.gizProtocolIssuedDataAck               0x08002874   Section        0  gizwits_protocol.o(i.gizProtocolIssuedDataAck)
    gizProtocolIssuedDataAck                 0x08002875   Thumb Code   198  gizwits_protocol.o(i.gizProtocolIssuedDataAck)
    i.gizProtocolIssuedProcess               0x08002994   Section        0  gizwits_protocol.o(i.gizProtocolIssuedProcess)
    gizProtocolIssuedProcess                 0x08002995   Thumb Code   172  gizwits_protocol.o(i.gizProtocolIssuedProcess)
    i.gizProtocolModuleStatus                0x08002a74   Section        0  gizwits_protocol.o(i.gizProtocolModuleStatus)
    gizProtocolModuleStatus                  0x08002a75   Thumb Code   574  gizwits_protocol.o(i.gizProtocolModuleStatus)
    i.gizProtocolNTP                         0x08002e88   Section        0  gizwits_protocol.o(i.gizProtocolNTP)
    gizProtocolNTP                           0x08002e89   Thumb Code    84  gizwits_protocol.o(i.gizProtocolNTP)
    i.gizProtocolResendData                  0x08002ef4   Section        0  gizwits_protocol.o(i.gizProtocolResendData)
    gizProtocolResendData                    0x08002ef5   Thumb Code    54  gizwits_protocol.o(i.gizProtocolResendData)
    i.gizProtocolSum                         0x08002f68   Section        0  common.o(i.gizProtocolSum)
    i.gizProtocolWaitAck                     0x08002f8c   Section        0  gizwits_protocol.o(i.gizProtocolWaitAck)
    gizProtocolWaitAck                       0x08002f8d   Thumb Code    66  gizwits_protocol.o(i.gizProtocolWaitAck)
    i.gizProtocolWaitAckCheck                0x08002fec   Section        0  gizwits_protocol.o(i.gizProtocolWaitAckCheck)
    gizProtocolWaitAckCheck                  0x08002fed   Thumb Code    42  gizwits_protocol.o(i.gizProtocolWaitAckCheck)
    i.gizPutData                             0x08003034   Section        0  gizwits_protocol.o(i.gizPutData)
    i.gizReportData                          0x0800309c   Section        0  gizwits_protocol.o(i.gizReportData)
    gizReportData                            0x0800309d   Thumb Code   126  gizwits_protocol.o(i.gizReportData)
    i.gizTimerMs                             0x08003164   Section        0  gizwits_product.o(i.gizTimerMs)
    i.gizY2X                                 0x08003174   Section        0  datapointtools.o(i.gizY2X)
    i.gizY2XFloat                            0x0800317c   Section        0  datapointtools.o(i.gizY2XFloat)
    i.gizwitsEventProcess                    0x08003194   Section        0  gizwits_product.o(i.gizwitsEventProcess)
    i.gizwitsHandle                          0x08003298   Section        0  gizwits_protocol.o(i.gizwitsHandle)
    i.gizwitsInit                            0x080035dc   Section        0  gizwits_protocol.o(i.gizwitsInit)
    i.gizwitsSetMode                         0x0800363c   Section        0  gizwits_protocol.o(i.gizwitsSetMode)
    i.key1LongPress                          0x08003754   Section        0  main.o(i.key1LongPress)
    i.key1ShortPress                         0x08003788   Section        0  main.o(i.key1ShortPress)
    i.key2LongPress                          0x080037bc   Section        0  main.o(i.key2LongPress)
    i.key2ShortPress                         0x080037f0   Section        0  main.o(i.key2ShortPress)
    i.keyHandle                              0x08003820   Section        0  hal_key.o(i.keyHandle)
    i.keyInit                                0x080038a0   Section        0  main.o(i.keyInit)
    i.keyInitOne                             0x0800391c   Section        0  hal_key.o(i.keyInitOne)
    i.keyParaInit                            0x0800395c   Section        0  hal_key.o(i.keyParaInit)
    i.main                                   0x08003974   Section        0  main.o(i.main)
    i.mcuRestart                             0x080039d0   Section        0  gizwits_product.o(i.mcuRestart)
    i.rbCanRead                              0x080039da   Section        0  ringbuffer.o(i.rbCanRead)
    i.rbCanWrite                             0x08003a0c   Section        0  ringbuffer.o(i.rbCanWrite)
    i.rbCapacity                             0x08003a28   Section        0  ringbuffer.o(i.rbCapacity)
    i.rbCreate                               0x08003a34   Section        0  ringbuffer.o(i.rbCreate)
    i.rbRead                                 0x08003a46   Section        0  ringbuffer.o(i.rbRead)
    i.rbWrite                                0x08003ac4   Section        0  ringbuffer.o(i.rbWrite)
    i.readKeyValue                           0x08003b54   Section        0  hal_key.o(i.readKeyValue)
    i.timerInit                              0x08003bdc   Section        0  gizwits_product.o(i.timerInit)
    i.uartInit                               0x08003be8   Section        0  gizwits_product.o(i.uartInit)
    i.uartWrite                              0x08003bfc   Section        0  gizwits_product.o(i.uartWrite)
    i.userHandle                             0x08003cb4   Section        0  gizwits_product.o(i.userHandle)
    i.userInit                               0x08003d28   Section        0  gizwits_product.o(i.userInit)
    .constdata                               0x08003d38   Section       16  system_stm32f1xx.o(.constdata)
    .constdata                               0x08003d48   Section        8  system_stm32f1xx.o(.constdata)
    .data                                    0x20000000   Section       20  gizwits_product.o(.data)
    oldTime                                  0x20000004   Data           4  gizwits_product.o(.data)
    timerMsCount                             0x20000008   Data           4  gizwits_product.o(.data)
    .data                                    0x20000014   Section       16  gizwits_protocol.o(.data)
    protocolFlag                             0x20000014   Data           1  gizwits_protocol.o(.data)
    lastData                                 0x20000015   Data           1  gizwits_protocol.o(.data)
    debugCount                               0x20000016   Data           1  gizwits_protocol.o(.data)
    protocolCount                            0x20000018   Data           2  gizwits_protocol.o(.data)
    lastStatus                               0x2000001a   Data           2  gizwits_protocol.o(.data)
    lastReportTime                           0x2000001c   Data           4  gizwits_protocol.o(.data)
    lastRepTime                              0x20000020   Data           4  gizwits_protocol.o(.data)
    .data                                    0x20000024   Section       10  hal_key.o(.data)
    keyTotolNum                              0x20000024   Data           1  hal_key.o(.data)
    keyCheck                                 0x20000025   Data           1  hal_key.o(.data)
    keyState                                 0x20000026   Data           1  hal_key.o(.data)
    key_total                                0x20000027   Data           1  hal_key.o(.data)
    keyLongCheck                             0x2000002a   Data           2  hal_key.o(.data)
    keyPrev                                  0x2000002c   Data           2  hal_key.o(.data)
    .data                                    0x2000002e   Section        4  delay.o(.data)
    fac_us                                   0x2000002e   Data           1  delay.o(.data)
    fac_ms                                   0x20000030   Data           2  delay.o(.data)
    .data                                    0x20000032   Section        5  main.o(.data)
    .data                                    0x20000038   Section       12  stm32f1xx_hal.o(.data)
    .data                                    0x20000044   Section        4  system_stm32f1xx.o(.data)
    .data                                    0x20000048   Section        4  stdout.o(.data)
    .bss                                     0x2000004c   Section      321  gizwits_protocol.o(.bss)
    rbBuf                                    0x2000015f   Data          46  gizwits_protocol.o(.bss)
    .bss                                     0x2000018d   Section       42  main.o(.bss)
    .bss                                     0x200001b8   Section       64  tim.o(.bss)
    .bss                                     0x200001f8   Section      128  usart.o(.bss)
    STACK                                    0x20000278   Section     8192  startup_stm32f103xe.o(STACK)

    Global Symbols

    Symbol Name                              Value     Ov Type        Size  Object(Section)

    BuildAttributes$$THM_ISAv4$P$D$K$B$S$PE$A:L22UL41UL21$X:L11$S22US41US21$IEEE1$IW$USESV6$~STKCKD$USESV7$~SHL$OTIME$ROPI$EBA8$MICROLIB$REQ8$PRES8$EABIv2 0x00000000   Number         0  anon$$obj.o ABSOLUTE
    __ARM_use_no_argv                        0x00000000   Number         0  main.o ABSOLUTE
    _printf_a                                0x00000000   Number         0  stubs.o ABSOLUTE
    _printf_c                                0x00000000   Number         0  stubs.o ABSOLUTE
    _printf_charcount                        0x00000000   Number         0  stubs.o ABSOLUTE
    _printf_d                                0x00000000   Number         0  stubs.o ABSOLUTE
    _printf_e                                0x00000000   Number         0  stubs.o ABSOLUTE
    _printf_f                                0x00000000   Number         0  stubs.o ABSOLUTE
    _printf_flags                            0x00000000   Number         0  stubs.o ABSOLUTE
    _printf_fp_dec                           0x00000000   Number         0  stubs.o ABSOLUTE
    _printf_fp_hex                           0x00000000   Number         0  stubs.o ABSOLUTE
    _printf_g                                0x00000000   Number         0  stubs.o ABSOLUTE
    _printf_i                                0x00000000   Number         0  stubs.o ABSOLUTE
    _printf_int_dec                          0x00000000   Number         0  stubs.o ABSOLUTE
    _printf_l                                0x00000000   Number         0  stubs.o ABSOLUTE
    _printf_lc                               0x00000000   Number         0  stubs.o ABSOLUTE
    _printf_ll                               0x00000000   Number         0  stubs.o ABSOLUTE
    _printf_lld                              0x00000000   Number         0  stubs.o ABSOLUTE
    _printf_lli                              0x00000000   Number         0  stubs.o ABSOLUTE
    _printf_llo                              0x00000000   Number         0  stubs.o ABSOLUTE
    _printf_llu                              0x00000000   Number         0  stubs.o ABSOLUTE
    _printf_llx                              0x00000000   Number         0  stubs.o ABSOLUTE
    _printf_longlong_dec                     0x00000000   Number         0  stubs.o ABSOLUTE
    _printf_longlong_hex                     0x00000000   Number         0  stubs.o ABSOLUTE
    _printf_longlong_oct                     0x00000000   Number         0  stubs.o ABSOLUTE
    _printf_ls                               0x00000000   Number         0  stubs.o ABSOLUTE
    _printf_mbtowc                           0x00000000   Number         0  stubs.o ABSOLUTE
    _printf_n                                0x00000000   Number         0  stubs.o ABSOLUTE
    _printf_o                                0x00000000   Number         0  stubs.o ABSOLUTE
    _printf_p                                0x00000000   Number         0  stubs.o ABSOLUTE
    _printf_percent                          0x00000000   Number         0  stubs.o ABSOLUTE
    _printf_pre_padding                      0x00000000   Number         0  stubs.o ABSOLUTE
    _printf_return_value                     0x00000000   Number         0  stubs.o ABSOLUTE
    _printf_s                                0x00000000   Number         0  stubs.o ABSOLUTE
    _printf_sizespec                         0x00000000   Number         0  stubs.o ABSOLUTE
    _printf_str                              0x00000000   Number         0  stubs.o ABSOLUTE
    _printf_truncate_signed                  0x00000000   Number         0  stubs.o ABSOLUTE
    _printf_truncate_unsigned                0x00000000   Number         0  stubs.o ABSOLUTE
    _printf_u                                0x00000000   Number         0  stubs.o ABSOLUTE
    _printf_wc                               0x00000000   Number         0  stubs.o ABSOLUTE
    _printf_wctomb                           0x00000000   Number         0  stubs.o ABSOLUTE
    _printf_widthprec                        0x00000000   Number         0  stubs.o ABSOLUTE
    _printf_x                                0x00000000   Number         0  stubs.o ABSOLUTE
    __cpp_initialize__aeabi_                  - Undefined Weak Reference
    __cxa_finalize                            - Undefined Weak Reference
    __decompress                              - Undefined Weak Reference
    _clock_init                               - Undefined Weak Reference
    _microlib_exit                            - Undefined Weak Reference
    __Vectors_Size                           0x00000130   Number         0  startup_stm32f103xe.o ABSOLUTE
    __Vectors                                0x08000000   Data           4  startup_stm32f103xe.o(RESET)
    __Vectors_End                            0x08000130   Data           0  startup_stm32f103xe.o(RESET)
    __main                                   0x08000131   Thumb Code     0  entry.o(.ARM.Collect$$$$00000000)
    _main_stk                                0x08000131   Thumb Code     0  entry2.o(.ARM.Collect$$$$00000001)
    _main_scatterload                        0x08000135   Thumb Code     0  entry5.o(.ARM.Collect$$$$00000004)
    __main_after_scatterload                 0x08000139   Thumb Code     0  entry5.o(.ARM.Collect$$$$00000004)
    _main_clock                              0x08000139   Thumb Code     0  entry7b.o(.ARM.Collect$$$$00000008)
    _main_cpp_init                           0x08000139   Thumb Code     0  entry8b.o(.ARM.Collect$$$$0000000A)
    _main_init                               0x08000139   Thumb Code     0  entry9a.o(.ARM.Collect$$$$0000000B)
    __rt_final_cpp                           0x08000141   Thumb Code     0  entry10a.o(.ARM.Collect$$$$0000000D)
    __rt_final_exit                          0x08000141   Thumb Code     0  entry11a.o(.ARM.Collect$$$$0000000F)
    Reset_Handler                            0x08000145   Thumb Code     8  startup_stm32f103xe.o(.text)
    ADC1_2_IRQHandler                        0x0800015f   Thumb Code     0  startup_stm32f103xe.o(.text)
    ADC3_IRQHandler                          0x0800015f   Thumb Code     0  startup_stm32f103xe.o(.text)
    CAN1_RX1_IRQHandler                      0x0800015f   Thumb Code     0  startup_stm32f103xe.o(.text)
    CAN1_SCE_IRQHandler                      0x0800015f   Thumb Code     0  startup_stm32f103xe.o(.text)
    DMA1_Channel1_IRQHandler                 0x0800015f   Thumb Code     0  startup_stm32f103xe.o(.text)
    DMA1_Channel2_IRQHandler                 0x0800015f   Thumb Code     0  startup_stm32f103xe.o(.text)
    DMA1_Channel3_IRQHandler                 0x0800015f   Thumb Code     0  startup_stm32f103xe.o(.text)
    DMA1_Channel4_IRQHandler                 0x0800015f   Thumb Code     0  startup_stm32f103xe.o(.text)
    DMA1_Channel5_IRQHandler                 0x0800015f   Thumb Code     0  startup_stm32f103xe.o(.text)
    DMA1_Channel6_IRQHandler                 0x0800015f   Thumb Code     0  startup_stm32f103xe.o(.text)
    DMA1_Channel7_IRQHandler                 0x0800015f   Thumb Code     0  startup_stm32f103xe.o(.text)
    DMA2_Channel1_IRQHandler                 0x0800015f   Thumb Code     0  startup_stm32f103xe.o(.text)
    DMA2_Channel2_IRQHandler                 0x0800015f   Thumb Code     0  startup_stm32f103xe.o(.text)
    DMA2_Channel3_IRQHandler                 0x0800015f   Thumb Code     0  startup_stm32f103xe.o(.text)
    DMA2_Channel4_5_IRQHandler               0x0800015f   Thumb Code     0  startup_stm32f103xe.o(.text)
    EXTI0_IRQHandler                         0x0800015f   Thumb Code     0  startup_stm32f103xe.o(.text)
    EXTI15_10_IRQHandler                     0x0800015f   Thumb Code     0  startup_stm32f103xe.o(.text)
    EXTI1_IRQHandler                         0x0800015f   Thumb Code     0  startup_stm32f103xe.o(.text)
    EXTI2_IRQHandler                         0x0800015f   Thumb Code     0  startup_stm32f103xe.o(.text)
    EXTI3_IRQHandler                         0x0800015f   Thumb Code     0  startup_stm32f103xe.o(.text)
    EXTI4_IRQHandler                         0x0800015f   Thumb Code     0  startup_stm32f103xe.o(.text)
    EXTI9_5_IRQHandler                       0x0800015f   Thumb Code     0  startup_stm32f103xe.o(.text)
    FLASH_IRQHandler                         0x0800015f   Thumb Code     0  startup_stm32f103xe.o(.text)
    FSMC_IRQHandler                          0x0800015f   Thumb Code     0  startup_stm32f103xe.o(.text)
    I2C1_ER_IRQHandler                       0x0800015f   Thumb Code     0  startup_stm32f103xe.o(.text)
    I2C1_EV_IRQHandler                       0x0800015f   Thumb Code     0  startup_stm32f103xe.o(.text)
    I2C2_ER_IRQHandler                       0x0800015f   Thumb Code     0  startup_stm32f103xe.o(.text)
    I2C2_EV_IRQHandler                       0x0800015f   Thumb Code     0  startup_stm32f103xe.o(.text)
    PVD_IRQHandler                           0x0800015f   Thumb Code     0  startup_stm32f103xe.o(.text)
    RCC_IRQHandler                           0x0800015f   Thumb Code     0  startup_stm32f103xe.o(.text)
    RTC_Alarm_IRQHandler                     0x0800015f   Thumb Code     0  startup_stm32f103xe.o(.text)
    RTC_IRQHandler                           0x0800015f   Thumb Code     0  startup_stm32f103xe.o(.text)
    SDIO_IRQHandler                          0x0800015f   Thumb Code     0  startup_stm32f103xe.o(.text)
    SPI1_IRQHandler                          0x0800015f   Thumb Code     0  startup_stm32f103xe.o(.text)
    SPI2_IRQHandler                          0x0800015f   Thumb Code     0  startup_stm32f103xe.o(.text)
    SPI3_IRQHandler                          0x0800015f   Thumb Code     0  startup_stm32f103xe.o(.text)
    TAMPER_IRQHandler                        0x0800015f   Thumb Code     0  startup_stm32f103xe.o(.text)
    TIM1_BRK_IRQHandler                      0x0800015f   Thumb Code     0  startup_stm32f103xe.o(.text)
    TIM1_CC_IRQHandler                       0x0800015f   Thumb Code     0  startup_stm32f103xe.o(.text)
    TIM1_TRG_COM_IRQHandler                  0x0800015f   Thumb Code     0  startup_stm32f103xe.o(.text)
    TIM1_UP_IRQHandler                       0x0800015f   Thumb Code     0  startup_stm32f103xe.o(.text)
    TIM3_IRQHandler                          0x0800015f   Thumb Code     0  startup_stm32f103xe.o(.text)
    TIM4_IRQHandler                          0x0800015f   Thumb Code     0  startup_stm32f103xe.o(.text)
    TIM5_IRQHandler                          0x0800015f   Thumb Code     0  startup_stm32f103xe.o(.text)
    TIM6_IRQHandler                          0x0800015f   Thumb Code     0  startup_stm32f103xe.o(.text)
    TIM7_IRQHandler                          0x0800015f   Thumb Code     0  startup_stm32f103xe.o(.text)
    TIM8_BRK_IRQHandler                      0x0800015f   Thumb Code     0  startup_stm32f103xe.o(.text)
    TIM8_CC_IRQHandler                       0x0800015f   Thumb Code     0  startup_stm32f103xe.o(.text)
    TIM8_TRG_COM_IRQHandler                  0x0800015f   Thumb Code     0  startup_stm32f103xe.o(.text)
    TIM8_UP_IRQHandler                       0x0800015f   Thumb Code     0  startup_stm32f103xe.o(.text)
    UART4_IRQHandler                         0x0800015f   Thumb Code     0  startup_stm32f103xe.o(.text)
    UART5_IRQHandler                         0x0800015f   Thumb Code     0  startup_stm32f103xe.o(.text)
    USART1_IRQHandler                        0x0800015f   Thumb Code     0  startup_stm32f103xe.o(.text)
    USART3_IRQHandler                        0x0800015f   Thumb Code     0  startup_stm32f103xe.o(.text)
    USBWakeUp_IRQHandler                     0x0800015f   Thumb Code     0  startup_stm32f103xe.o(.text)
    USB_HP_CAN1_TX_IRQHandler                0x0800015f   Thumb Code     0  startup_stm32f103xe.o(.text)
    USB_LP_CAN1_RX0_IRQHandler               0x0800015f   Thumb Code     0  startup_stm32f103xe.o(.text)
    WWDG_IRQHandler                          0x0800015f   Thumb Code     0  startup_stm32f103xe.o(.text)
    __aeabi_llsr                             0x08000169   Thumb Code    32  llushr.o(.text)
    _ll_ushift_r                             0x08000169   Thumb Code     0  llushr.o(.text)
    __aeabi_memcpy                           0x08000189   Thumb Code    36  memcpya.o(.text)
    __aeabi_memcpy4                          0x08000189   Thumb Code     0  memcpya.o(.text)
    __aeabi_memcpy8                          0x08000189   Thumb Code     0  memcpya.o(.text)
    __aeabi_memset                           0x080001ad   Thumb Code    14  memseta.o(.text)
    __aeabi_memset4                          0x080001ad   Thumb Code     0  memseta.o(.text)
    __aeabi_memset8                          0x080001ad   Thumb Code     0  memseta.o(.text)
    __aeabi_memclr                           0x080001bb   Thumb Code     4  memseta.o(.text)
    __aeabi_memclr4                          0x080001bb   Thumb Code     0  memseta.o(.text)
    __aeabi_memclr8                          0x080001bb   Thumb Code     0  memseta.o(.text)
    _memset$wrapper                          0x080001bf   Thumb Code    18  memseta.o(.text)
    __aeabi_fadd                             0x080001d1   Thumb Code   164  fadd.o(.text)
    __aeabi_fsub                             0x08000275   Thumb Code     6  fadd.o(.text)
    __aeabi_frsub                            0x0800027b   Thumb Code     6  fadd.o(.text)
    __aeabi_fdiv                             0x08000281   Thumb Code   124  fdiv.o(.text)
    __aeabi_f2uiz                            0x080002fd   Thumb Code    40  ffixui.o(.text)
    __aeabi_cfcmpeq                          0x08000325   Thumb Code     0  cfcmple.o(.text)
    __aeabi_cfcmple                          0x08000325   Thumb Code    20  cfcmple.o(.text)
    __aeabi_uldivmod                         0x08000339   Thumb Code    98  uldiv.o(.text)
    __I$use$fp                               0x0800039b   Thumb Code     0  iusefp.o(.text)
    _float_round                             0x0800039b   Thumb Code    18  fepilogue.o(.text)
    _float_epilogue                          0x080003ad   Thumb Code    92  fepilogue.o(.text)
    __scatterload                            0x08000409   Thumb Code    28  init.o(.text)
    __scatterload_rt2                        0x08000409   Thumb Code     0  init.o(.text)
    __aeabi_llsl                             0x0800042d   Thumb Code    30  llshl.o(.text)
    _ll_shift_l                              0x0800042d   Thumb Code     0  llshl.o(.text)
    BusFault_Handler                         0x0800044b   Thumb Code     2  stm32f1xx_it.o(i.BusFault_Handler)
    DHT11_IO_IN                              0x0800044d   Thumb Code    26  hal_temp_hum.o(i.DHT11_IO_IN)
    DHT11_IO_OUT                             0x0800046d   Thumb Code    22  hal_temp_hum.o(i.DHT11_IO_OUT)
    DebugMon_Handler                         0x08000489   Thumb Code     2  stm32f1xx_it.o(i.DebugMon_Handler)
    Delay_Init                               0x0800048d   Thumb Code    38  delay.o(i.Delay_Init)
    Delay_Ms                                 0x080004b9   Thumb Code    36  delay.o(i.Delay_Ms)
    Delay_Us                                 0x080004e1   Thumb Code    36  delay.o(i.Delay_Us)
    Error_Handler                            0x08000509   Thumb Code     2  main.o(i.Error_Handler)
    HAL_DMA_Abort_IT                         0x0800050d   Thumb Code   296  stm32f1xx_hal_dma.o(i.HAL_DMA_Abort_IT)
    HAL_GPIO_Init                            0x0800063d   Thumb Code   462  stm32f1xx_hal_gpio.o(i.HAL_GPIO_Init)
    HAL_GPIO_ReadPin                         0x08000835   Thumb Code    10  stm32f1xx_hal_gpio.o(i.HAL_GPIO_ReadPin)
    HAL_GPIO_WritePin                        0x0800083f   Thumb Code    10  stm32f1xx_hal_gpio.o(i.HAL_GPIO_WritePin)
    HAL_GetTick                              0x08000849   Thumb Code     6  stm32f1xx_hal.o(i.HAL_GetTick)
    HAL_IncTick                              0x08000855   Thumb Code    12  stm32f1xx_hal.o(i.HAL_IncTick)
    HAL_Init                                 0x08000865   Thumb Code    32  stm32f1xx_hal.o(i.HAL_Init)
    HAL_InitTick                             0x08000889   Thumb Code    54  stm32f1xx_hal.o(i.HAL_InitTick)
    HAL_MspInit                              0x080008c9   Thumb Code    52  stm32f1xx_hal_msp.o(i.HAL_MspInit)
    HAL_NVIC_EnableIRQ                       0x08000905   Thumb Code    26  stm32f1xx_hal_cortex.o(i.HAL_NVIC_EnableIRQ)
    HAL_NVIC_SetPriority                     0x08000921   Thumb Code    60  stm32f1xx_hal_cortex.o(i.HAL_NVIC_SetPriority)
    HAL_NVIC_SetPriorityGrouping             0x08000961   Thumb Code    26  stm32f1xx_hal_cortex.o(i.HAL_NVIC_SetPriorityGrouping)
    HAL_NVIC_SystemReset                     0x08000985   Thumb Code    26  stm32f1xx_hal_cortex.o(i.HAL_NVIC_SystemReset)
    HAL_RCC_ClockConfig                      0x080009a9   Thumb Code   280  stm32f1xx_hal_rcc.o(i.HAL_RCC_ClockConfig)
    HAL_RCC_GetPCLK1Freq                     0x08000ad5   Thumb Code    20  stm32f1xx_hal_rcc.o(i.HAL_RCC_GetPCLK1Freq)
    HAL_RCC_GetPCLK2Freq                     0x08000af5   Thumb Code    20  stm32f1xx_hal_rcc.o(i.HAL_RCC_GetPCLK2Freq)
    HAL_RCC_GetSysClockFreq                  0x08000b15   Thumb Code    74  stm32f1xx_hal_rcc.o(i.HAL_RCC_GetSysClockFreq)
    HAL_RCC_OscConfig                        0x08000b81   Thumb Code   778  stm32f1xx_hal_rcc.o(i.HAL_RCC_OscConfig)
    HAL_SYSTICK_Config                       0x08000ea1   Thumb Code    40  stm32f1xx_hal_cortex.o(i.HAL_SYSTICK_Config)
    HAL_TIMEx_BreakCallback                  0x08000ec9   Thumb Code     2  stm32f1xx_hal_tim_ex.o(i.HAL_TIMEx_BreakCallback)
    HAL_TIMEx_CommutCallback                 0x08000ecb   Thumb Code     2  stm32f1xx_hal_tim_ex.o(i.HAL_TIMEx_CommutCallback)
    HAL_TIMEx_MasterConfigSynchronization    0x08000ecd   Thumb Code    66  stm32f1xx_hal_tim_ex.o(i.HAL_TIMEx_MasterConfigSynchronization)
    HAL_TIM_Base_Init                        0x08000f0f   Thumb Code    54  stm32f1xx_hal_tim.o(i.HAL_TIM_Base_Init)
    HAL_TIM_Base_MspInit                     0x08000f45   Thumb Code    50  tim.o(i.HAL_TIM_Base_MspInit)
    HAL_TIM_Base_Start_IT                    0x08000f7d   Thumb Code    34  stm32f1xx_hal_tim.o(i.HAL_TIM_Base_Start_IT)
    HAL_TIM_ConfigClockSource                0x08000f9f   Thumb Code   214  stm32f1xx_hal_tim.o(i.HAL_TIM_ConfigClockSource)
    HAL_TIM_IC_CaptureCallback               0x08001075   Thumb Code     2  stm32f1xx_hal_tim.o(i.HAL_TIM_IC_CaptureCallback)
    HAL_TIM_IRQHandler                       0x08001077   Thumb Code   358  stm32f1xx_hal_tim.o(i.HAL_TIM_IRQHandler)
    HAL_TIM_OC_DelayElapsedCallback          0x080011dd   Thumb Code     2  stm32f1xx_hal_tim.o(i.HAL_TIM_OC_DelayElapsedCallback)
    HAL_TIM_PWM_PulseFinishedCallback        0x080011df   Thumb Code     2  stm32f1xx_hal_tim.o(i.HAL_TIM_PWM_PulseFinishedCallback)
    HAL_TIM_PeriodElapsedCallback            0x080011e1   Thumb Code    24  gizwits_product.o(i.HAL_TIM_PeriodElapsedCallback)
    HAL_TIM_TriggerCallback                  0x08001201   Thumb Code     2  stm32f1xx_hal_tim.o(i.HAL_TIM_TriggerCallback)
    HAL_UART_ErrorCallback                   0x08001203   Thumb Code     2  stm32f1xx_hal_uart.o(i.HAL_UART_ErrorCallback)
    HAL_UART_IRQHandler                      0x08001205   Thumb Code   266  stm32f1xx_hal_uart.o(i.HAL_UART_IRQHandler)
    HAL_UART_Init                            0x08001315   Thumb Code    98  stm32f1xx_hal_uart.o(i.HAL_UART_Init)
    HAL_UART_MspInit                         0x08001379   Thumb Code   186  usart.o(i.HAL_UART_MspInit)
    HAL_UART_Receive_IT                      0x08001445   Thumb Code    82  stm32f1xx_hal_uart.o(i.HAL_UART_Receive_IT)
    HAL_UART_RxCpltCallback                  0x08001499   Thumb Code    34  gizwits_product.o(i.HAL_UART_RxCpltCallback)
    HAL_UART_Transmit                        0x080014c9   Thumb Code   186  stm32f1xx_hal_uart.o(i.HAL_UART_Transmit)
    HAL_UART_Transmit_IT                     0x08001583   Thumb Code    62  stm32f1xx_hal_uart.o(i.HAL_UART_Transmit_IT)
    HAL_UART_TxCpltCallback                  0x080015c1   Thumb Code     2  stm32f1xx_hal_uart.o(i.HAL_UART_TxCpltCallback)
    HardFault_Handler                        0x080015c3   Thumb Code     2  stm32f1xx_it.o(i.HardFault_Handler)
    MX_GPIO_Init                             0x080015c5   Thumb Code   122  gpio.o(i.MX_GPIO_Init)
    MX_TIM2_Init                             0x08001651   Thumb Code    96  tim.o(i.MX_TIM2_Init)
    MX_USART1_UART_Init                      0x080016b5   Thumb Code    48  usart.o(i.MX_USART1_UART_Init)
    MX_USART2_UART_Init                      0x080016ed   Thumb Code    48  usart.o(i.MX_USART2_UART_Init)
    MemManage_Handler                        0x08001725   Thumb Code     2  stm32f1xx_it.o(i.MemManage_Handler)
    NMI_Handler                              0x08001727   Thumb Code     2  stm32f1xx_it.o(i.NMI_Handler)
    PendSV_Handler                           0x08001729   Thumb Code     2  stm32f1xx_it.o(i.PendSV_Handler)
    SVC_Handler                              0x0800172b   Thumb Code     2  stm32f1xx_it.o(i.SVC_Handler)
    SysTick_Handler                          0x0800172d   Thumb Code     4  stm32f1xx_it.o(i.SysTick_Handler)
    SystemClock_Config                       0x08001731   Thumb Code    78  main.o(i.SystemClock_Config)
    SystemInit                               0x08001781   Thumb Code    56  system_stm32f1xx.o(i.SystemInit)
    TIM2_IRQHandler                          0x080017c9   Thumb Code     6  stm32f1xx_it.o(i.TIM2_IRQHandler)
    TIM_Base_SetConfig                       0x080017d5   Thumb Code   120  stm32f1xx_hal_tim.o(i.TIM_Base_SetConfig)
    TIM_ETR_SetConfig                        0x08001861   Thumb Code    20  stm32f1xx_hal_tim.o(i.TIM_ETR_SetConfig)
    USART2_IRQHandler                        0x08001b0d   Thumb Code     6  stm32f1xx_it.o(i.USART2_IRQHandler)
    UsageFault_Handler                       0x08001b19   Thumb Code     2  stm32f1xx_it.o(i.UsageFault_Handler)
    __0printf$8                              0x08001b1d   Thumb Code    22  printf8.o(i.__0printf$8)
    __1printf$8                              0x08001b1d   Thumb Code     0  printf8.o(i.__0printf$8)
    __2printf                                0x08001b1d   Thumb Code     0  printf8.o(i.__0printf$8)
    __scatterload_copy                       0x08001b5d   Thumb Code    14  handlers.o(i.__scatterload_copy)
    __scatterload_null                       0x08001b6b   Thumb Code     2  handlers.o(i.__scatterload_null)
    __scatterload_zeroinit                   0x08001b6d   Thumb Code    14  handlers.o(i.__scatterload_zeroinit)
    dht11ReadData                            0x0800204d   Thumb Code   178  hal_temp_hum.o(i.dht11ReadData)
    exchangeBytes                            0x08002105   Thumb Code    16  common.o(i.exchangeBytes)
    exchangeWord                             0x08002115   Thumb Code     4  common.o(i.exchangeWord)
    fputc                                    0x08002119   Thumb Code    20  gizwits_product.o(i.fputc)
    getKey                                   0x08002131   Thumb Code    84  hal_key.o(i.getKey)
    gizGetTimerCount                         0x08002391   Thumb Code     6  gizwits_product.o(i.gizGetTimerCount)
    gizProtocolSum                           0x08002f69   Thumb Code    36  common.o(i.gizProtocolSum)
    gizPutData                               0x08003035   Thumb Code    40  gizwits_protocol.o(i.gizPutData)
    gizTimerMs                               0x08003165   Thumb Code    10  gizwits_product.o(i.gizTimerMs)
    gizY2X                                   0x08003175   Thumb Code     8  datapointtools.o(i.gizY2X)
    gizY2XFloat                              0x0800317d   Thumb Code    24  datapointtools.o(i.gizY2XFloat)
    gizwitsEventProcess                      0x08003195   Thumb Code   128  gizwits_product.o(i.gizwitsEventProcess)
    gizwitsHandle                            0x08003299   Thumb Code   560  gizwits_protocol.o(i.gizwitsHandle)
    gizwitsInit                              0x080035dd   Thumb Code    46  gizwits_protocol.o(i.gizwitsInit)
    gizwitsSetMode                           0x0800363d   Thumb Code   222  gizwits_protocol.o(i.gizwitsSetMode)
    key1LongPress                            0x08003755   Thumb Code    18  main.o(i.key1LongPress)
    key1ShortPress                           0x08003789   Thumb Code    18  main.o(i.key1ShortPress)
    key2LongPress                            0x080037bd   Thumb Code    18  main.o(i.key2LongPress)
    key2ShortPress                           0x080037f1   Thumb Code    18  main.o(i.key2ShortPress)
    keyHandle                                0x08003821   Thumb Code   126  hal_key.o(i.keyHandle)
    keyInit                                  0x080038a1   Thumb Code    90  main.o(i.keyInit)
    keyInitOne                               0x0800391d   Thumb Code    58  hal_key.o(i.keyInitOne)
    keyParaInit                              0x0800395d   Thumb Code    20  hal_key.o(i.keyParaInit)
    main                                     0x08003975   Thumb Code    68  main.o(i.main)
    mcuRestart                               0x080039d1   Thumb Code    10  gizwits_product.o(i.mcuRestart)
    rbCanRead                                0x080039db   Thumb Code    50  ringbuffer.o(i.rbCanRead)
    rbCanWrite                               0x08003a0d   Thumb Code    28  ringbuffer.o(i.rbCanWrite)
    rbCapacity                               0x08003a29   Thumb Code    12  ringbuffer.o(i.rbCapacity)
    rbCreate                                 0x08003a35   Thumb Code    18  ringbuffer.o(i.rbCreate)
    rbRead                                   0x08003a47   Thumb Code   126  ringbuffer.o(i.rbRead)
    rbWrite                                  0x08003ac5   Thumb Code   142  ringbuffer.o(i.rbWrite)
    readKeyValue                             0x08003b55   Thumb Code   130  hal_key.o(i.readKeyValue)
    timerInit                                0x08003bdd   Thumb Code     6  gizwits_product.o(i.timerInit)
    uartInit                                 0x08003be9   Thumb Code    10  gizwits_product.o(i.uartInit)
    uartWrite                                0x08003bfd   Thumb Code   140  gizwits_product.o(i.uartWrite)
    userHandle                               0x08003cb5   Thumb Code    70  gizwits_product.o(i.userHandle)
    userInit                                 0x08003d29   Thumb Code    10  gizwits_product.o(i.userInit)
    AHBPrescTable                            0x08003d38   Data          16  system_stm32f1xx.o(.constdata)
    APBPrescTable                            0x08003d48   Data           8  system_stm32f1xx.o(.constdata)
    Region$$Table$$Base                      0x08003d50   Number         0  anon$$obj.o(Region$$Table)
    Region$$Table$$Limit                     0x08003d70   Number         0  anon$$obj.o(Region$$Table)
    aRxBuffer                                0x20000000   Data           1  gizwits_product.o(.data)
    currentDataPoint                         0x2000000c   Data           8  gizwits_product.o(.data)
    keyCountTime                             0x20000028   Data           1  hal_key.o(.data)
    keys                                     0x20000032   Data           5  main.o(.data)
    uwTickFreq                               0x20000038   Data           1  stm32f1xx_hal.o(.data)
    uwTickPrio                               0x2000003c   Data           4  stm32f1xx_hal.o(.data)
    uwTick                                   0x20000040   Data           4  stm32f1xx_hal.o(.data)
    SystemCoreClock                          0x20000044   Data           4  system_stm32f1xx.o(.data)
    __stdout                                 0x20000048   Data           4  stdout.o(.data)
    gizwitsProtocol                          0x2000004c   Data         259  gizwits_protocol.o(.bss)
    pRb                                      0x2000014f   Data          16  gizwits_protocol.o(.bss)
    singleKey                                0x2000018d   Data          42  main.o(.bss)
    htim2                                    0x200001b8   Data          64  tim.o(.bss)
    huart1                                   0x200001f8   Data          64  usart.o(.bss)
    huart2                                   0x20000238   Data          64  usart.o(.bss)
    __initial_sp                             0x20002278   Data           0  startup_stm32f103xe.o(STACK)



==============================================================================

Memory Map of the image

  Image Entry point : 0x08000131

  Load Region LR_IROM1 (Base: 0x08000000, Size: 0x00003dbc, Max: 0x00040000, ABSOLUTE)

    Execution Region ER_IROM1 (Exec base: 0x08000000, Load base: 0x08000000, Size: 0x00003d70, Max: 0x00040000, ABSOLUTE)

    Exec Addr    Load Addr    Size         Type   Attr      Idx    E Section Name        Object

    0x08000000   0x08000000   0x00000130   Data   RO            3    RESET               startup_stm32f103xe.o
    0x08000130   0x08000130   0x00000000   Code   RO         3361  * .ARM.Collect$$$$00000000  mc_w.l(entry.o)
    0x08000130   0x08000130   0x00000004   Code   RO         3649    .ARM.Collect$$$$00000001  mc_w.l(entry2.o)
    0x08000134   0x08000134   0x00000004   Code   RO         3652    .ARM.Collect$$$$00000004  mc_w.l(entry5.o)
    0x08000138   0x08000138   0x00000000   Code   RO         3654    .ARM.Collect$$$$00000008  mc_w.l(entry7b.o)
    0x08000138   0x08000138   0x00000000   Code   RO         3656    .ARM.Collect$$$$0000000A  mc_w.l(entry8b.o)
    0x08000138   0x08000138   0x00000008   Code   RO         3657    .ARM.Collect$$$$0000000B  mc_w.l(entry9a.o)
    0x08000140   0x08000140   0x00000000   Code   RO         3659    .ARM.Collect$$$$0000000D  mc_w.l(entry10a.o)
    0x08000140   0x08000140   0x00000000   Code   RO         3661    .ARM.Collect$$$$0000000F  mc_w.l(entry11a.o)
    0x08000140   0x08000140   0x00000004   Code   RO         3650    .ARM.Collect$$$$00002712  mc_w.l(entry2.o)
    0x08000144   0x08000144   0x00000024   Code   RO            4    .text               startup_stm32f103xe.o
    0x08000168   0x08000168   0x00000020   Code   RO         3364    .text               mc_w.l(llushr.o)
    0x08000188   0x08000188   0x00000024   Code   RO         3368    .text               mc_w.l(memcpya.o)
    0x080001ac   0x080001ac   0x00000024   Code   RO         3370    .text               mc_w.l(memseta.o)
    0x080001d0   0x080001d0   0x000000b0   Code   RO         3637    .text               mf_w.l(fadd.o)
    0x08000280   0x08000280   0x0000007c   Code   RO         3641    .text               mf_w.l(fdiv.o)
    0x080002fc   0x080002fc   0x00000028   Code   RO         3645    .text               mf_w.l(ffixui.o)
    0x08000324   0x08000324   0x00000014   Code   RO         3647    .text               mf_w.l(cfcmple.o)
    0x08000338   0x08000338   0x00000062   Code   RO         3666    .text               mc_w.l(uldiv.o)
    0x0800039a   0x0800039a   0x00000000   Code   RO         3668    .text               mc_w.l(iusefp.o)
    0x0800039a   0x0800039a   0x0000006e   Code   RO         3669    .text               mf_w.l(fepilogue.o)
    0x08000408   0x08000408   0x00000024   Code   RO         3681    .text               mc_w.l(init.o)
    0x0800042c   0x0800042c   0x0000001e   Code   RO         3683    .text               mc_w.l(llshl.o)
    0x0800044a   0x0800044a   0x00000002   Code   RO          949    i.BusFault_Handler  stm32f1xx_it.o
    0x0800044c   0x0800044c   0x00000020   Code   RO          445    i.DHT11_IO_IN       hal_temp_hum.o
    0x0800046c   0x0800046c   0x0000001c   Code   RO          446    i.DHT11_IO_OUT      hal_temp_hum.o
    0x08000488   0x08000488   0x00000002   Code   RO          950    i.DebugMon_Handler  stm32f1xx_it.o
    0x0800048a   0x0800048a   0x00000002   PAD
    0x0800048c   0x0800048c   0x0000002c   Code   RO          700    i.Delay_Init        delay.o
    0x080004b8   0x080004b8   0x00000028   Code   RO          701    i.Delay_Ms          delay.o
    0x080004e0   0x080004e0   0x00000028   Code   RO          702    i.Delay_Us          delay.o
    0x08000508   0x08000508   0x00000002   Code   RO          741    i.Error_Handler     main.o
    0x0800050a   0x0800050a   0x00000002   PAD
    0x0800050c   0x0800050c   0x00000130   Code   RO         2405    i.HAL_DMA_Abort_IT  stm32f1xx_hal_dma.o
    0x0800063c   0x0800063c   0x000001f8   Code   RO         2340    i.HAL_GPIO_Init     stm32f1xx_hal_gpio.o
    0x08000834   0x08000834   0x0000000a   Code   RO         2342    i.HAL_GPIO_ReadPin  stm32f1xx_hal_gpio.o
    0x0800083e   0x0800083e   0x0000000a   Code   RO         2344    i.HAL_GPIO_WritePin  stm32f1xx_hal_gpio.o
    0x08000848   0x08000848   0x0000000c   Code   RO         2036    i.HAL_GetTick       stm32f1xx_hal.o
    0x08000854   0x08000854   0x00000010   Code   RO         2042    i.HAL_IncTick       stm32f1xx_hal.o
    0x08000864   0x08000864   0x00000024   Code   RO         2043    i.HAL_Init          stm32f1xx_hal.o
    0x08000888   0x08000888   0x00000040   Code   RO         2044    i.HAL_InitTick      stm32f1xx_hal.o
    0x080008c8   0x080008c8   0x0000003c   Code   RO         1037    i.HAL_MspInit       stm32f1xx_hal_msp.o
    0x08000904   0x08000904   0x0000001a   Code   RO         2500    i.HAL_NVIC_EnableIRQ  stm32f1xx_hal_cortex.o
    0x0800091e   0x0800091e   0x00000002   PAD
    0x08000920   0x08000920   0x00000040   Code   RO         2506    i.HAL_NVIC_SetPriority  stm32f1xx_hal_cortex.o
    0x08000960   0x08000960   0x00000024   Code   RO         2507    i.HAL_NVIC_SetPriorityGrouping  stm32f1xx_hal_cortex.o
    0x08000984   0x08000984   0x00000024   Code   RO         2508    i.HAL_NVIC_SystemReset  stm32f1xx_hal_cortex.o
    0x080009a8   0x080009a8   0x0000012c   Code   RO         2200    i.HAL_RCC_ClockConfig  stm32f1xx_hal_rcc.o
    0x08000ad4   0x08000ad4   0x00000020   Code   RO         2207    i.HAL_RCC_GetPCLK1Freq  stm32f1xx_hal_rcc.o
    0x08000af4   0x08000af4   0x00000020   Code   RO         2208    i.HAL_RCC_GetPCLK2Freq  stm32f1xx_hal_rcc.o
    0x08000b14   0x08000b14   0x0000006c   Code   RO         2209    i.HAL_RCC_GetSysClockFreq  stm32f1xx_hal_rcc.o
    0x08000b80   0x08000b80   0x00000320   Code   RO         2212    i.HAL_RCC_OscConfig  stm32f1xx_hal_rcc.o
    0x08000ea0   0x08000ea0   0x00000028   Code   RO         2511    i.HAL_SYSTICK_Config  stm32f1xx_hal_cortex.o
    0x08000ec8   0x08000ec8   0x00000002   Code   RO         1774    i.HAL_TIMEx_BreakCallback  stm32f1xx_hal_tim_ex.o
    0x08000eca   0x08000eca   0x00000002   Code   RO         1775    i.HAL_TIMEx_CommutCallback  stm32f1xx_hal_tim_ex.o
    0x08000ecc   0x08000ecc   0x00000042   Code   RO         1792    i.HAL_TIMEx_MasterConfigSynchronization  stm32f1xx_hal_tim_ex.o
    0x08000f0e   0x08000f0e   0x00000036   Code   RO         1099    i.HAL_TIM_Base_Init  stm32f1xx_hal_tim.o
    0x08000f44   0x08000f44   0x00000038   Code   RO          860    i.HAL_TIM_Base_MspInit  tim.o
    0x08000f7c   0x08000f7c   0x00000022   Code   RO         1104    i.HAL_TIM_Base_Start_IT  stm32f1xx_hal_tim.o
    0x08000f9e   0x08000f9e   0x000000d6   Code   RO         1108    i.HAL_TIM_ConfigClockSource  stm32f1xx_hal_tim.o
    0x08001074   0x08001074   0x00000002   Code   RO         1128    i.HAL_TIM_IC_CaptureCallback  stm32f1xx_hal_tim.o
    0x08001076   0x08001076   0x00000166   Code   RO         1142    i.HAL_TIM_IRQHandler  stm32f1xx_hal_tim.o
    0x080011dc   0x080011dc   0x00000002   Code   RO         1145    i.HAL_TIM_OC_DelayElapsedCallback  stm32f1xx_hal_tim.o
    0x080011de   0x080011de   0x00000002   Code   RO         1172    i.HAL_TIM_PWM_PulseFinishedCallback  stm32f1xx_hal_tim.o
    0x080011e0   0x080011e0   0x00000020   Code   RO           13    i.HAL_TIM_PeriodElapsedCallback  gizwits_product.o
    0x08001200   0x08001200   0x00000002   Code   RO         1185    i.HAL_TIM_TriggerCallback  stm32f1xx_hal_tim.o
    0x08001202   0x08001202   0x00000002   Code   RO         3021    i.HAL_UART_ErrorCallback  stm32f1xx_hal_uart.o
    0x08001204   0x08001204   0x00000110   Code   RO         3024    i.HAL_UART_IRQHandler  stm32f1xx_hal_uart.o
    0x08001314   0x08001314   0x00000062   Code   RO         3025    i.HAL_UART_Init     stm32f1xx_hal_uart.o
    0x08001376   0x08001376   0x00000002   PAD
    0x08001378   0x08001378   0x000000cc   Code   RO          902    i.HAL_UART_MspInit  usart.o
    0x08001444   0x08001444   0x00000052   Code   RO         3030    i.HAL_UART_Receive_IT  stm32f1xx_hal_uart.o
    0x08001496   0x08001496   0x00000002   PAD
    0x08001498   0x08001498   0x00000030   Code   RO           14    i.HAL_UART_RxCpltCallback  gizwits_product.o
    0x080014c8   0x080014c8   0x000000ba   Code   RO         3033    i.HAL_UART_Transmit  stm32f1xx_hal_uart.o
    0x08001582   0x08001582   0x0000003e   Code   RO         3035    i.HAL_UART_Transmit_IT  stm32f1xx_hal_uart.o
    0x080015c0   0x080015c0   0x00000002   Code   RO         3036    i.HAL_UART_TxCpltCallback  stm32f1xx_hal_uart.o
    0x080015c2   0x080015c2   0x00000002   Code   RO          951    i.HardFault_Handler  stm32f1xx_it.o
    0x080015c4   0x080015c4   0x0000008c   Code   RO          835    i.MX_GPIO_Init      gpio.o
    0x08001650   0x08001650   0x00000064   Code   RO          861    i.MX_TIM2_Init      tim.o
    0x080016b4   0x080016b4   0x00000038   Code   RO          903    i.MX_USART1_UART_Init  usart.o
    0x080016ec   0x080016ec   0x00000038   Code   RO          904    i.MX_USART2_UART_Init  usart.o
    0x08001724   0x08001724   0x00000002   Code   RO          952    i.MemManage_Handler  stm32f1xx_it.o
    0x08001726   0x08001726   0x00000002   Code   RO          953    i.NMI_Handler       stm32f1xx_it.o
    0x08001728   0x08001728   0x00000002   Code   RO          954    i.PendSV_Handler    stm32f1xx_it.o
    0x0800172a   0x0800172a   0x00000002   Code   RO          955    i.SVC_Handler       stm32f1xx_it.o
    0x0800172c   0x0800172c   0x00000004   Code   RO          956    i.SysTick_Handler   stm32f1xx_it.o
    0x08001730   0x08001730   0x0000004e   Code   RO          742    i.SystemClock_Config  main.o
    0x0800177e   0x0800177e   0x00000002   PAD
    0x08001780   0x08001780   0x00000048   Code   RO         3327    i.SystemInit        system_stm32f1xx.o
    0x080017c8   0x080017c8   0x0000000c   Code   RO          957    i.TIM2_IRQHandler   stm32f1xx_it.o
    0x080017d4   0x080017d4   0x0000008c   Code   RO         1187    i.TIM_Base_SetConfig  stm32f1xx_hal_tim.o
    0x08001860   0x08001860   0x00000014   Code   RO         1198    i.TIM_ETR_SetConfig  stm32f1xx_hal_tim.o
    0x08001874   0x08001874   0x00000010   Code   RO         1199    i.TIM_ITRx_SetConfig  stm32f1xx_hal_tim.o
    0x08001884   0x08001884   0x00000022   Code   RO         1205    i.TIM_TI1_ConfigInputStage  stm32f1xx_hal_tim.o
    0x080018a6   0x080018a6   0x00000024   Code   RO         1207    i.TIM_TI2_ConfigInputStage  stm32f1xx_hal_tim.o
    0x080018ca   0x080018ca   0x00000010   Code   RO         3038    i.UART_DMAAbortOnError  stm32f1xx_hal_uart.o
    0x080018da   0x080018da   0x0000001c   Code   RO         3048    i.UART_EndRxTransfer  stm32f1xx_hal_uart.o
    0x080018f6   0x080018f6   0x00000096   Code   RO         3050    i.UART_Receive_IT   stm32f1xx_hal_uart.o
    0x0800198c   0x0800198c   0x000000b8   Code   RO         3051    i.UART_SetConfig    stm32f1xx_hal_uart.o
    0x08001a44   0x08001a44   0x00000062   Code   RO         3052    i.UART_Transmit_IT  stm32f1xx_hal_uart.o
    0x08001aa6   0x08001aa6   0x00000064   Code   RO         3053    i.UART_WaitOnFlagUntilTimeout  stm32f1xx_hal_uart.o
    0x08001b0a   0x08001b0a   0x00000002   PAD
    0x08001b0c   0x08001b0c   0x0000000c   Code   RO          958    i.USART2_IRQHandler  stm32f1xx_it.o
    0x08001b18   0x08001b18   0x00000002   Code   RO          959    i.UsageFault_Handler  stm32f1xx_it.o
    0x08001b1a   0x08001b1a   0x00000002   PAD
    0x08001b1c   0x08001b1c   0x00000020   Code   RO         3583    i.__0printf$8       mc_w.l(printf8.o)
    0x08001b3c   0x08001b3c   0x00000020   Code   RO         2513    i.__NVIC_SetPriority  stm32f1xx_hal_cortex.o
    0x08001b5c   0x08001b5c   0x0000000e   Code   RO         3691    i.__scatterload_copy  mc_w.l(handlers.o)
    0x08001b6a   0x08001b6a   0x00000002   Code   RO         3692    i.__scatterload_null  mc_w.l(handlers.o)
    0x08001b6c   0x08001b6c   0x0000000e   Code   RO         3693    i.__scatterload_zeroinit  mc_w.l(handlers.o)
    0x08001b7a   0x08001b7a   0x00000002   PAD
    0x08001b7c   0x08001b7c   0x00000410   Code   RO         3590    i._printf_core      mc_w.l(printf8.o)
    0x08001f8c   0x08001f8c   0x00000024   Code   RO         3591    i._printf_post_padding  mc_w.l(printf8.o)
    0x08001fb0   0x08001fb0   0x0000002e   Code   RO         3592    i._printf_pre_padding  mc_w.l(printf8.o)
    0x08001fde   0x08001fde   0x00000002   PAD
    0x08001fe0   0x08001fe0   0x0000006c   Code   RO          447    i.dht11ReadByte     hal_temp_hum.o
    0x0800204c   0x0800204c   0x000000b8   Code   RO          448    i.dht11ReadData     hal_temp_hum.o
    0x08002104   0x08002104   0x00000010   Code   RO          487    i.exchangeBytes     common.o
    0x08002114   0x08002114   0x00000004   Code   RO          488    i.exchangeWord      common.o
    0x08002118   0x08002118   0x00000018   Code   RO           15    i.fputc             gizwits_product.o
    0x08002130   0x08002130   0x00000058   Code   RO          389    i.getKey            hal_key.o
    0x08002188   0x08002188   0x000000d4   Code   RO          221    i.gizCheckReport    gizwits_protocol.o
    0x0800225c   0x0800225c   0x00000070   Code   RO          222    i.gizDataPoints2ReportData  gizwits_protocol.o
    0x080022cc   0x080022cc   0x000000c4   Code   RO          223    i.gizDevReportPolicy  gizwits_protocol.o
    0x08002390   0x08002390   0x0000000c   Code   RO           16    i.gizGetTimerCount  gizwits_product.o
    0x0800239c   0x0800239c   0x0000007c   Code   RO          224    i.gizProtocolAckHandle  gizwits_protocol.o
    0x08002418   0x08002418   0x00000098   Code   RO          225    i.gizProtocolCommonAck  gizwits_protocol.o
    0x080024b0   0x080024b0   0x000000a0   Code   RO          226    i.gizProtocolErrorCmd  gizwits_protocol.o
    0x08002550   0x08002550   0x00000178   Code   RO          227    i.gizProtocolGetDeviceInfo  gizwits_protocol.o
    0x080026c8   0x080026c8   0x00000160   Code   RO          228    i.gizProtocolGetOnePacket  gizwits_protocol.o
    0x08002828   0x08002828   0x0000004c   Code   RO          229    i.gizProtocolHeadInit  gizwits_protocol.o
    0x08002874   0x08002874   0x00000120   Code   RO          230    i.gizProtocolIssuedDataAck  gizwits_protocol.o
    0x08002994   0x08002994   0x000000e0   Code   RO          231    i.gizProtocolIssuedProcess  gizwits_protocol.o
    0x08002a74   0x08002a74   0x00000414   Code   RO          232    i.gizProtocolModuleStatus  gizwits_protocol.o
    0x08002e88   0x08002e88   0x0000006c   Code   RO          233    i.gizProtocolNTP    gizwits_protocol.o
    0x08002ef4   0x08002ef4   0x00000074   Code   RO          234    i.gizProtocolResendData  gizwits_protocol.o
    0x08002f68   0x08002f68   0x00000024   Code   RO          489    i.gizProtocolSum    common.o
    0x08002f8c   0x08002f8c   0x00000060   Code   RO          235    i.gizProtocolWaitAck  gizwits_protocol.o
    0x08002fec   0x08002fec   0x00000048   Code   RO          236    i.gizProtocolWaitAckCheck  gizwits_protocol.o
    0x08003034   0x08003034   0x00000068   Code   RO          237    i.gizPutData        gizwits_protocol.o
    0x0800309c   0x0800309c   0x000000c8   Code   RO          238    i.gizReportData     gizwits_protocol.o
    0x08003164   0x08003164   0x00000010   Code   RO           17    i.gizTimerMs        gizwits_product.o
    0x08003174   0x08003174   0x00000008   Code   RO          571    i.gizY2X            datapointtools.o
    0x0800317c   0x0800317c   0x00000018   Code   RO          572    i.gizY2XFloat       datapointtools.o
    0x08003194   0x08003194   0x00000104   Code   RO           18    i.gizwitsEventProcess  gizwits_product.o
    0x08003298   0x08003298   0x00000344   Code   RO          241    i.gizwitsHandle     gizwits_protocol.o
    0x080035dc   0x080035dc   0x00000060   Code   RO          242    i.gizwitsInit       gizwits_protocol.o
    0x0800363c   0x0800363c   0x00000118   Code   RO          244    i.gizwitsSetMode    gizwits_protocol.o
    0x08003754   0x08003754   0x00000034   Code   RO          743    i.key1LongPress     main.o
    0x08003788   0x08003788   0x00000034   Code   RO          744    i.key1ShortPress    main.o
    0x080037bc   0x080037bc   0x00000034   Code   RO          745    i.key2LongPress     main.o
    0x080037f0   0x080037f0   0x00000030   Code   RO          746    i.key2ShortPress    main.o
    0x08003820   0x08003820   0x0000007e   Code   RO          390    i.keyHandle         hal_key.o
    0x0800389e   0x0800389e   0x00000002   PAD
    0x080038a0   0x080038a0   0x0000007c   Code   RO          747    i.keyInit           main.o
    0x0800391c   0x0800391c   0x00000040   Code   RO          391    i.keyInitOne        hal_key.o
    0x0800395c   0x0800395c   0x00000018   Code   RO          392    i.keyParaInit       hal_key.o
    0x08003974   0x08003974   0x0000005c   Code   RO          748    i.main              main.o
    0x080039d0   0x080039d0   0x0000000a   Code   RO           19    i.mcuRestart        gizwits_product.o
    0x080039da   0x080039da   0x00000032   Code   RO          641    i.rbCanRead         ringbuffer.o
    0x08003a0c   0x08003a0c   0x0000001c   Code   RO          642    i.rbCanWrite        ringbuffer.o
    0x08003a28   0x08003a28   0x0000000c   Code   RO          643    i.rbCapacity        ringbuffer.o
    0x08003a34   0x08003a34   0x00000012   Code   RO          644    i.rbCreate          ringbuffer.o
    0x08003a46   0x08003a46   0x0000007e   Code   RO          646    i.rbRead            ringbuffer.o
    0x08003ac4   0x08003ac4   0x0000008e   Code   RO          647    i.rbWrite           ringbuffer.o
    0x08003b52   0x08003b52   0x00000002   PAD
    0x08003b54   0x08003b54   0x00000088   Code   RO          393    i.readKeyValue      hal_key.o
    0x08003bdc   0x08003bdc   0x0000000c   Code   RO           20    i.timerInit         gizwits_product.o
    0x08003be8   0x08003be8   0x00000014   Code   RO           21    i.uartInit          gizwits_product.o
    0x08003bfc   0x08003bfc   0x000000b8   Code   RO           22    i.uartWrite         gizwits_product.o
    0x08003cb4   0x08003cb4   0x00000074   Code   RO           23    i.userHandle        gizwits_product.o
    0x08003d28   0x08003d28   0x00000010   Code   RO           24    i.userInit          gizwits_product.o
    0x08003d38   0x08003d38   0x00000010   Data   RO         3328    .constdata          system_stm32f1xx.o
    0x08003d48   0x08003d48   0x00000008   Data   RO         3329    .constdata          system_stm32f1xx.o
    0x08003d50   0x08003d50   0x00000020   Data   RO         3689    Region$$Table       anon$$obj.o


    Execution Region RW_IRAM1 (Exec base: 0x20000000, Load base: 0x08003d70, Size: 0x00002278, Max: 0x0000c000, ABSOLUTE)

    Exec Addr    Load Addr    Size         Type   Attr      Idx    E Section Name        Object

    0x20000000   0x08003d70   0x00000014   Data   RW           25    .data               gizwits_product.o
    0x20000014   0x08003d84   0x00000010   Data   RW          246    .data               gizwits_protocol.o
    0x20000024   0x08003d94   0x0000000a   Data   RW          394    .data               hal_key.o
    0x2000002e   0x08003d9e   0x00000004   Data   RW          703    .data               delay.o
    0x20000032   0x08003da2   0x00000005   Data   RW          750    .data               main.o
    0x20000037   0x08003da7   0x00000001   PAD
    0x20000038   0x08003da8   0x0000000c   Data   RW         2050    .data               stm32f1xx_hal.o
    0x20000044   0x08003db4   0x00000004   Data   RW         3330    .data               system_stm32f1xx.o
    0x20000048   0x08003db8   0x00000004   Data   RW         3663    .data               mc_w.l(stdout.o)
    0x2000004c        -       0x00000141   Zero   RW          245    .bss                gizwits_protocol.o
    0x2000018d        -       0x0000002a   Zero   RW          749    .bss                main.o
    0x200001b7   0x08003dbc   0x00000001   PAD
    0x200001b8        -       0x00000040   Zero   RW          862    .bss                tim.o
    0x200001f8        -       0x00000080   Zero   RW          905    .bss                usart.o
    0x20000278        -       0x00002000   Zero   RW            1    STACK               startup_stm32f103xe.o


==============================================================================

Image component sizes


      Code (inc. data)   RO Data    RW Data    ZI Data      Debug   Object Name

        56          0          0          0          0       2104   common.o
        32          0          0          0          0       1191   datapointtools.o
       124         14          0          4          0       1635   delay.o
       750        300          0         20          0     501676   gizwits_product.o
      5224       2000          0         16        321      17586   gizwits_protocol.o
       140         18          0          0          0        915   gpio.o
       438         20          0         10          0       3881   hal_key.o
       352         24          0          0          0       2911   hal_temp_hum.o
       500        190          0          5         42       4357   main.o
       376          0          0          0          0       4126   ringbuffer.o
        36          8        304          0       8192        800   startup_stm32f103xe.o
       128         24          0         12          0       5877   stm32f1xx_hal.o
       234         24          0          0          0      29502   stm32f1xx_hal_cortex.o
       304          8          0          0          0       1159   stm32f1xx_hal_dma.o
       524         42          0          0          0       3519   stm32f1xx_hal_gpio.o
        60          8          0          0          0        838   stm32f1xx_hal_msp.o
      1272        100          0          0          0       5172   stm32f1xx_hal_rcc.o
       914         20          0          0          0       9525   stm32f1xx_hal_tim.o
        70          0          0          0          0       2337   stm32f1xx_hal_tim_ex.o
      1280         12          0          0          0      10030   stm32f1xx_hal_uart.o
        44         12          0          0          0       4600   stm32f1xx_it.o
        72         16         24          4          0       1151   system_stm32f1xx.o
       156         10          0          0         64       1606   tim.o
       316         34          0          0        128       2295   usart.o

    ----------------------------------------------------------------------
     13422       2884        360         72       8748     618793   Object Totals
         0          0         32          0          0          0   (incl. Generated)
        20          0          0          1          1          0   (incl. Padding)

    ----------------------------------------------------------------------

      Code (inc. data)   RO Data    RW Data    ZI Data      Debug   Library Member Name

         0          0          0          0          0          0   entry.o
         0          0          0          0          0          0   entry10a.o
         0          0          0          0          0          0   entry11a.o
         8          4          0          0          0          0   entry2.o
         4          0          0          0          0          0   entry5.o
         0          0          0          0          0          0   entry7b.o
         0          0          0          0          0          0   entry8b.o
         8          4          0          0          0          0   entry9a.o
        30          0          0          0          0          0   handlers.o
        36          8          0          0          0         68   init.o
         0          0          0          0          0          0   iusefp.o
        30          0          0          0          0         68   llshl.o
        32          0          0          0          0         68   llushr.o
        36          0          0          0          0         68   memcpya.o
        36          0          0          0          0        108   memseta.o
      1154         54          0          0          0        352   printf8.o
         0          0          0          4          0          0   stdout.o
        98          0          0          0          0         92   uldiv.o
        20          0          0          0          0         68   cfcmple.o
       176          0          0          0          0        140   fadd.o
       124          0          0          0          0         88   fdiv.o
       110          0          0          0          0        168   fepilogue.o
        40          0          0          0          0         68   ffixui.o

    ----------------------------------------------------------------------
      1946         70          0          4          0       1356   Library Totals
         4          0          0          0          0          0   (incl. Padding)

    ----------------------------------------------------------------------

      Code (inc. data)   RO Data    RW Data    ZI Data      Debug   Library Name

      1472         70          0          4          0        824   mc_w.l
       470          0          0          0          0        532   mf_w.l

    ----------------------------------------------------------------------
      1946         70          0          4          0       1356   Library Totals

    ----------------------------------------------------------------------

==============================================================================


      Code (inc. data)   RO Data    RW Data    ZI Data      Debug   

     15368       2954        360         76       8748     613125   Grand Totals
     15368       2954        360         76       8748     613125   ELF Image Totals
     15368       2954        360         76          0          0   ROM Totals

==============================================================================

    Total RO  Size (Code + RO Data)                15728 (  15.36kB)
    Total RW  Size (RW Data + ZI Data)              8824 (   8.62kB)
    Total ROM Size (Code + RO Data + RW Data)      15804 (  15.43kB)

==============================================================================

