<html>
<body>
<pre>
<h1>µVision Build Log</h1>
<h2>Tool Versions:</h2>
IDE-Version: ¦ÌVision V5.25.2.0
Copyright (C) 2018 ARM Ltd and ARM Germany GmbH. All rights reserved.
License Information: vito Administrator, yinerda, LIC=ATTHL-0IW5J-CWL2K-ZHXI5-LY2S8-Z2VFI
 
Tool Versions:
Toolchain:       MDK-ARM Plus  Version: 5.25.2.0
Toolchain Path:  C:\Keil_v5\ARM\ARMCC\Bin
C Compiler:      Armcc.exe V5.06 update 6 (build 750)
Assembler:       Armasm.exe V5.06 update 6 (build 750)
Linker/Locator:  ArmLink.exe V5.06 update 6 (build 750)
Library Manager: ArmAr.exe V5.06 update 6 (build 750)
Hex Converter:   FromElf.exe V5.06 update 6 (build 750)
CPU DLL:         SARMCM3.DLL V5.25.2.0
Dialog DLL:      DCM.DLL V1.17.1.0
Target DLL:      STLink\ST-LINKIII-KEIL_SWO.dll V3.0.1.0
Dialog DLL:      TCM.DLL V1.35.1.0
 
<h2>Project:</h2>
F:\Rabbit\Rabbit\Program\Gizwits\GizwitsTempAndHummonitor\MDK-ARM\GizwitsTempAndHummonitor.uvprojx
Project File Date:  05/08/2020

<h2>Output:</h2>
*** Using Compiler 'V5.06 update 6 (build 750)', folder: 'C:\Keil_v5\ARM\ARMCC\Bin'
Build target 'GizwitsTempAndHummonitor'
assembling startup_stm32f103xe.s...
compiling hal_key.c...
compiling Hal_Temp_Hum.c...
..\Hal\Hal_Temp_Hum.c(29): warning:  #223-D: function "Delay_Ms" declared implicitly
      Delay_Ms(20);    			            //Pull down Least 18ms
..\Hal\Hal_Temp_Hum.c(31): warning:  #223-D: function "Delay_Us" declared implicitly
      Delay_Us(30);     			         //Pull up 20~40us
..\Hal\Hal_Temp_Hum.c(44): warning:  #223-D: function "Delay_Us" declared implicitly
          Delay_Us(1);
..\Hal\Hal_Temp_Hum.c(59): warning:  #223-D: function "Delay_Us" declared implicitly
          Delay_Us(1);
..\Hal\Hal_Temp_Hum.c(76): warning:  #223-D: function "Delay_Us" declared implicitly
          Delay_Us(1);
..\Hal\Hal_Temp_Hum.c(83): warning:  #223-D: function "Delay_Us" declared implicitly
          Delay_Us(1);
..\Hal\Hal_Temp_Hum.c(86): warning:  #223-D: function "Delay_Us" declared implicitly
      Delay_Us(30);//wait 40us
..\Hal\Hal_Temp_Hum.c: 7 warnings, 0 errors
compiling Hal_Buzzer.c...
..\Hal\Hal_Buzzer.c(25): warning:  #223-D: function "Delay_Ms" declared implicitly
  		Delay_Ms(ms);
..\Hal\Hal_Buzzer.c: 1 warning, 0 errors
compiling gizwits_product.c...
..\Gizwits\gizwits_product.c(179): warning:  #223-D: function "SetDeviceInfo" declared implicitly
  	SetDeviceInfo(currentDataPoint);
..\Gizwits\gizwits_product.c: 1 warning, 0 errors
compiling gizwits_protocol.c...
compiling Hal_Relay.c...
compiling common.c...
compiling ringbuffer.c...
compiling delay.c...
compiling dataPointTools.c...
compiling tim.c...
compiling gpio.c...
compiling user_pro.c...
compiling usart.c...
compiling main.c...
compiling stm32f1xx_hal_msp.c...
compiling stm32f1xx_it.c...
compiling stm32f1xx_hal_gpio_ex.c...
compiling stm32f1xx_hal_tim_ex.c...
compiling stm32f1xx_hal_tim.c...
compiling stm32f1xx_hal.c...
compiling stm32f1xx_hal_rcc_ex.c...
compiling stm32f1xx_hal_rcc.c...
compiling stm32f1xx_hal_dma.c...
compiling stm32f1xx_hal_gpio.c...
compiling stm32f1xx_hal_cortex.c...
compiling stm32f1xx_hal_pwr.c...
compiling stm32f1xx_hal_flash.c...
compiling stm32f1xx_hal_flash_ex.c...
compiling stm32f1xx_hal_exti.c...
compiling system_stm32f1xx.c...
compiling stm32f1xx_hal_uart.c...
linking...
Program Size: Code=19972 RO-data=360 RW-data=76 ZI-data=4812  
FromELF: creating hex file...
"GizwitsTempAndHummonitor\GizwitsTempAndHummonitor.axf" - 0 Error(s), 9 Warning(s).

<h2>Software Packages used:</h2>

Package Vendor: ARM
                http://www.keil.com/pack/ARM.CMSIS.5.4.0.pack
                ARM.CMSIS.5.4.0
                CMSIS (Cortex Microcontroller Software Interface Standard)
   * Component: CORE Version: 5.1.2

Package Vendor: Keil
                http://www.keil.com/pack/Keil.STM32F1xx_DFP.2.3.0.pack
                Keil.STM32F1xx_DFP.2.3.0
                STMicroelectronics STM32F1 Series Device Support, Drivers and Examples

<h2>Collection of Component include folders:</h2>
  .\RTE\_GizwitsTempAndHummonitor
  C:\Keil_v5\ARM\PACK\ARM\CMSIS\5.4.0\CMSIS\Core\Include
  C:\Keil_v5\ARM\PACK\Keil\STM32F1xx_DFP\2.3.0\Device\Include

<h2>Collection of Component Files used:</h2>

   * Component: ARM::CMSIS:CORE:5.1.2
Build Time Elapsed:  00:00:15
</pre>
</body>
</html>
