Component: ARM Compiler 5.06 update 6 (build 750) Tool: armlink [4d35ed]

==============================================================================

Section Cross References

    startup_stm32f103xe.o(RESET) refers to startup_stm32f103xe.o(STACK) for __initial_sp
    startup_stm32f103xe.o(RESET) refers to startup_stm32f103xe.o(.text) for Reset_Handler
    startup_stm32f103xe.o(RESET) refers to stm32f1xx_it.o(i.NMI_Handler) for NMI_Handler
    startup_stm32f103xe.o(RESET) refers to stm32f1xx_it.o(i.HardFault_Handler) for HardFault_Handler
    startup_stm32f103xe.o(RESET) refers to stm32f1xx_it.o(i.MemManage_Handler) for MemManage_Handler
    startup_stm32f103xe.o(RESET) refers to stm32f1xx_it.o(i.BusFault_Handler) for BusFault_Handler
    startup_stm32f103xe.o(RESET) refers to stm32f1xx_it.o(i.UsageFault_Handler) for UsageFault_Handler
    startup_stm32f103xe.o(RESET) refers to stm32f1xx_it.o(i.SVC_Handler) for SVC_Handler
    startup_stm32f103xe.o(RESET) refers to stm32f1xx_it.o(i.DebugMon_Handler) for DebugMon_Handler
    startup_stm32f103xe.o(RESET) refers to stm32f1xx_it.o(i.PendSV_Handler) for PendSV_Handler
    startup_stm32f103xe.o(RESET) refers to stm32f1xx_it.o(i.SysTick_Handler) for SysTick_Handler
    startup_stm32f103xe.o(RESET) refers to stm32f1xx_it.o(i.EXTI1_IRQHandler) for EXTI1_IRQHandler
    startup_stm32f103xe.o(RESET) refers to stm32f1xx_it.o(i.EXTI4_IRQHandler) for EXTI4_IRQHandler
    startup_stm32f103xe.o(RESET) refers to stm32f1xx_it.o(i.TIM2_IRQHandler) for TIM2_IRQHandler
    startup_stm32f103xe.o(RESET) refers to stm32f1xx_it.o(i.USART2_IRQHandler) for USART2_IRQHandler
    startup_stm32f103xe.o(.text) refers to system_stm32f1xx.o(i.SystemInit) for SystemInit
    startup_stm32f103xe.o(.text) refers to entry.o(.ARM.Collect$$$$00000000) for __main
    gizwits_product.o(i.HAL_TIM_PeriodElapsedCallback) refers to hal_key_1.o(i.keyHandle) for keyHandle
    gizwits_product.o(i.HAL_TIM_PeriodElapsedCallback) refers to gizwits_product.o(i.gizTimerMs) for gizTimerMs
    gizwits_product.o(i.HAL_TIM_PeriodElapsedCallback) refers to tim.o(.bss) for htim2
    gizwits_product.o(i.HAL_TIM_PeriodElapsedCallback) refers to main.o(.data) for keys
    gizwits_product.o(i.HAL_UART_RxCpltCallback) refers to gizwits_protocol.o(i.gizPutData) for gizPutData
    gizwits_product.o(i.HAL_UART_RxCpltCallback) refers to stm32f1xx_hal_uart.o(i.HAL_UART_Receive_IT) for HAL_UART_Receive_IT
    gizwits_product.o(i.HAL_UART_RxCpltCallback) refers to gizwits_product.o(.data) for .data
    gizwits_product.o(i.HAL_UART_RxCpltCallback) refers to usart.o(.bss) for huart2
    gizwits_product.o(i.fputc) refers to stm32f1xx_hal_uart.o(i.HAL_UART_Transmit) for HAL_UART_Transmit
    gizwits_product.o(i.fputc) refers to usart.o(.bss) for huart1
    gizwits_product.o(i.gizGetTimerCount) refers to gizwits_product.o(.data) for .data
    gizwits_product.o(i.gizTimerMs) refers to gizwits_product.o(.data) for .data
    gizwits_product.o(i.gizwitsEventProcess) refers to printf8.o(i.__0printf$8) for __2printf
    gizwits_product.o(i.gizwitsEventProcess) refers to user_pro.o(i.SetDeviceInfo) for SetDeviceInfo
    gizwits_product.o(i.gizwitsEventProcess) refers to gizwits_product.o(.data) for .data
    gizwits_product.o(i.mcuRestart) refers to stm32f1xx_hal_cortex.o(i.HAL_NVIC_SystemReset) for HAL_NVIC_SystemReset
    gizwits_product.o(i.timerInit) refers to stm32f1xx_hal_tim.o(i.HAL_TIM_Base_Start_IT) for HAL_TIM_Base_Start_IT
    gizwits_product.o(i.timerInit) refers to tim.o(.bss) for htim2
    gizwits_product.o(i.uartInit) refers to stm32f1xx_hal_uart.o(i.HAL_UART_Receive_IT) for HAL_UART_Receive_IT
    gizwits_product.o(i.uartInit) refers to gizwits_product.o(.data) for .data
    gizwits_product.o(i.uartInit) refers to usart.o(.bss) for huart2
    gizwits_product.o(i.uartWrite) refers to stm32f1xx_hal_uart.o(i.HAL_UART_Transmit_IT) for HAL_UART_Transmit_IT
    gizwits_product.o(i.uartWrite) refers to printf8.o(i.__0printf$8) for __2printf
    gizwits_product.o(i.uartWrite) refers to usart.o(.bss) for huart2
    gizwits_product.o(i.uartWrite) refers to gizwits_product.o(.data) for .data
    gizwits_product.o(i.userInit) refers to gizwits_product.o(.data) for .data
    gizwits_protocol.o(i.gizCheckReport) refers to gizwits_product.o(i.gizGetTimerCount) for gizGetTimerCount
    gizwits_protocol.o(i.gizCheckReport) refers to printf8.o(i.__0printf$8) for __2printf
    gizwits_protocol.o(i.gizCheckReport) refers to gizwits_protocol.o(.data) for .data
    gizwits_protocol.o(i.gizDataPoint2Event) refers to datapointtools.o(i.gizStandardDecompressionValue) for gizStandardDecompressionValue
    gizwits_protocol.o(i.gizDataPoint2Event) refers to printf8.o(i.__0printf$8) for __2printf
    gizwits_protocol.o(i.gizDataPoints2ReportData) refers to datapointtools.o(i.gizStandardCompressValue) for gizStandardCompressValue
[...]
    ../Drivers/STM32F1xx_HAL_Driver/Src/stm32f1xx_hal_cortex.c 0x00000000   Number         0  stm32f1xx_hal_cortex.o ABSOLUTE
    ../Drivers/STM32F1xx_HAL_Driver/Src/stm32f1xx_hal_dma.c 0x00000000   Number         0  stm32f1xx_hal_dma.o ABSOLUTE
    ../Drivers/STM32F1xx_HAL_Driver/Src/stm32f1xx_hal_exti.c 0x00000000   Number         0  stm32f1xx_hal_exti.o ABSOLUTE
    ../Drivers/STM32F1xx_HAL_Driver/Src/stm32f1xx_hal_flash.c 0x00000000   Number         0  stm32f1xx_hal_flash.o ABSOLUTE
    ../Drivers/STM32F1xx_HAL_Driver/Src/stm32f1xx_hal_flash_ex.c 0x00000000   Number         0  stm32f1xx_hal_flash_ex.o ABSOLUTE
    ../Drivers/STM32F1xx_HAL_Driver/Src/stm32f1xx_hal_gpio.c 0x00000000   Number         0  stm32f1xx_hal_gpio.o ABSOLUTE
    ../Drivers/STM32F1xx_HAL_Driver/Src/stm32f1xx_hal_gpio_ex.c 0x00000000   Number         0  stm32f1xx_hal_gpio_ex.o ABSOLUTE
    ../Drivers/STM32F1xx_HAL_Driver/Src/stm32f1xx_hal_pwr.c 0x00000000   Number         0  stm32f1xx_hal_pwr.o ABSOLUTE
    ../Drivers/STM32F1xx_HAL_Driver/Src/stm32f1xx_hal_rcc.c 0x00000000   Number         0  stm32f1xx_hal_rcc.o ABSOLUTE
    ../Drivers/STM32F1xx_HAL_Driver/Src/stm32f1xx_hal_rcc_ex.c 0x00000000   Number         0  stm32f1xx_hal_rcc_ex.o ABSOLUTE
    ../Drivers/STM32F1xx_HAL_Driver/Src/stm32f1xx_hal_tim.c 0x00000000   Number         0  stm32f1xx_hal_tim.o ABSOLUTE
    ../Drivers/STM32F1xx_HAL_Driver/Src/stm32f1xx_hal_tim_ex.c 0x00000000   Number         0  stm32f1xx_hal_tim_ex.o ABSOLUTE
    ../Drivers/STM32F1xx_HAL_Driver/Src/stm32f1xx_hal_uart.c 0x00000000   Number         0  stm32f1xx_hal_uart.o ABSOLUTE
    ../Src/gpio.c                            0x00000000   Number         0  gpio.o ABSOLUTE
    ../Src/main.c                            0x00000000   Number         0  main.o ABSOLUTE
    ../Src/stm32f1xx_hal_msp.c               0x00000000   Number         0  stm32f1xx_hal_msp.o ABSOLUTE
    ../Src/stm32f1xx_it.c                    0x00000000   Number         0  stm32f1xx_it.o ABSOLUTE
    ../Src/system_stm32f1xx.c                0x00000000   Number         0  system_stm32f1xx.o ABSOLUTE
    ../Src/tim.c                             0x00000000   Number         0  tim.o ABSOLUTE
    ../Src/usart.c                           0x00000000   Number         0  usart.o ABSOLUTE
    ../clib/microlib/ctype/toupper.c         0x00000000   Number         0  toupper.o ABSOLUTE
    ../clib/microlib/division.c              0x00000000   Number         0  uidiv.o ABSOLUTE
    ../clib/microlib/division.c              0x00000000   Number         0  uldiv.o ABSOLUTE
    ../clib/microlib/init/entry.s            0x00000000   Number         0  entry10b.o ABSOLUTE
    ../clib/microlib/init/entry.s            0x00000000   Number         0  entry11a.o ABSOLUTE
    ../clib/microlib/init/entry.s            0x00000000   Number         0  entry.o ABSOLUTE
    ../clib/microlib/init/entry.s            0x00000000   Number         0  entry10a.o ABSOLUTE
    ../clib/microlib/init/entry.s            0x00000000   Number         0  entry9b.o ABSOLUTE
    ../clib/microlib/init/entry.s            0x00000000   Number         0  entry9a.o ABSOLUTE
    ../clib/microlib/init/entry.s            0x00000000   Number         0  entry11b.o ABSOLUTE
    ../clib/microlib/init/entry.s            0x00000000   Number         0  entry8b.o ABSOLUTE
    ../clib/microlib/init/entry.s            0x00000000   Number         0  entry8a.o ABSOLUTE
    ../clib/microlib/init/entry.s            0x00000000   Number         0  entry7b.o ABSOLUTE
    ../clib/microlib/init/entry.s            0x00000000   Number         0  entry7a.o ABSOLUTE
    ../clib/microlib/init/entry.s            0x00000000   Number         0  entry5.o ABSOLUTE
    ../clib/microlib/init/entry.s            0x00000000   Number         0  entry2.o ABSOLUTE
    ../clib/microlib/longlong.c              0x00000000   Number         0  llsshr.o ABSOLUTE
    ../clib/microlib/longlong.c              0x00000000   Number         0  llushr.o ABSOLUTE
    ../clib/microlib/longlong.c              0x00000000   Number         0  llshl.o ABSOLUTE
    ../clib/microlib/printf/printf.c         0x00000000   Number         0  printf4.o ABSOLUTE
    ../clib/microlib/printf/printf.c         0x00000000   Number         0  printf2.o ABSOLUTE
    ../clib/microlib/printf/printf.c         0x00000000   Number         0  printf1.o ABSOLUTE
    ../clib/microlib/printf/printf.c         0x00000000   Number         0  printf0.o ABSOLUTE
    ../clib/microlib/printf/printf.c         0x00000000   Number         0  printfb.o ABSOLUTE
    ../clib/microlib/printf/printf.c         0x00000000   Number         0  printf6.o ABSOLUTE
    ../clib/microlib/printf/printf.c         0x00000000   Number         0  printf5.o ABSOLUTE
    ../clib/microlib/printf/printf.c         0x00000000   Number         0  printf7.o ABSOLUTE
    ../clib/microlib/printf/printf.c         0x00000000   Number         0  printf8.o ABSOLUTE
    ../clib/microlib/printf/printf.c         0x00000000   Number         0  printfa.o ABSOLUTE
    ../clib/microlib/printf/printf.c         0x00000000   Number         0  printf3.o ABSOLUTE
    ../clib/microlib/printf/stubs.s          0x00000000   Number         0  stubs.o ABSOLUTE
    ../clib/microlib/stdio/streams.c         0x00000000   Number         0  stdout.o ABSOLUTE
    ../clib/microlib/string/memcpy.c         0x00000000   Number         0  memcpyb.o ABSOLUTE
    ../clib/microlib/string/memcpy.c         0x00000000   Number         0  memcpya.o ABSOLUTE
    ../clib/microlib/string/memset.c         0x00000000   Number         0  memseta.o ABSOLUTE
    ../clib/microlib/string/strlen.c         0x00000000   Number         0  strlen.o ABSOLUTE
    ../clib/microlib/stubs.s                 0x00000000   Number         0  iusefp.o ABSOLUTE
    ../fplib/microlib/fpadd.c                0x00000000   Number         0  fadd.o ABSOLUTE
    ../fplib/microlib/fpadd.c                0x00000000   Number         0  dadd.o ABSOLUTE
    ../fplib/microlib/fpdiv.c                0x00000000   Number         0  fdiv.o ABSOLUTE
    ../fplib/microlib/fpdiv.c                0x00000000   Number         0  ddiv.o ABSOLUTE
    ../fplib/microlib/fpepilogue.c           0x00000000   Number         0  depilogue.o ABSOLUTE
    ../fplib/microlib/fpepilogue.c           0x00000000   Number         0  fepilogue.o ABSOLUTE
    ../fplib/microlib/fpfix.c                0x00000000   Number         0  ffixui.o ABSOLUTE
    ../fplib/microlib/fpfix.c                0x00000000   Number         0  dfixul.o ABSOLUTE
    ../fplib/microlib/fpflt.c                0x00000000   Number         0  ffltui.o ABSOLUTE
    ../fplib/microlib/fpmul.c                0x00000000   Number         0  fmul.o ABSOLUTE
    ../fplib/microlib/fpmul.c                0x00000000   Number         0  dmul.o ABSOLUTE
    ..\Drivers\STM32F1xx_HAL_Driver\Src\stm32f1xx_hal.c 0x00000000   Number         0  stm32f1xx_hal.o ABSOLUTE
    ..\Drivers\STM32F1xx_HAL_Driver\Src\stm32f1xx_hal_cortex.c 0x00000000   Number         0  stm32f1xx_hal_cortex.o ABSOLUTE
    ..\Drivers\STM32F1xx_HAL_Driver\Src\stm32f1xx_hal_dma.c 0x00000000   Number         0  stm32f1xx_hal_dma.o ABSOLUTE
    ..\Drivers\STM32F1xx_HAL_Driver\Src\stm32f1xx_hal_exti.c 0x00000000   Number         0  stm32f1xx_hal_exti.o ABSOLUTE
    ..\Drivers\STM32F1xx_HAL_Driver\Src\stm32f1xx_hal_flash.c 0x00000000   Number         0  stm32f1xx_hal_flash.o ABSOLUTE
    ..\Drivers\STM32F1xx_HAL_Driver\Src\stm32f1xx_hal_flash_ex.c 0x00000000   Number         0  stm32f1xx_hal_flash_ex.o ABSOLUTE
    ..\Drivers\STM32F1xx_HAL_Driver\Src\stm32f1xx_hal_gpio.c 0x00000000   Number         0  stm32f1xx_hal_gpio.o ABSOLUTE
    ..\Drivers\STM32F1xx_HAL_Driver\Src\stm32f1xx_hal_gpio_ex.c 0x00000000   Number         0  stm32f1xx_hal_gpio_ex.o ABSOLUTE
    ..\Drivers\STM32F1xx_HAL_Driver\Src\stm32f1xx_hal_pwr.c 0x00000000   Number         0  stm32f1xx_hal_pwr.o ABSOLUTE
    ..\Drivers\STM32F1xx_HAL_Driver\Src\stm32f1xx_hal_rcc.c 0x00000000   Number         0  stm32f1xx_hal_rcc.o ABSOLUTE
    ..\Drivers\STM32F1xx_HAL_Driver\Src\stm32f1xx_hal_rcc_ex.c 0x00000000   Number         0  stm32f1xx_hal_rcc_ex.o ABSOLUTE
    ..\Drivers\STM32F1xx_HAL_Driver\Src\stm32f1xx_hal_tim.c 0x00000000   Number         0  stm32f1xx_hal_tim.o ABSOLUTE
    ..\Drivers\STM32F1xx_HAL_Driver\Src\stm32f1xx_hal_tim_ex.c 0x00000000   Number         0  stm32f1xx_hal_tim_ex.o ABSOLUTE
    ..\Drivers\STM32F1xx_HAL_Driver\Src\stm32f1xx_hal_uart.c 0x00000000   Number         0  stm32f1xx_hal_uart.o ABSOLUTE
    ..\Gizwits\gizwits_product.c             0x00000000   Number         0  gizwits_product.o ABSOLUTE
    ..\Gizwits\gizwits_protocol.c            0x00000000   Number         0  gizwits_protocol.o ABSOLUTE
    ..\Hal\Hal_Buzzer.c                      0x00000000   Number         0  hal_buzzer.o ABSOLUTE
    ..\Hal\Hal_Infrared_Tube.c               0x00000000   Number         0  hal_infrared_tube.o ABSOLUTE
    ..\Hal\Hal_Pyr.c                         0x00000000   Number         0  hal_pyr_1.o ABSOLUTE
    ..\Hal\hal_key.c                         0x00000000   Number         0  hal_key_1.o ABSOLUTE
    ..\Src\gpio.c                            0x00000000   Number         0  gpio.o ABSOLUTE
    ..\Src\main.c                            0x00000000   Number         0  main.o ABSOLUTE
    ..\Src\stm32f1xx_hal_msp.c               0x00000000   Number         0  stm32f1xx_hal_msp.o ABSOLUTE
    ..\Src\stm32f1xx_it.c                    0x00000000   Number         0  stm32f1xx_it.o ABSOLUTE
    ..\Src\system_stm32f1xx.c                0x00000000   Number         0  system_stm32f1xx.o ABSOLUTE
    ..\Src\tim.c                             0x00000000   Number         0  tim.o ABSOLUTE
    ..\Src\usart.c                           0x00000000   Number         0  usart.o ABSOLUTE
    ..\Src\user_pro.c                        0x00000000   Number         0  user_pro.o ABSOLUTE
    ..\Utils\common.c                        0x00000000   Number         0  common.o ABSOLUTE
    ..\Utils\dataPointTools.c                0x00000000   Number         0  datapointtools.o ABSOLUTE
    ..\Utils\delay.c                         0x00000000   Number         0  delay.o ABSOLUTE
    ..\Utils\ringbuffer.c                    0x00000000   Number         0  ringbuffer.o ABSOLUTE
    ..\\Gizwits\\gizwits_product.c           0x00000000   Number         0  gizwits_product.o ABSOLUTE
    ..\\Gizwits\\gizwits_protocol.c          0x00000000   Number         0  gizwits_protocol.o ABSOLUTE
    ..\\Hal\\Hal_Buzzer.c                    0x00000000   Number         0  hal_buzzer.o ABSOLUTE
    ..\\Hal\\Hal_Infrared_Tube.c             0x00000000   Number         0  hal_infrared_tube.o ABSOLUTE
    ..\\Hal\\Hal_Pyr.c                       0x00000000   Number         0  hal_pyr_1.o ABSOLUTE
    ..\\Hal\\hal_key.c                       0x00000000   Number         0  hal_key_1.o ABSOLUTE
    ..\\Src\\user_pro.c                      0x00000000   Number         0  user_pro.o ABSOLUTE
    ..\\Utils\\common.c                      0x00000000   Number         0  common.o ABSOLUTE
    ..\\Utils\\dataPointTools.c              0x00000000   Number         0  datapointtools.o ABSOLUTE
    ..\\Utils\\delay.c                       0x00000000   Number         0  delay.o ABSOLUTE
    ..\\Utils\\ringbuffer.c                  0x00000000   Number         0  ringbuffer.o ABSOLUTE
    cdrcmple.s                               0x00000000   Number         0  cdrcmple.o ABSOLUTE
    dc.s                                     0x00000000   Number         0  dc.o ABSOLUTE
    handlers.s                               0x00000000   Number         0  handlers.o ABSOLUTE
    init.s                                   0x00000000   Number         0  init.o ABSOLUTE
    startup_stm32f103xe.s                    0x00000000   Number         0  startup_stm32f103xe.o ABSOLUTE
    RESET                                    0x08000000   Section      304  startup_stm32f103xe.o(RESET)
    .ARM.Collect$$$$00000000                 0x08000130   Section        0  entry.o(.ARM.Collect$$$$00000000)
    .ARM.Collect$$$$00000001                 0x08000130   Section        4  entry2.o(.ARM.Collect$$$$00000001)
    .ARM.Collect$$$$00000004                 0x08000134   Section        4  entry5.o(.ARM.Collect$$$$00000004)
    .ARM.Collect$$$$00000008                 0x08000138   Section        0  entry7b.o(.ARM.Collect$$$$00000008)
    .ARM.Collect$$$$0000000A                 0x08000138   Section        0  entry8b.o(.ARM.Collect$$$$0000000A)
    .ARM.Collect$$$$0000000B                 0x08000138   Section        8  entry9a.o(.ARM.Collect$$$$0000000B)
    .ARM.Collect$$$$0000000D                 0x08000140   Section        0  entry10a.o(.ARM.Collect$$$$0000000D)
    .ARM.Collect$$$$0000000F                 0x08000140   Section        0  entry11a.o(.ARM.Collect$$$$0000000F)
    .ARM.Collect$$$$00002712                 0x08000140   Section        4  entry2.o(.ARM.Collect$$$$00002712)
    __lit__00000000                          0x08000140   Data           4  entry2.o(.ARM.Collect$$$$00002712)
    .text                                    0x08000144   Section       36  startup_stm32f103xe.o(.text)
    .text                                    0x08000168   Section        0  llushr.o(.text)
    .text                                    0x08000188   Section        0  memcpya.o(.text)
    .text                                    0x080001ac   Section        0  memseta.o(.text)
    .text                                    0x080001d0   Section        0  uldiv.o(.text)
    .text                                    0x08000234   Section       36  init.o(.text)
    .text                                    0x08000258   Section        0  llshl.o(.text)
    i.BusFault_Handler                       0x08000276   Section        0  stm32f1xx_it.o(i.BusFault_Handler)
    i.Control_Buzzer                         0x08000278   Section        0  hal_buzzer.o(i.Control_Buzzer)
    i.DebugMon_Handler                       0x080002b8   Section        0  stm32f1xx_it.o(i.DebugMon_Handler)
    i.Delay_Init                             0x080002bc   Section        0  delay.o(i.Delay_Init)
    i.Delay_Ms                               0x080002e8   Section        0  delay.o(i.Delay_Ms)
    i.EXTI1_IRQHandler                       0x08000310   Section        0  stm32f1xx_it.o(i.EXTI1_IRQHandler)
    i.EXTI4_IRQHandler                       0x08000316   Section        0  stm32f1xx_it.o(i.EXTI4_IRQHandler)
    i.Error_Handler                          0x0800031c   Section        0  main.o(i.Error_Handler)
    i.Get_InfTube_State                      0x08000320   Section        0  hal_infrared_tube.o(i.Get_InfTube_State)
    i.Get_InfTube_State_Trigger              0x0800032c   Section        0  hal_infrared_tube.o(i.Get_InfTube_State_Trigger)
    i.Get_Pyr_State                          0x08000340   Section        0  hal_pyr_1.o(i.Get_Pyr_State)
    i.Get_Pyr_State_Trigger                  0x0800034c   Section        0  hal_pyr_1.o(i.Get_Pyr_State_Trigger)
    i.HAL_DMA_Abort_IT                       0x08000360   Section        0  stm32f1xx_hal_dma.o(i.HAL_DMA_Abort_IT)
    i.HAL_GPIO_EXTI_Callback                 0x08000490   Section        0  user_pro.o(i.HAL_GPIO_EXTI_Callback)
    i.HAL_GPIO_EXTI_IRQHandler               0x080004c4   Section        0  stm32f1xx_hal_gpio.o(i.HAL_GPIO_EXTI_IRQHandler)
    i.HAL_GPIO_Init                          0x080004dc   Section        0  stm32f1xx_hal_gpio.o(i.HAL_GPIO_Init)
    i.HAL_GPIO_ReadPin                       0x080006d4   Section        0  stm32f1xx_hal_gpio.o(i.HAL_GPIO_ReadPin)
    i.HAL_GPIO_WritePin                      0x080006de   Section        0  stm32f1xx_hal_gpio.o(i.HAL_GPIO_WritePin)
    i.HAL_GetTick                            0x080006e8   Section        0  stm32f1xx_hal.o(i.HAL_GetTick)
    i.HAL_IncTick                            0x080006f4   Section        0  stm32f1xx_hal.o(i.HAL_IncTick)
    i.HAL_Init                               0x08000704   Section        0  stm32f1xx_hal.o(i.HAL_Init)
    i.HAL_InitTick                           0x08000728   Section        0  stm32f1xx_hal.o(i.HAL_InitTick)
    i.HAL_MspInit                            0x08000768   Section        0  stm32f1xx_hal_msp.o(i.HAL_MspInit)
    i.HAL_NVIC_EnableIRQ                     0x080007a4   Section        0  stm32f1xx_hal_cortex.o(i.HAL_NVIC_EnableIRQ)
    i.HAL_NVIC_SetPriority                   0x080007c0   Section        0  stm32f1xx_hal_cortex.o(i.HAL_NVIC_SetPriority)
    i.HAL_NVIC_SetPriorityGrouping           0x08000800   Section        0  stm32f1xx_hal_cortex.o(i.HAL_NVIC_SetPriorityGrouping)
    i.HAL_NVIC_SystemReset                   0x08000824   Section        0  stm32f1xx_hal_cortex.o(i.HAL_NVIC_SystemReset)
    i.HAL_RCC_ClockConfig                    0x08000848   Section        0  stm32f1xx_hal_rcc.o(i.HAL_RCC_ClockConfig)
    i.HAL_RCC_GetPCLK1Freq                   0x08000974   Section        0  stm32f1xx_hal_rcc.o(i.HAL_RCC_GetPCLK1Freq)
    i.HAL_RCC_GetPCLK2Freq                   0x08000994   Section        0  stm32f1xx_hal_rcc.o(i.HAL_RCC_GetPCLK2Freq)
    i.HAL_RCC_GetSysClockFreq                0x080009b4   Section        0  stm32f1xx_hal_rcc.o(i.HAL_RCC_GetSysClockFreq)
    i.HAL_RCC_OscConfig                      0x08000a20   Section        0  stm32f1xx_hal_rcc.o(i.HAL_RCC_OscConfig)
    i.HAL_SYSTICK_Config                     0x08000d40   Section        0  stm32f1xx_hal_cortex.o(i.HAL_SYSTICK_Config)
    i.HAL_TIMEx_BreakCallback                0x08000d68   Section        0  stm32f1xx_hal_tim_ex.o(i.HAL_TIMEx_BreakCallback)
    i.HAL_TIMEx_CommutCallback               0x08000d6a   Section        0  stm32f1xx_hal_tim_ex.o(i.HAL_TIMEx_CommutCallback)
    i.HAL_TIMEx_MasterConfigSynchronization  0x08000d6c   Section        0  stm32f1xx_hal_tim_ex.o(i.HAL_TIMEx_MasterConfigSynchronization)
    i.HAL_TIM_Base_Init                      0x08000dae   Section        0  stm32f1xx_hal_tim.o(i.HAL_TIM_Base_Init)
    i.HAL_TIM_Base_MspInit                   0x08000de4   Section        0  tim.o(i.HAL_TIM_Base_MspInit)
    i.HAL_TIM_Base_Start_IT                  0x08000e1c   Section        0  stm32f1xx_hal_tim.o(i.HAL_TIM_Base_Start_IT)
    i.HAL_TIM_ConfigClockSource              0x08000e3e   Section        0  stm32f1xx_hal_tim.o(i.HAL_TIM_ConfigClockSource)
    i.HAL_TIM_IC_CaptureCallback             0x08000f14   Section        0  stm32f1xx_hal_tim.o(i.HAL_TIM_IC_CaptureCallback)
    i.HAL_TIM_IRQHandler                     0x08000f16   Section        0  stm32f1xx_hal_tim.o(i.HAL_TIM_IRQHandler)
    i.HAL_TIM_OC_DelayElapsedCallback        0x0800107c   Section        0  stm32f1xx_hal_tim.o(i.HAL_TIM_OC_DelayElapsedCallback)
    i.HAL_TIM_PWM_PulseFinishedCallback      0x0800107e   Section        0  stm32f1xx_hal_tim.o(i.HAL_TIM_PWM_PulseFinishedCallback)
    i.HAL_TIM_PeriodElapsedCallback          0x08001080   Section        0  gizwits_product.o(i.HAL_TIM_PeriodElapsedCallback)
    i.HAL_TIM_TriggerCallback                0x080010a0   Section        0  stm32f1xx_hal_tim.o(i.HAL_TIM_TriggerCallback)
    i.HAL_UART_ErrorCallback                 0x080010a2   Section        0  stm32f1xx_hal_uart.o(i.HAL_UART_ErrorCallback)
    i.HAL_UART_IRQHandler                    0x080010a4   Section        0  stm32f1xx_hal_uart.o(i.HAL_UART_IRQHandler)
    i.HAL_UART_Init                          0x080011b4   Section        0  stm32f1xx_hal_uart.o(i.HAL_UART_Init)
    i.HAL_UART_MspInit                       0x08001218   Section        0  usart.o(i.HAL_UART_MspInit)
    i.HAL_UART_Receive_IT                    0x080012e4   Section        0  stm32f1xx_hal_uart.o(i.HAL_UART_Receive_IT)
    i.HAL_UART_RxCpltCallback                0x08001338   Section        0  gizwits_product.o(i.HAL_UART_RxCpltCallback)
    i.HAL_UART_Transmit                      0x08001368   Section        0  stm32f1xx_hal_uart.o(i.HAL_UART_Transmit)
    i.HAL_UART_Transmit_IT                   0x08001422   Section        0  stm32f1xx_hal_uart.o(i.HAL_UART_Transmit_IT)
    i.HAL_UART_TxCpltCallback                0x08001460   Section        0  stm32f1xx_hal_uart.o(i.HAL_UART_TxCpltCallback)
    i.HardFault_Handler                      0x08001462   Section        0  stm32f1xx_it.o(i.HardFault_Handler)
    i.Init_Buzzer                            0x08001464   Section        0  hal_buzzer.o(i.Init_Buzzer)
    i.MX_GPIO_Init                           0x08001474   Section        0  gpio.o(i.MX_GPIO_Init)
    i.MX_TIM2_Init                           0x08001560   Section        0  tim.o(i.MX_TIM2_Init)
    i.MX_USART1_UART_Init                    0x080015c4   Section        0  usart.o(i.MX_USART1_UART_Init)
    i.MX_USART2_UART_Init                    0x080015fc   Section        0  usart.o(i.MX_USART2_UART_Init)
    i.MemManage_Handler                      0x08001634   Section        0  stm32f1xx_it.o(i.MemManage_Handler)
    i.NMI_Handler                            0x08001636   Section        0  stm32f1xx_it.o(i.NMI_Handler)
    i.PendSV_Handler                         0x08001638   Section        0  stm32f1xx_it.o(i.PendSV_Handler)
    i.SVC_Handler                            0x0800163a   Section        0  stm32f1xx_it.o(i.SVC_Handler)
    i.SetDeviceInfo                          0x0800163c   Section        0  user_pro.o(i.SetDeviceInfo)
    i.Set_InfTube_State                      0x08001670   Section        0  hal_infrared_tube.o(i.Set_InfTube_State)
    i.Set_Pyr_State                          0x080016b4   Section        0  hal_pyr_1.o(i.Set_Pyr_State)
    i.SysTick_Handler                        0x080016c4   Section        0  stm32f1xx_it.o(i.SysTick_Handler)
    i.SystemClock_Config                     0x080016c8   Section        0  main.o(i.SystemClock_Config)
    i.SystemInit                             0x08001718   Section        0  system_stm32f1xx.o(i.SystemInit)
    i.TIM2_IRQHandler                        0x08001760   Section        0  stm32f1xx_it.o(i.TIM2_IRQHandler)
    i.TIM_Base_SetConfig                     0x0800176c   Section        0  stm32f1xx_hal_tim.o(i.TIM_Base_SetConfig)
    i.TIM_ETR_SetConfig                      0x080017f8   Section        0  stm32f1xx_hal_tim.o(i.TIM_ETR_SetConfig)
    i.TIM_ITRx_SetConfig                     0x0800180c   Section        0  stm32f1xx_hal_tim.o(i.TIM_ITRx_SetConfig)
    TIM_ITRx_SetConfig                       0x0800180d   Thumb Code    16  stm32f1xx_hal_tim.o(i.TIM_ITRx_SetConfig)
    i.TIM_TI1_ConfigInputStage               0x0800181c   Section        0  stm32f1xx_hal_tim.o(i.TIM_TI1_ConfigInputStage)
    TIM_TI1_ConfigInputStage                 0x0800181d   Thumb Code    34  stm32f1xx_hal_tim.o(i.TIM_TI1_ConfigInputStage)
    i.TIM_TI2_ConfigInputStage               0x0800183e   Section        0  stm32f1xx_hal_tim.o(i.TIM_TI2_ConfigInputStage)
    TIM_TI2_ConfigInputStage                 0x0800183f   Thumb Code    36  stm32f1xx_hal_tim.o(i.TIM_TI2_ConfigInputStage)
    i.UART_DMAAbortOnError                   0x08001862   Section        0  stm32f1xx_hal_uart.o(i.UART_DMAAbortOnError)
    UART_DMAAbortOnError                     0x08001863   Thumb Code    16  stm32f1xx_hal_uart.o(i.UART_DMAAbortOnError)
    i.UART_EndRxTransfer                     0x08001872   Section        0  stm32f1xx_hal_uart.o(i.UART_EndRxTransfer)
    UART_EndRxTransfer                       0x08001873   Thumb Code    28  stm32f1xx_hal_uart.o(i.UART_EndRxTransfer)
    i.UART_Receive_IT                        0x0800188e   Section        0  stm32f1xx_hal_uart.o(i.UART_Receive_IT)
    UART_Receive_IT                          0x0800188f   Thumb Code   150  stm32f1xx_hal_uart.o(i.UART_Receive_IT)
    i.UART_SetConfig                         0x08001924   Section        0  stm32f1xx_hal_uart.o(i.UART_SetConfig)
    UART_SetConfig                           0x08001925   Thumb Code   178  stm32f1xx_hal_uart.o(i.UART_SetConfig)
    i.UART_Transmit_IT                       0x080019dc   Section        0  stm32f1xx_hal_uart.o(i.UART_Transmit_IT)
    UART_Transmit_IT                         0x080019dd   Thumb Code    98  stm32f1xx_hal_uart.o(i.UART_Transmit_IT)
    i.UART_WaitOnFlagUntilTimeout            0x08001a3e   Section        0  stm32f1xx_hal_uart.o(i.UART_WaitOnFlagUntilTimeout)
    UART_WaitOnFlagUntilTimeout              0x08001a3f   Thumb Code   100  stm32f1xx_hal_uart.o(i.UART_WaitOnFlagUntilTimeout)
    i.USART2_IRQHandler                      0x08001aa4   Section        0  stm32f1xx_it.o(i.USART2_IRQHandler)
    i.UsageFault_Handler                     0x08001ab0   Section        0  stm32f1xx_it.o(i.UsageFault_Handler)
    i.UserPro                                0x08001ab4   Section        0  user_pro.o(i.UserPro)
    i.UserProInit                            0x08001b90   Section        0  user_pro.o(i.UserProInit)
    i.__0printf$8                            0x08001ba0   Section        0  printf8.o(i.__0printf$8)
    i.__NVIC_SetPriority                     0x08001bc0   Section        0  stm32f1xx_hal_cortex.o(i.__NVIC_SetPriority)
    __NVIC_SetPriority                       0x08001bc1   Thumb Code    32  stm32f1xx_hal_cortex.o(i.__NVIC_SetPriority)
    i.__scatterload_copy                     0x08001be0   Section       14  handlers.o(i.__scatterload_copy)
    i.__scatterload_null                     0x08001bee   Section        2  handlers.o(i.__scatterload_null)
    i.__scatterload_zeroinit                 0x08001bf0   Section       14  handlers.o(i.__scatterload_zeroinit)
    i._printf_core                           0x08001c00   Section        0  printf8.o(i._printf_core)
    _printf_core                             0x08001c01   Thumb Code   996  printf8.o(i._printf_core)
    i._printf_post_padding                   0x08002010   Section        0  printf8.o(i._printf_post_padding)
    _printf_post_padding                     0x08002011   Thumb Code    36  printf8.o(i._printf_post_padding)
    i._printf_pre_padding                    0x08002034   Section        0  printf8.o(i._printf_pre_padding)
    _printf_pre_padding                      0x08002035   Thumb Code    46  printf8.o(i._printf_pre_padding)
    i.exchangeBytes                          0x08002062   Section        0  common.o(i.exchangeBytes)
    i.exchangeWord                           0x08002072   Section        0  common.o(i.exchangeWord)
    i.fputc                                  0x08002078   Section        0  gizwits_product.o(i.fputc)
    i.getKey                                 0x08002090   Section        0  hal_key_1.o(i.getKey)
    i.gizAcrossByteJudge                     0x080020e8   Section        0  datapointtools.o(i.gizAcrossByteJudge)
    i.gizByteOrderExchange                   0x08002106   Section        0  datapointtools.o(i.gizByteOrderExchange)
    i.gizCheckReport                         0x0800212c   Section        0  gizwits_protocol.o(i.gizCheckReport)
    gizCheckReport                           0x0800212d   Thumb Code   112  gizwits_protocol.o(i.gizCheckReport)
    i.gizDataPoint2Event                     0x08002228   Section        0  gizwits_protocol.o(i.gizDataPoint2Event)
    gizDataPoint2Event                       0x08002229   Thumb Code    68  gizwits_protocol.o(i.gizDataPoint2Event)
    i.gizDataPoints2ReportData               0x08002298   Section        0  gizwits_protocol.o(i.gizDataPoints2ReportData)
    gizDataPoints2ReportData                 0x08002299   Thumb Code   124  gizwits_protocol.o(i.gizDataPoints2ReportData)
    i.gizDevReportPolicy                     0x08002344   Section        0  gizwits_protocol.o(i.gizDevReportPolicy)
    gizDevReportPolicy                       0x08002345   Thumb Code   120  gizwits_protocol.o(i.gizDevReportPolicy)
    i.gizGetTimerCount                       0x080023f8   Section        0  gizwits_product.o(i.gizGetTimerCount)
    i.gizProtocolAckHandle                   0x08002404   Section        0  gizwits_protocol.o(i.gizProtocolAckHandle)
    gizProtocolAckHandle                     0x08002405   Thumb Code    78  gizwits_protocol.o(i.gizProtocolAckHandle)
    i.gizProtocolCommonAck                   0x08002480   Section        0  gizwits_protocol.o(i.gizProtocolCommonAck)
    gizProtocolCommonAck                     0x08002481   Thumb Code    80  gizwits_protocol.o(i.gizProtocolCommonAck)
    i.gizProtocolErrorCmd                    0x08002518   Section        0  gizwits_protocol.o(i.gizProtocolErrorCmd)
    gizProtocolErrorCmd                      0x08002519   Thumb Code    88  gizwits_protocol.o(i.gizProtocolErrorCmd)
    i.gizProtocolGetDeviceInfo               0x080025b8   Section        0  gizwits_protocol.o(i.gizProtocolGetDeviceInfo)
    gizProtocolGetDeviceInfo                 0x080025b9   Thumb Code   180  gizwits_protocol.o(i.gizProtocolGetDeviceInfo)
    i.gizProtocolGetOnePacket                0x08002730   Section        0  gizwits_protocol.o(i.gizProtocolGetOnePacket)
    gizProtocolGetOnePacket                  0x08002731   Thumb Code   298  gizwits_protocol.o(i.gizProtocolGetOnePacket)
    i.gizProtocolHeadInit                    0x08002890   Section        0  gizwits_protocol.o(i.gizProtocolHeadInit)
    gizProtocolHeadInit                      0x08002891   Thumb Code    32  gizwits_protocol.o(i.gizProtocolHeadInit)
    i.gizProtocolIssuedDataAck               0x080028dc   Section        0  gizwits_protocol.o(i.gizProtocolIssuedDataAck)
    gizProtocolIssuedDataAck                 0x080028dd   Thumb Code   198  gizwits_protocol.o(i.gizProtocolIssuedDataAck)
    i.gizProtocolIssuedProcess               0x080029fc   Section        0  gizwits_protocol.o(i.gizProtocolIssuedProcess)
    gizProtocolIssuedProcess                 0x080029fd   Thumb Code   196  gizwits_protocol.o(i.gizProtocolIssuedProcess)
    i.gizProtocolModuleStatus                0x08002af4   Section        0  gizwits_protocol.o(i.gizProtocolModuleStatus)
    gizProtocolModuleStatus                  0x08002af5   Thumb Code   574  gizwits_protocol.o(i.gizProtocolModuleStatus)
    i.gizProtocolNTP                         0x08002f08   Section        0  gizwits_protocol.o(i.gizProtocolNTP)
    gizProtocolNTP                           0x08002f09   Thumb Code    86  gizwits_protocol.o(i.gizProtocolNTP)
    i.gizProtocolResendData                  0x08002f78   Section        0  gizwits_protocol.o(i.gizProtocolResendData)
    gizProtocolResendData                    0x08002f79   Thumb Code    54  gizwits_protocol.o(i.gizProtocolResendData)
    i.gizProtocolSum                         0x08002fec   Section        0  common.o(i.gizProtocolSum)
    i.gizProtocolWaitAck                     0x08003010   Section        0  gizwits_protocol.o(i.gizProtocolWaitAck)
    gizProtocolWaitAck                       0x08003011   Thumb Code    66  gizwits_protocol.o(i.gizProtocolWaitAck)
    i.gizProtocolWaitAckCheck                0x08003070   Section        0  gizwits_protocol.o(i.gizProtocolWaitAckCheck)
    gizProtocolWaitAckCheck                  0x08003071   Thumb Code    42  gizwits_protocol.o(i.gizProtocolWaitAckCheck)
    i.gizPutData                             0x080030b8   Section        0  gizwits_protocol.o(i.gizPutData)
    i.gizReportData                          0x08003120   Section        0  gizwits_protocol.o(i.gizReportData)
    gizReportData                            0x08003121   Thumb Code   126  gizwits_protocol.o(i.gizReportData)
    i.gizStandardCompressValue               0x080031e8   Section        0  datapointtools.o(i.gizStandardCompressValue)
    i.gizStandardDecompressionValue          0x08003238   Section        0  datapointtools.o(i.gizStandardDecompressionValue)
    i.gizTimerMs                             0x080032bc   Section        0  gizwits_product.o(i.gizTimerMs)
    i.gizwitsEventProcess                    0x080032cc   Section        0  gizwits_product.o(i.gizwitsEventProcess)
    i.gizwitsHandle                          0x08003400   Section        0  gizwits_protocol.o(i.gizwitsHandle)
    i.gizwitsInit                            0x08003744   Section        0  gizwits_protocol.o(i.gizwitsInit)
    i.gizwitsSetMode                         0x080037a4   Section        0  gizwits_protocol.o(i.gizwitsSetMode)
    i.key1LongPress                          0x080038bc   Section        0  main.o(i.key1LongPress)
    i.key1ShortPress                         0x080038f0   Section        0  main.o(i.key1ShortPress)
    i.key2LongPress                          0x08003924   Section        0  main.o(i.key2LongPress)
    i.key2ShortPress                         0x08003958   Section        0  main.o(i.key2ShortPress)
    i.keyHandle                              0x08003988   Section        0  hal_key_1.o(i.keyHandle)
    i.keyInit                                0x08003a08   Section        0  main.o(i.keyInit)
    i.keyInitOne                             0x08003a84   Section        0  hal_key_1.o(i.keyInitOne)
    i.keyParaInit                            0x08003ac4   Section        0  hal_key_1.o(i.keyParaInit)
    i.main                                   0x08003adc   Section        0  main.o(i.main)
    i.mcuRestart                             0x08003b3c   Section        0  gizwits_product.o(i.mcuRestart)
    i.rbCanRead                              0x08003b46   Section        0  ringbuffer.o(i.rbCanRead)
    i.rbCanWrite                             0x08003b78   Section        0  ringbuffer.o(i.rbCanWrite)
    i.rbCapacity                             0x08003b94   Section        0  ringbuffer.o(i.rbCapacity)
    i.rbCreate                               0x08003ba0   Section        0  ringbuffer.o(i.rbCreate)
    i.rbRead                                 0x08003bb2   Section        0  ringbuffer.o(i.rbRead)
    i.rbWrite                                0x08003c30   Section        0  ringbuffer.o(i.rbWrite)
    i.readKeyValue                           0x08003cc0   Section        0  hal_key_1.o(i.readKeyValue)
    i.timerInit                              0x08003d48   Section        0  gizwits_product.o(i.timerInit)
    i.uartInit                               0x08003d54   Section        0  gizwits_product.o(i.uartInit)
    i.uartWrite                              0x08003d68   Section        0  gizwits_product.o(i.uartWrite)
    i.userHandle                             0x08003e20   Section        0  gizwits_product.o(i.userHandle)
    i.userInit                               0x08003e24   Section        0  gizwits_product.o(i.userInit)
    .constdata                               0x08003e30   Section       16  system_stm32f1xx.o(.constdata)
    .constdata                               0x08003e40   Section        8  system_stm32f1xx.o(.constdata)
    .data                                    0x20000000   Section       12  gizwits_product.o(.data)
    timerMsCount                             0x20000004   Data           4  gizwits_product.o(.data)
    .data                                    0x2000000c   Section       16  gizwits_protocol.o(.data)
    protocolFlag                             0x2000000c   Data           1  gizwits_protocol.o(.data)
    lastData                                 0x2000000d   Data           1  gizwits_protocol.o(.data)
    debugCount                               0x2000000e   Data           1  gizwits_protocol.o(.data)
    protocolCount                            0x20000010   Data           2  gizwits_protocol.o(.data)
    lastStatus                               0x20000012   Data           2  gizwits_protocol.o(.data)
    lastReportTime                           0x20000014   Data           4  gizwits_protocol.o(.data)
    lastRepTime                              0x20000018   Data           4  gizwits_protocol.o(.data)
    .data                                    0x2000001c   Section       10  hal_key_1.o(.data)
    keyTotolNum                              0x2000001c   Data           1  hal_key_1.o(.data)
    keyCheck                                 0x2000001d   Data           1  hal_key_1.o(.data)
    keyState                                 0x2000001e   Data           1  hal_key_1.o(.data)
    key_total                                0x2000001f   Data           1  hal_key_1.o(.data)
    keyLongCheck                             0x20000022   Data           2  hal_key_1.o(.data)
    keyPrev                                  0x20000024   Data           2  hal_key_1.o(.data)
    .data                                    0x20000026   Section        2  hal_pyr_1.o(.data)
    gPyrState                                0x20000026   Data           1  hal_pyr_1.o(.data)
    gTrigger                                 0x20000027   Data           1  hal_pyr_1.o(.data)
    .data                                    0x20000028   Section        2  hal_infrared_tube.o(.data)
    gInfTubeState                            0x20000028   Data           1  hal_infrared_tube.o(.data)
    gTrigger                                 0x20000029   Data           1  hal_infrared_tube.o(.data)
    .data                                    0x2000002a   Section        4  delay.o(.data)
    fac_us                                   0x2000002a   Data           1  delay.o(.data)
    fac_ms                                   0x2000002c   Data           2  delay.o(.data)
    .data                                    0x20000030   Section        8  user_pro.o(.data)
    trigger                                  0x20000030   Data           1  user_pro.o(.data)
    time                                     0x20000034   Data           4  user_pro.o(.data)
    .data                                    0x20000038   Section        5  main.o(.data)
    .data                                    0x20000040   Section       12  stm32f1xx_hal.o(.data)
    .data                                    0x2000004c   Section        4  system_stm32f1xx.o(.data)
    .data                                    0x20000050   Section        4  stdout.o(.data)
    .bss                                     0x20000054   Section      322  gizwits_protocol.o(.bss)
    rbBuf                                    0x20000166   Data          48  gizwits_protocol.o(.bss)
    .bss                                     0x20000196   Section       42  main.o(.bss)
    .bss                                     0x200001c0   Section       64  tim.o(.bss)
    .bss                                     0x20000200   Section      128  usart.o(.bss)
    STACK                                    0x20000280   Section     4096  startup_stm32f103xe.o(STACK)

    Global Symbols

    Symbol Name                              Value     Ov Type        Size  Object(Section)

    BuildAttributes$$THM_ISAv4$P$D$K$B$S$PE$A:L22UL41UL21$X:L11$S22US41US21$IEEE1$IW$USESV6$~STKCKD$USESV7$~SHL$OTIME$ROPI$EBA8$MICROLIB$REQ8$PRES8$EABIv2 0x00000000   Number         0  anon$$obj.o ABSOLUTE
    __ARM_use_no_argv                        0x00000000   Number         0  main.o ABSOLUTE
    _printf_a                                0x00000000   Number         0  stubs.o ABSOLUTE
    _printf_c                                0x00000000   Number         0  stubs.o ABSOLUTE
    _printf_charcount                        0x00000000   Number         0  stubs.o ABSOLUTE
    _printf_d                                0x00000000   Number         0  stubs.o ABSOLUTE
    _printf_e                                0x00000000   Number         0  stubs.o ABSOLUTE
    _printf_f                                0x00000000   Number         0  stubs.o ABSOLUTE
    _printf_flags                            0x00000000   Number         0  stubs.o ABSOLUTE
    _printf_fp_dec                           0x00000000   Number         0  stubs.o ABSOLUTE
    _printf_fp_hex                           0x00000000   Number         0  stubs.o ABSOLUTE
    _printf_g                                0x00000000   Number         0  stubs.o ABSOLUTE
    _printf_i                                0x00000000   Number         0  stubs.o ABSOLUTE
    _printf_int_dec                          0x00000000   Number         0  stubs.o ABSOLUTE
    _printf_l                                0x00000000   Number         0  stubs.o ABSOLUTE
    _printf_lc                               0x00000000   Number         0  stubs.o ABSOLUTE
    _printf_ll                               0x00000000   Number         0  stubs.o ABSOLUTE
    _printf_lld                              0x00000000   Number         0  stubs.o ABSOLUTE
    _printf_lli                              0x00000000   Number         0  stubs.o ABSOLUTE
    _printf_llo                              0x00000000   Number         0  stubs.o ABSOLUTE
    _printf_llu                              0x00000000   Number         0  stubs.o ABSOLUTE
    _printf_llx                              0x00000000   Number         0  stubs.o ABSOLUTE
    _printf_longlong_dec                     0x00000000   Number         0  stubs.o ABSOLUTE
    _printf_longlong_hex                     0x00000000   Number         0  stubs.o ABSOLUTE
    _printf_longlong_oct                     0x00000000   Number         0  stubs.o ABSOLUTE
    _printf_ls                               0x00000000   Number         0  stubs.o ABSOLUTE
    _printf_mbtowc                           0x00000000   Number         0  stubs.o ABSOLUTE
    _printf_n                                0x00000000   Number         0  stubs.o ABSOLUTE
    _printf_o                                0x00000000   Number         0  stubs.o ABSOLUTE
    _printf_p                                0x00000000   Number         0  stubs.o ABSOLUTE
    _printf_percent                          0x00000000   Number         0  stubs.o ABSOLUTE
    _printf_pre_padding                      0x00000000   Number         0  stubs.o ABSOLUTE
    _printf_return_value                     0x00000000   Number         0  stubs.o ABSOLUTE
    _printf_s                                0x00000000   Number         0  stubs.o ABSOLUTE
    _printf_sizespec                         0x00000000   Number         0  stubs.o ABSOLUTE
    _printf_str                              0x00000000   Number         0  stubs.o ABSOLUTE
    _printf_truncate_signed                  0x00000000   Number         0  stubs.o ABSOLUTE
    _printf_truncate_unsigned                0x00000000   Number         0  stubs.o ABSOLUTE
    _printf_u                                0x00000000   Number         0  stubs.o ABSOLUTE
    _printf_wc                               0x00000000   Number         0  stubs.o ABSOLUTE
    _printf_wctomb                           0x00000000   Number         0  stubs.o ABSOLUTE
    _printf_widthprec                        0x00000000   Number         0  stubs.o ABSOLUTE
    _printf_x                                0x00000000   Number         0  stubs.o ABSOLUTE
    __cpp_initialize__aeabi_                  - Undefined Weak Reference
    __cxa_finalize                            - Undefined Weak Reference
    __decompress                              - Undefined Weak Reference
    _clock_init                               - Undefined Weak Reference
    _microlib_exit                            - Undefined Weak Reference
    __Vectors_Size                           0x00000130   Number         0  startup_stm32f103xe.o ABSOLUTE
    __Vectors                                0x08000000   Data           4  startup_stm32f103xe.o(RESET)
    __Vectors_End                            0x08000130   Data           0  startup_stm32f103xe.o(RESET)
    __main                                   0x08000131   Thumb Code     0  entry.o(.ARM.Collect$$$$00000000)
    _main_stk                                0x08000131   Thumb Code     0  entry2.o(.ARM.Collect$$$$00000001)
    _main_scatterload                        0x08000135   Thumb Code     0  entry5.o(.ARM.Collect$$$$00000004)
    __main_after_scatterload                 0x08000139   Thumb Code     0  entry5.o(.ARM.Collect$$$$00000004)
    _main_clock                              0x08000139   Thumb Code     0  entry7b.o(.ARM.Collect$$$$00000008)
    _main_cpp_init                           0x08000139   Thumb Code     0  entry8b.o(.ARM.Collect$$$$0000000A)
    _main_init                               0x08000139   Thumb Code     0  entry9a.o(.ARM.Collect$$$$0000000B)
    __rt_final_cpp                           0x08000141   Thumb Code     0  entry10a.o(.ARM.Collect$$$$0000000D)
    __rt_final_exit                          0x08000141   Thumb Code     0  entry11a.o(.ARM.Collect$$$$0000000F)
    Reset_Handler                            0x08000145   Thumb Code     8  startup_stm32f103xe.o(.text)
    ADC1_2_IRQHandler                        0x0800015f   Thumb Code     0  startup_stm32f103xe.o(.text)
    ADC3_IRQHandler                          0x0800015f   Thumb Code     0  startup_stm32f103xe.o(.text)
    CAN1_RX1_IRQHandler                      0x0800015f   Thumb Code     0  startup_stm32f103xe.o(.text)
    CAN1_SCE_IRQHandler                      0x0800015f   Thumb Code     0  startup_stm32f103xe.o(.text)
    DMA1_Channel1_IRQHandler                 0x0800015f   Thumb Code     0  startup_stm32f103xe.o(.text)
    DMA1_Channel2_IRQHandler                 0x0800015f   Thumb Code     0  startup_stm32f103xe.o(.text)
    DMA1_Channel3_IRQHandler                 0x0800015f   Thumb Code     0  startup_stm32f103xe.o(.text)
    DMA1_Channel4_IRQHandler                 0x0800015f   Thumb Code     0  startup_stm32f103xe.o(.text)
    DMA1_Channel5_IRQHandler                 0x0800015f   Thumb Code     0  startup_stm32f103xe.o(.text)
    DMA1_Channel6_IRQHandler                 0x0800015f   Thumb Code     0  startup_stm32f103xe.o(.text)
    DMA1_Channel7_IRQHandler                 0x0800015f   Thumb Code     0  startup_stm32f103xe.o(.text)
    DMA2_Channel1_IRQHandler                 0x0800015f   Thumb Code     0  startup_stm32f103xe.o(.text)
    DMA2_Channel2_IRQHandler                 0x0800015f   Thumb Code     0  startup_stm32f103xe.o(.text)
    DMA2_Channel3_IRQHandler                 0x0800015f   Thumb Code     0  startup_stm32f103xe.o(.text)
    DMA2_Channel4_5_IRQHandler               0x0800015f   Thumb Code     0  startup_stm32f103xe.o(.text)
    EXTI0_IRQHandler                         0x0800015f   Thumb Code     0  startup_stm32f103xe.o(.text)
    EXTI15_10_IRQHandler                     0x0800015f   Thumb Code     0  startup_stm32f103xe.o(.text)
    EXTI2_IRQHandler                         0x0800015f   Thumb Code     0  startup_stm32f103xe.o(.text)
    EXTI3_IRQHandler                         0x0800015f   Thumb Code     0  startup_stm32f103xe.o(.text)
    EXTI9_5_IRQHandler                       0x0800015f   Thumb Code     0  startup_stm32f103xe.o(.text)
    FLASH_IRQHandler                         0x0800015f   Thumb Code     0  startup_stm32f103xe.o(.text)
    FSMC_IRQHandler                          0x0800015f   Thumb Code     0  startup_stm32f103xe.o(.text)
    I2C1_ER_IRQHandler                       0x0800015f   Thumb Code     0  startup_stm32f103xe.o(.text)
    I2C1_EV_IRQHandler                       0x0800015f   Thumb Code     0  startup_stm32f103xe.o(.text)
    I2C2_ER_IRQHandler                       0x0800015f   Thumb Code     0  startup_stm32f103xe.o(.text)
    I2C2_EV_IRQHandler                       0x0800015f   Thumb Code     0  startup_stm32f103xe.o(.text)
    PVD_IRQHandler                           0x0800015f   Thumb Code     0  startup_stm32f103xe.o(.text)
    RCC_IRQHandler                           0x0800015f   Thumb Code     0  startup_stm32f103xe.o(.text)
    RTC_Alarm_IRQHandler                     0x0800015f   Thumb Code     0  startup_stm32f103xe.o(.text)
    RTC_IRQHandler                           0x0800015f   Thumb Code     0  startup_stm32f103xe.o(.text)
    SDIO_IRQHandler                          0x0800015f   Thumb Code     0  startup_stm32f103xe.o(.text)
    SPI1_IRQHandler                          0x0800015f   Thumb Code     0  startup_stm32f103xe.o(.text)
    SPI2_IRQHandler                          0x0800015f   Thumb Code     0  startup_stm32f103xe.o(.text)
    SPI3_IRQHandler                          0x0800015f   Thumb Code     0  startup_stm32f103xe.o(.text)
    TAMPER_IRQHandler                        0x0800015f   Thumb Code     0  startup_stm32f103xe.o(.text)
    TIM1_BRK_IRQHandler                      0x0800015f   Thumb Code     0  startup_stm32f103xe.o(.text)
    TIM1_CC_IRQHandler                       0x0800015f   Thumb Code     0  startup_stm32f103xe.o(.text)
    TIM1_TRG_COM_IRQHandler                  0x0800015f   Thumb Code     0  startup_stm32f103xe.o(.text)
    TIM1_UP_IRQHandler                       0x0800015f   Thumb Code     0  startup_stm32f103xe.o(.text)
    TIM3_IRQHandler                          0x0800015f   Thumb Code     0  startup_stm32f103xe.o(.text)
    TIM4_IRQHandler                          0x0800015f   Thumb Code     0  startup_stm32f103xe.o(.text)
    TIM5_IRQHandler                          0x0800015f   Thumb Code     0  startup_stm32f103xe.o(.text)
    TIM6_IRQHandler                          0x0800015f   Thumb Code     0  startup_stm32f103xe.o(.text)
    TIM7_IRQHandler                          0x0800015f   Thumb Code     0  startup_stm32f103xe.o(.text)
    TIM8_BRK_IRQHandler                      0x0800015f   Thumb Code     0  startup_stm32f103xe.o(.text)
    TIM8_CC_IRQHandler                       0x0800015f   Thumb Code     0  startup_stm32f103xe.o(.text)
    TIM8_TRG_COM_IRQHandler                  0x0800015f   Thumb Code     0  startup_stm32f103xe.o(.text)
    TIM8_UP_IRQHandler                       0x0800015f   Thumb Code     0  startup_stm32f103xe.o(.text)
    UART4_IRQHandler                         0x0800015f   Thumb Code     0  startup_stm32f103xe.o(.text)
    UART5_IRQHandler                         0x0800015f   Thumb Code     0  startup_stm32f103xe.o(.text)
    USART1_IRQHandler                        0x0800015f   Thumb Code     0  startup_stm32f103xe.o(.text)
    USART3_IRQHandler                        0x0800015f   Thumb Code     0  startup_stm32f103xe.o(.text)
    USBWakeUp_IRQHandler                     0x0800015f   Thumb Code     0  startup_stm32f103xe.o(.text)
    USB_HP_CAN1_TX_IRQHandler                0x0800015f   Thumb Code     0  startup_stm32f103xe.o(.text)
    USB_LP_CAN1_RX0_IRQHandler               0x0800015f   Thumb Code     0  startup_stm32f103xe.o(.text)
    WWDG_IRQHandler                          0x0800015f   Thumb Code     0  startup_stm32f103xe.o(.text)
    __aeabi_llsr                             0x08000169   Thumb Code    32  llushr.o(.text)
    _ll_ushift_r                             0x08000169   Thumb Code     0  llushr.o(.text)
    __aeabi_memcpy                           0x08000189   Thumb Code    36  memcpya.o(.text)
    __aeabi_memcpy4                          0x08000189   Thumb Code     0  memcpya.o(.text)
    __aeabi_memcpy8                          0x08000189   Thumb Code     0  memcpya.o(.text)
    __aeabi_memset                           0x080001ad   Thumb Code    14  memseta.o(.text)
    __aeabi_memset4                          0x080001ad   Thumb Code     0  memseta.o(.text)
    __aeabi_memset8                          0x080001ad   Thumb Code     0  memseta.o(.text)
    __aeabi_memclr                           0x080001bb   Thumb Code     4  memseta.o(.text)
    __aeabi_memclr4                          0x080001bb   Thumb Code     0  memseta.o(.text)
    __aeabi_memclr8                          0x080001bb   Thumb Code     0  memseta.o(.text)
    _memset$wrapper                          0x080001bf   Thumb Code    18  memseta.o(.text)
    __aeabi_uldivmod                         0x080001d1   Thumb Code    98  uldiv.o(.text)
    __scatterload                            0x08000235   Thumb Code    28  init.o(.text)
    __scatterload_rt2                        0x08000235   Thumb Code     0  init.o(.text)
    __aeabi_llsl                             0x08000259   Thumb Code    30  llshl.o(.text)
    _ll_shift_l                              0x08000259   Thumb Code     0  llshl.o(.text)
    BusFault_Handler                         0x08000277   Thumb Code     2  stm32f1xx_it.o(i.BusFault_Handler)
    Control_Buzzer                           0x08000279   Thumb Code    58  hal_buzzer.o(i.Control_Buzzer)
    DebugMon_Handler                         0x080002b9   Thumb Code     2  stm32f1xx_it.o(i.DebugMon_Handler)
    Delay_Init                               0x080002bd   Thumb Code    38  delay.o(i.Delay_Init)
    Delay_Ms                                 0x080002e9   Thumb Code    36  delay.o(i.Delay_Ms)
    EXTI1_IRQHandler                         0x08000311   Thumb Code     6  stm32f1xx_it.o(i.EXTI1_IRQHandler)
    EXTI4_IRQHandler                         0x08000317   Thumb Code     6  stm32f1xx_it.o(i.EXTI4_IRQHandler)
    Error_Handler                            0x0800031d   Thumb Code     2  main.o(i.Error_Handler)
    Get_InfTube_State                        0x08000321   Thumb Code     6  hal_infrared_tube.o(i.Get_InfTube_State)
    Get_InfTube_State_Trigger                0x0800032d   Thumb Code    16  hal_infrared_tube.o(i.Get_InfTube_State_Trigger)
    Get_Pyr_State                            0x08000341   Thumb Code     6  hal_pyr_1.o(i.Get_Pyr_State)
    Get_Pyr_State_Trigger                    0x0800034d   Thumb Code    16  hal_pyr_1.o(i.Get_Pyr_State_Trigger)
    HAL_DMA_Abort_IT                         0x08000361   Thumb Code   296  stm32f1xx_hal_dma.o(i.HAL_DMA_Abort_IT)
    HAL_GPIO_EXTI_Callback                   0x08000491   Thumb Code    44  user_pro.o(i.HAL_GPIO_EXTI_Callback)
    HAL_GPIO_EXTI_IRQHandler                 0x080004c5   Thumb Code    18  stm32f1xx_hal_gpio.o(i.HAL_GPIO_EXTI_IRQHandler)
    HAL_GPIO_Init                            0x080004dd   Thumb Code   462  stm32f1xx_hal_gpio.o(i.HAL_GPIO_Init)
    HAL_GPIO_ReadPin                         0x080006d5   Thumb Code    10  stm32f1xx_hal_gpio.o(i.HAL_GPIO_ReadPin)
    HAL_GPIO_WritePin                        0x080006df   Thumb Code    10  stm32f1xx_hal_gpio.o(i.HAL_GPIO_WritePin)
    HAL_GetTick                              0x080006e9   Thumb Code     6  stm32f1xx_hal.o(i.HAL_GetTick)
    HAL_IncTick                              0x080006f5   Thumb Code    12  stm32f1xx_hal.o(i.HAL_IncTick)
    HAL_Init                                 0x08000705   Thumb Code    32  stm32f1xx_hal.o(i.HAL_Init)
    HAL_InitTick                             0x08000729   Thumb Code    54  stm32f1xx_hal.o(i.HAL_InitTick)
    HAL_MspInit                              0x08000769   Thumb Code    52  stm32f1xx_hal_msp.o(i.HAL_MspInit)
    HAL_NVIC_EnableIRQ                       0x080007a5   Thumb Code    26  stm32f1xx_hal_cortex.o(i.HAL_NVIC_EnableIRQ)
    HAL_NVIC_SetPriority                     0x080007c1   Thumb Code    60  stm32f1xx_hal_cortex.o(i.HAL_NVIC_SetPriority)
    HAL_NVIC_SetPriorityGrouping             0x08000801   Thumb Code    26  stm32f1xx_hal_cortex.o(i.HAL_NVIC_SetPriorityGrouping)
    HAL_NVIC_SystemReset                     0x08000825   Thumb Code    26  stm32f1xx_hal_cortex.o(i.HAL_NVIC_SystemReset)
    HAL_RCC_ClockConfig                      0x08000849   Thumb Code   280  stm32f1xx_hal_rcc.o(i.HAL_RCC_ClockConfig)
    HAL_RCC_GetPCLK1Freq                     0x08000975   Thumb Code    20  stm32f1xx_hal_rcc.o(i.HAL_RCC_GetPCLK1Freq)
    HAL_RCC_GetPCLK2Freq                     0x08000995   Thumb Code    20  stm32f1xx_hal_rcc.o(i.HAL_RCC_GetPCLK2Freq)
    HAL_RCC_GetSysClockFreq                  0x080009b5   Thumb Code    74  stm32f1xx_hal_rcc.o(i.HAL_RCC_GetSysClockFreq)
    HAL_RCC_OscConfig                        0x08000a21   Thumb Code   778  stm32f1xx_hal_rcc.o(i.HAL_RCC_OscConfig)
    HAL_SYSTICK_Config                       0x08000d41   Thumb Code    40  stm32f1xx_hal_cortex.o(i.HAL_SYSTICK_Config)
    HAL_TIMEx_BreakCallback                  0x08000d69   Thumb Code     2  stm32f1xx_hal_tim_ex.o(i.HAL_TIMEx_BreakCallback)
    HAL_TIMEx_CommutCallback                 0x08000d6b   Thumb Code     2  stm32f1xx_hal_tim_ex.o(i.HAL_TIMEx_CommutCallback)
    HAL_TIMEx_MasterConfigSynchronization    0x08000d6d   Thumb Code    66  stm32f1xx_hal_tim_ex.o(i.HAL_TIMEx_MasterConfigSynchronization)
    HAL_TIM_Base_Init                        0x08000daf   Thumb Code    54  stm32f1xx_hal_tim.o(i.HAL_TIM_Base_Init)
    HAL_TIM_Base_MspInit                     0x08000de5   Thumb Code    50  tim.o(i.HAL_TIM_Base_MspInit)
    HAL_TIM_Base_Start_IT                    0x08000e1d   Thumb Code    34  stm32f1xx_hal_tim.o(i.HAL_TIM_Base_Start_IT)
    HAL_TIM_ConfigClockSource                0x08000e3f   Thumb Code   214  stm32f1xx_hal_tim.o(i.HAL_TIM_ConfigClockSource)
    HAL_TIM_IC_CaptureCallback               0x08000f15   Thumb Code     2  stm32f1xx_hal_tim.o(i.HAL_TIM_IC_CaptureCallback)
    HAL_TIM_IRQHandler                       0x08000f17   Thumb Code   358  stm32f1xx_hal_tim.o(i.HAL_TIM_IRQHandler)
    HAL_TIM_OC_DelayElapsedCallback          0x0800107d   Thumb Code     2  stm32f1xx_hal_tim.o(i.HAL_TIM_OC_DelayElapsedCallback)
    HAL_TIM_PWM_PulseFinishedCallback        0x0800107f   Thumb Code     2  stm32f1xx_hal_tim.o(i.HAL_TIM_PWM_PulseFinishedCallback)
    HAL_TIM_PeriodElapsedCallback            0x08001081   Thumb Code    24  gizwits_product.o(i.HAL_TIM_PeriodElapsedCallback)
    HAL_TIM_TriggerCallback                  0x080010a1   Thumb Code     2  stm32f1xx_hal_tim.o(i.HAL_TIM_TriggerCallback)
    HAL_UART_ErrorCallback                   0x080010a3   Thumb Code     2  stm32f1xx_hal_uart.o(i.HAL_UART_ErrorCallback)
    HAL_UART_IRQHandler                      0x080010a5   Thumb Code   266  stm32f1xx_hal_uart.o(i.HAL_UART_IRQHandler)
    HAL_UART_Init                            0x080011b5   Thumb Code    98  stm32f1xx_hal_uart.o(i.HAL_UART_Init)
    HAL_UART_MspInit                         0x08001219   Thumb Code   186  usart.o(i.HAL_UART_MspInit)
    HAL_UART_Receive_IT                      0x080012e5   Thumb Code    82  stm32f1xx_hal_uart.o(i.HAL_UART_Receive_IT)
    HAL_UART_RxCpltCallback                  0x08001339   Thumb Code    34  gizwits_product.o(i.HAL_UART_RxCpltCallback)
    HAL_UART_Transmit                        0x08001369   Thumb Code   186  stm32f1xx_hal_uart.o(i.HAL_UART_Transmit)
    HAL_UART_Transmit_IT                     0x08001423   Thumb Code    62  stm32f1xx_hal_uart.o(i.HAL_UART_Transmit_IT)
    HAL_UART_TxCpltCallback                  0x08001461   Thumb Code     2  stm32f1xx_hal_uart.o(i.HAL_UART_TxCpltCallback)
    HardFault_Handler                        0x08001463   Thumb Code     2  stm32f1xx_it.o(i.HardFault_Handler)
    Init_Buzzer                              0x08001465   Thumb Code    10  hal_buzzer.o(i.Init_Buzzer)
    MX_GPIO_Init                             0x08001475   Thumb Code   216  gpio.o(i.MX_GPIO_Init)
    MX_TIM2_Init                             0x08001561   Thumb Code    96  tim.o(i.MX_TIM2_Init)
    MX_USART1_UART_Init                      0x080015c5   Thumb Code    48  usart.o(i.MX_USART1_UART_Init)
    MX_USART2_UART_Init                      0x080015fd   Thumb Code    48  usart.o(i.MX_USART2_UART_Init)
    MemManage_Handler                        0x08001635   Thumb Code     2  stm32f1xx_it.o(i.MemManage_Handler)
    NMI_Handler                              0x08001637   Thumb Code     2  stm32f1xx_it.o(i.NMI_Handler)
    PendSV_Handler                           0x08001639   Thumb Code     2  stm32f1xx_it.o(i.PendSV_Handler)
    SVC_Handler                              0x0800163b   Thumb Code     2  stm32f1xx_it.o(i.SVC_Handler)
    SetDeviceInfo                            0x0800163d   Thumb Code    16  user_pro.o(i.SetDeviceInfo)
    Set_InfTube_State                        0x08001671   Thumb Code    20  hal_infrared_tube.o(i.Set_InfTube_State)
    Set_Pyr_State                            0x080016b5   Thumb Code    12  hal_pyr_1.o(i.Set_Pyr_State)
    SysTick_Handler                          0x080016c5   Thumb Code     4  stm32f1xx_it.o(i.SysTick_Handler)
    SystemClock_Config                       0x080016c9   Thumb Code    78  main.o(i.SystemClock_Config)
    SystemInit                               0x08001719   Thumb Code    56  system_stm32f1xx.o(i.SystemInit)
    TIM2_IRQHandler                          0x08001761   Thumb Code     6  stm32f1xx_it.o(i.TIM2_IRQHandler)
    TIM_Base_SetConfig                       0x0800176d   Thumb Code   120  stm32f1xx_hal_tim.o(i.TIM_Base_SetConfig)
    TIM_ETR_SetConfig                        0x080017f9   Thumb Code    20  stm32f1xx_hal_tim.o(i.TIM_ETR_SetConfig)
    USART2_IRQHandler                        0x08001aa5   Thumb Code     6  stm32f1xx_it.o(i.USART2_IRQHandler)
    UsageFault_Handler                       0x08001ab1   Thumb Code     2  stm32f1xx_it.o(i.UsageFault_Handler)
    UserPro                                  0x08001ab5   Thumb Code   136  user_pro.o(i.UserPro)
    UserProInit                              0x08001b91   Thumb Code    16  user_pro.o(i.UserProInit)
    __0printf$8                              0x08001ba1   Thumb Code    22  printf8.o(i.__0printf$8)
    __1printf$8                              0x08001ba1   Thumb Code     0  printf8.o(i.__0printf$8)
    __2printf                                0x08001ba1   Thumb Code     0  printf8.o(i.__0printf$8)
    __scatterload_copy                       0x08001be1   Thumb Code    14  handlers.o(i.__scatterload_copy)
    __scatterload_null                       0x08001bef   Thumb Code     2  handlers.o(i.__scatterload_null)
    __scatterload_zeroinit                   0x08001bf1   Thumb Code    14  handlers.o(i.__scatterload_zeroinit)
    exchangeBytes                            0x08002063   Thumb Code    16  common.o(i.exchangeBytes)
    exchangeWord                             0x08002073   Thumb Code     4  common.o(i.exchangeWord)
    fputc                                    0x08002079   Thumb Code    20  gizwits_product.o(i.fputc)
    getKey                                   0x08002091   Thumb Code    84  hal_key_1.o(i.getKey)
    gizAcrossByteJudge                       0x080020e9   Thumb Code    30  datapointtools.o(i.gizAcrossByteJudge)
    gizByteOrderExchange                     0x08002107   Thumb Code    36  datapointtools.o(i.gizByteOrderExchange)
    gizGetTimerCount                         0x080023f9   Thumb Code     6  gizwits_product.o(i.gizGetTimerCount)
    gizProtocolSum                           0x08002fed   Thumb Code    36  common.o(i.gizProtocolSum)
    gizPutData                               0x080030b9   Thumb Code    40  gizwits_protocol.o(i.gizPutData)
    gizStandardCompressValue                 0x080031e9   Thumb Code    80  datapointtools.o(i.gizStandardCompressValue)
    gizStandardDecompressionValue            0x08003239   Thumb Code   130  datapointtools.o(i.gizStandardDecompressionValue)
    gizTimerMs                               0x080032bd   Thumb Code    10  gizwits_product.o(i.gizTimerMs)
    gizwitsEventProcess                      0x080032cd   Thumb Code   148  gizwits_product.o(i.gizwitsEventProcess)
    gizwitsHandle                            0x08003401   Thumb Code   560  gizwits_protocol.o(i.gizwitsHandle)
    gizwitsInit                              0x08003745   Thumb Code    46  gizwits_protocol.o(i.gizwitsInit)
    gizwitsSetMode                           0x080037a5   Thumb Code   222  gizwits_protocol.o(i.gizwitsSetMode)
    key1LongPress                            0x080038bd   Thumb Code    18  main.o(i.key1LongPress)
    key1ShortPress                           0x080038f1   Thumb Code    18  main.o(i.key1ShortPress)
    key2LongPress                            0x08003925   Thumb Code    18  main.o(i.key2LongPress)
    key2ShortPress                           0x08003959   Thumb Code    18  main.o(i.key2ShortPress)
    keyHandle                                0x08003989   Thumb Code   126  hal_key_1.o(i.keyHandle)
    keyInit                                  0x08003a09   Thumb Code    90  main.o(i.keyInit)
    keyInitOne                               0x08003a85   Thumb Code    58  hal_key_1.o(i.keyInitOne)
    keyParaInit                              0x08003ac5   Thumb Code    20  hal_key_1.o(i.keyParaInit)
    main                                     0x08003add   Thumb Code    72  main.o(i.main)
    mcuRestart                               0x08003b3d   Thumb Code    10  gizwits_product.o(i.mcuRestart)
    rbCanRead                                0x08003b47   Thumb Code    50  ringbuffer.o(i.rbCanRead)
    rbCanWrite                               0x08003b79   Thumb Code    28  ringbuffer.o(i.rbCanWrite)
    rbCapacity                               0x08003b95   Thumb Code    12  ringbuffer.o(i.rbCapacity)
    rbCreate                                 0x08003ba1   Thumb Code    18  ringbuffer.o(i.rbCreate)
    rbRead                                   0x08003bb3   Thumb Code   126  ringbuffer.o(i.rbRead)
    rbWrite                                  0x08003c31   Thumb Code   142  ringbuffer.o(i.rbWrite)
    readKeyValue                             0x08003cc1   Thumb Code   130  hal_key_1.o(i.readKeyValue)
    timerInit                                0x08003d49   Thumb Code     6  gizwits_product.o(i.timerInit)
    uartInit                                 0x08003d55   Thumb Code    10  gizwits_product.o(i.uartInit)
    uartWrite                                0x08003d69   Thumb Code   140  gizwits_product.o(i.uartWrite)
    userHandle                               0x08003e21   Thumb Code     2  gizwits_product.o(i.userHandle)
    userInit                                 0x08003e25   Thumb Code     8  gizwits_product.o(i.userInit)
    AHBPrescTable                            0x08003e30   Data          16  system_stm32f1xx.o(.constdata)
    APBPrescTable                            0x08003e40   Data           8  system_stm32f1xx.o(.constdata)
    Region$$Table$$Base                      0x08003e48   Number         0  anon$$obj.o(Region$$Table)
    Region$$Table$$Limit                     0x08003e68   Number         0  anon$$obj.o(Region$$Table)
    aRxBuffer                                0x20000000   Data           1  gizwits_product.o(.data)
    currentDataPoint                         0x20000008   Data           4  gizwits_product.o(.data)
    keyCountTime                             0x20000020   Data           1  hal_key_1.o(.data)
    gDeviceInfo                              0x20000031   Data           3  user_pro.o(.data)
    keys                                     0x20000038   Data           5  main.o(.data)
    uwTickFreq                               0x20000040   Data           1  stm32f1xx_hal.o(.data)
    uwTickPrio                               0x20000044   Data           4  stm32f1xx_hal.o(.data)
    uwTick                                   0x20000048   Data           4  stm32f1xx_hal.o(.data)
    SystemCoreClock                          0x2000004c   Data           4  system_stm32f1xx.o(.data)
    __stdout                                 0x20000050   Data           4  stdout.o(.data)
    gizwitsProtocol                          0x20000054   Data         258  gizwits_protocol.o(.bss)
    pRb                                      0x20000156   Data          16  gizwits_protocol.o(.bss)
    singleKey                                0x20000196   Data          42  main.o(.bss)
    htim2                                    0x200001c0   Data          64  tim.o(.bss)
    huart1                                   0x20000200   Data          64  usart.o(.bss)
    huart2                                   0x20000240   Data          64  usart.o(.bss)
    __initial_sp                             0x20001280   Data           0  startup_stm32f103xe.o(STACK)



==============================================================================

Memory Map of the image

  Image Entry point : 0x08000131

  Load Region LR_IROM1 (Base: 0x08000000, Size: 0x00003ebc, Max: 0x00040000, ABSOLUTE)

    Execution Region ER_IROM1 (Exec base: 0x08000000, Load base: 0x08000000, Size: 0x00003e68, Max: 0x00040000, ABSOLUTE)

    Exec Addr    Load Addr    Size         Type   Attr      Idx    E Section Name        Object

    0x08000000   0x08000000   0x00000130   Data   RO            3    RESET               startup_stm32f103xe.o
    0x08000130   0x08000130   0x00000000   Code   RO         3511  * .ARM.Collect$$$$00000000  mc_w.l(entry.o)
    0x08000130   0x08000130   0x00000004   Code   RO         3797    .ARM.Collect$$$$00000001  mc_w.l(entry2.o)
    0x08000134   0x08000134   0x00000004   Code   RO         3800    .ARM.Collect$$$$00000004  mc_w.l(entry5.o)
    0x08000138   0x08000138   0x00000000   Code   RO         3802    .ARM.Collect$$$$00000008  mc_w.l(entry7b.o)
    0x08000138   0x08000138   0x00000000   Code   RO         3804    .ARM.Collect$$$$0000000A  mc_w.l(entry8b.o)
    0x08000138   0x08000138   0x00000008   Code   RO         3805    .ARM.Collect$$$$0000000B  mc_w.l(entry9a.o)
    0x08000140   0x08000140   0x00000000   Code   RO         3807    .ARM.Collect$$$$0000000D  mc_w.l(entry10a.o)
    0x08000140   0x08000140   0x00000000   Code   RO         3809    .ARM.Collect$$$$0000000F  mc_w.l(entry11a.o)
    0x08000140   0x08000140   0x00000004   Code   RO         3798    .ARM.Collect$$$$00002712  mc_w.l(entry2.o)
    0x08000144   0x08000144   0x00000024   Code   RO            4    .text               startup_stm32f103xe.o
    0x08000168   0x08000168   0x00000020   Code   RO         3514    .text               mc_w.l(llushr.o)
    0x08000188   0x08000188   0x00000024   Code   RO         3518    .text               mc_w.l(memcpya.o)
    0x080001ac   0x080001ac   0x00000024   Code   RO         3520    .text               mc_w.l(memseta.o)
    0x080001d0   0x080001d0   0x00000062   Code   RO         3814    .text               mc_w.l(uldiv.o)
    0x08000232   0x08000232   0x00000002   PAD
    0x08000234   0x08000234   0x00000024   Code   RO         3829    .text               mc_w.l(init.o)
    0x08000258   0x08000258   0x0000001e   Code   RO         3831    .text               mc_w.l(llshl.o)
    0x08000276   0x08000276   0x00000002   Code   RO         1087    i.BusFault_Handler  stm32f1xx_it.o
    0x08000278   0x08000278   0x00000040   Code   RO          485    i.Control_Buzzer    hal_buzzer.o
    0x080002b8   0x080002b8   0x00000002   Code   RO         1088    i.DebugMon_Handler  stm32f1xx_it.o
    0x080002ba   0x080002ba   0x00000002   PAD
    0x080002bc   0x080002bc   0x0000002c   Code   RO          722    i.Delay_Init        delay.o
    0x080002e8   0x080002e8   0x00000028   Code   RO          723    i.Delay_Ms          delay.o
    0x08000310   0x08000310   0x00000006   Code   RO         1089    i.EXTI1_IRQHandler  stm32f1xx_it.o
    0x08000316   0x08000316   0x00000006   Code   RO         1090    i.EXTI4_IRQHandler  stm32f1xx_it.o
    0x0800031c   0x0800031c   0x00000002   Code   RO          876    i.Error_Handler     main.o
    0x0800031e   0x0800031e   0x00000002   PAD
    0x08000320   0x08000320   0x0000000c   Code   RO          525    i.Get_InfTube_State  hal_infrared_tube.o
    0x0800032c   0x0800032c   0x00000014   Code   RO          526    i.Get_InfTube_State_Trigger  hal_infrared_tube.o
    0x08000340   0x08000340   0x0000000c   Code   RO          444    i.Get_Pyr_State     hal_pyr_1.o
    0x0800034c   0x0800034c   0x00000014   Code   RO          445    i.Get_Pyr_State_Trigger  hal_pyr_1.o
    0x08000360   0x08000360   0x00000130   Code   RO         2555    i.HAL_DMA_Abort_IT  stm32f1xx_hal_dma.o
    0x08000490   0x08000490   0x00000034   Code   RO          825    i.HAL_GPIO_EXTI_Callback  user_pro.o
    0x080004c4   0x080004c4   0x00000018   Code   RO         2489    i.HAL_GPIO_EXTI_IRQHandler  stm32f1xx_hal_gpio.o
    0x080004dc   0x080004dc   0x000001f8   Code   RO         2490    i.HAL_GPIO_Init     stm32f1xx_hal_gpio.o
    0x080006d4   0x080006d4   0x0000000a   Code   RO         2492    i.HAL_GPIO_ReadPin  stm32f1xx_hal_gpio.o
    0x080006de   0x080006de   0x0000000a   Code   RO         2494    i.HAL_GPIO_WritePin  stm32f1xx_hal_gpio.o
    0x080006e8   0x080006e8   0x0000000c   Code   RO         2186    i.HAL_GetTick       stm32f1xx_hal.o
    0x080006f4   0x080006f4   0x00000010   Code   RO         2192    i.HAL_IncTick       stm32f1xx_hal.o
    0x08000704   0x08000704   0x00000024   Code   RO         2193    i.HAL_Init          stm32f1xx_hal.o
    0x08000728   0x08000728   0x00000040   Code   RO         2194    i.HAL_InitTick      stm32f1xx_hal.o
    0x08000768   0x08000768   0x0000003c   Code   RO         1187    i.HAL_MspInit       stm32f1xx_hal_msp.o
    0x080007a4   0x080007a4   0x0000001a   Code   RO         2650    i.HAL_NVIC_EnableIRQ  stm32f1xx_hal_cortex.o
    0x080007be   0x080007be   0x00000002   PAD
    0x080007c0   0x080007c0   0x00000040   Code   RO         2656    i.HAL_NVIC_SetPriority  stm32f1xx_hal_cortex.o
    0x08000800   0x08000800   0x00000024   Code   RO         2657    i.HAL_NVIC_SetPriorityGrouping  stm32f1xx_hal_cortex.o
    0x08000824   0x08000824   0x00000024   Code   RO         2658    i.HAL_NVIC_SystemReset  stm32f1xx_hal_cortex.o
    0x08000848   0x08000848   0x0000012c   Code   RO         2350    i.HAL_RCC_ClockConfig  stm32f1xx_hal_rcc.o
    0x08000974   0x08000974   0x00000020   Code   RO         2357    i.HAL_RCC_GetPCLK1Freq  stm32f1xx_hal_rcc.o
    0x08000994   0x08000994   0x00000020   Code   RO         2358    i.HAL_RCC_GetPCLK2Freq  stm32f1xx_hal_rcc.o
    0x080009b4   0x080009b4   0x0000006c   Code   RO         2359    i.HAL_RCC_GetSysClockFreq  stm32f1xx_hal_rcc.o
    0x08000a20   0x08000a20   0x00000320   Code   RO         2362    i.HAL_RCC_OscConfig  stm32f1xx_hal_rcc.o
    0x08000d40   0x08000d40   0x00000028   Code   RO         2661    i.HAL_SYSTICK_Config  stm32f1xx_hal_cortex.o
    0x08000d68   0x08000d68   0x00000002   Code   RO         1924    i.HAL_TIMEx_BreakCallback  stm32f1xx_hal_tim_ex.o
    0x08000d6a   0x08000d6a   0x00000002   Code   RO         1925    i.HAL_TIMEx_CommutCallback  stm32f1xx_hal_tim_ex.o
    0x08000d6c   0x08000d6c   0x00000042   Code   RO         1942    i.HAL_TIMEx_MasterConfigSynchronization  stm32f1xx_hal_tim_ex.o
    0x08000dae   0x08000dae   0x00000036   Code   RO         1249    i.HAL_TIM_Base_Init  stm32f1xx_hal_tim.o
    0x08000de4   0x08000de4   0x00000038   Code   RO          998    i.HAL_TIM_Base_MspInit  tim.o
    0x08000e1c   0x08000e1c   0x00000022   Code   RO         1254    i.HAL_TIM_Base_Start_IT  stm32f1xx_hal_tim.o
    0x08000e3e   0x08000e3e   0x000000d6   Code   RO         1258    i.HAL_TIM_ConfigClockSource  stm32f1xx_hal_tim.o
    0x08000f14   0x08000f14   0x00000002   Code   RO         1278    i.HAL_TIM_IC_CaptureCallback  stm32f1xx_hal_tim.o
    0x08000f16   0x08000f16   0x00000166   Code   RO         1292    i.HAL_TIM_IRQHandler  stm32f1xx_hal_tim.o
    0x0800107c   0x0800107c   0x00000002   Code   RO         1295    i.HAL_TIM_OC_DelayElapsedCallback  stm32f1xx_hal_tim.o
    0x0800107e   0x0800107e   0x00000002   Code   RO         1322    i.HAL_TIM_PWM_PulseFinishedCallback  stm32f1xx_hal_tim.o
    0x08001080   0x08001080   0x00000020   Code   RO           13    i.HAL_TIM_PeriodElapsedCallback  gizwits_product.o
    0x080010a0   0x080010a0   0x00000002   Code   RO         1335    i.HAL_TIM_TriggerCallback  stm32f1xx_hal_tim.o
    0x080010a2   0x080010a2   0x00000002   Code   RO         3171    i.HAL_UART_ErrorCallback  stm32f1xx_hal_uart.o
    0x080010a4   0x080010a4   0x00000110   Code   RO         3174    i.HAL_UART_IRQHandler  stm32f1xx_hal_uart.o
    0x080011b4   0x080011b4   0x00000062   Code   RO         3175    i.HAL_UART_Init     stm32f1xx_hal_uart.o
    0x08001216   0x08001216   0x00000002   PAD
    0x08001218   0x08001218   0x000000cc   Code   RO         1040    i.HAL_UART_MspInit  usart.o
    0x080012e4   0x080012e4   0x00000052   Code   RO         3180    i.HAL_UART_Receive_IT  stm32f1xx_hal_uart.o
    0x08001336   0x08001336   0x00000002   PAD
    0x08001338   0x08001338   0x00000030   Code   RO           14    i.HAL_UART_RxCpltCallback  gizwits_product.o
    0x08001368   0x08001368   0x000000ba   Code   RO         3183    i.HAL_UART_Transmit  stm32f1xx_hal_uart.o
    0x08001422   0x08001422   0x0000003e   Code   RO         3185    i.HAL_UART_Transmit_IT  stm32f1xx_hal_uart.o
    0x08001460   0x08001460   0x00000002   Code   RO         3186    i.HAL_UART_TxCpltCallback  stm32f1xx_hal_uart.o
    0x08001462   0x08001462   0x00000002   Code   RO         1091    i.HardFault_Handler  stm32f1xx_it.o
    0x08001464   0x08001464   0x00000010   Code   RO          486    i.Init_Buzzer       hal_buzzer.o
    0x08001474   0x08001474   0x000000ec   Code   RO          973    i.MX_GPIO_Init      gpio.o
    0x08001560   0x08001560   0x00000064   Code   RO          999    i.MX_TIM2_Init      tim.o
    0x080015c4   0x080015c4   0x00000038   Code   RO         1041    i.MX_USART1_UART_Init  usart.o
    0x080015fc   0x080015fc   0x00000038   Code   RO         1042    i.MX_USART2_UART_Init  usart.o
    0x08001634   0x08001634   0x00000002   Code   RO         1092    i.MemManage_Handler  stm32f1xx_it.o
    0x08001636   0x08001636   0x00000002   Code   RO         1093    i.NMI_Handler       stm32f1xx_it.o
    0x08001638   0x08001638   0x00000002   Code   RO         1094    i.PendSV_Handler    stm32f1xx_it.o
    0x0800163a   0x0800163a   0x00000002   Code   RO         1095    i.SVC_Handler       stm32f1xx_it.o
    0x0800163c   0x0800163c   0x00000034   Code   RO          826    i.SetDeviceInfo     user_pro.o
    0x08001670   0x08001670   0x00000044   Code   RO          527    i.Set_InfTube_State  hal_infrared_tube.o
    0x080016b4   0x080016b4   0x00000010   Code   RO          446    i.Set_Pyr_State     hal_pyr_1.o
    0x080016c4   0x080016c4   0x00000004   Code   RO         1096    i.SysTick_Handler   stm32f1xx_it.o
    0x080016c8   0x080016c8   0x0000004e   Code   RO          877    i.SystemClock_Config  main.o
    0x08001716   0x08001716   0x00000002   PAD
    0x08001718   0x08001718   0x00000048   Code   RO         3477    i.SystemInit        system_stm32f1xx.o
    0x08001760   0x08001760   0x0000000c   Code   RO         1097    i.TIM2_IRQHandler   stm32f1xx_it.o
    0x0800176c   0x0800176c   0x0000008c   Code   RO         1337    i.TIM_Base_SetConfig  stm32f1xx_hal_tim.o
    0x080017f8   0x080017f8   0x00000014   Code   RO         1348    i.TIM_ETR_SetConfig  stm32f1xx_hal_tim.o
    0x0800180c   0x0800180c   0x00000010   Code   RO         1349    i.TIM_ITRx_SetConfig  stm32f1xx_hal_tim.o
    0x0800181c   0x0800181c   0x00000022   Code   RO         1355    i.TIM_TI1_ConfigInputStage  stm32f1xx_hal_tim.o
    0x0800183e   0x0800183e   0x00000024   Code   RO         1357    i.TIM_TI2_ConfigInputStage  stm32f1xx_hal_tim.o
    0x08001862   0x08001862   0x00000010   Code   RO         3188    i.UART_DMAAbortOnError  stm32f1xx_hal_uart.o
    0x08001872   0x08001872   0x0000001c   Code   RO         3198    i.UART_EndRxTransfer  stm32f1xx_hal_uart.o
    0x0800188e   0x0800188e   0x00000096   Code   RO         3200    i.UART_Receive_IT   stm32f1xx_hal_uart.o
    0x08001924   0x08001924   0x000000b8   Code   RO         3201    i.UART_SetConfig    stm32f1xx_hal_uart.o
    0x080019dc   0x080019dc   0x00000062   Code   RO         3202    i.UART_Transmit_IT  stm32f1xx_hal_uart.o
    0x08001a3e   0x08001a3e   0x00000064   Code   RO         3203    i.UART_WaitOnFlagUntilTimeout  stm32f1xx_hal_uart.o
    0x08001aa2   0x08001aa2   0x00000002   PAD
    0x08001aa4   0x08001aa4   0x0000000c   Code   RO         1098    i.USART2_IRQHandler  stm32f1xx_it.o
    0x08001ab0   0x08001ab0   0x00000002   Code   RO         1099    i.UsageFault_Handler  stm32f1xx_it.o
    0x08001ab2   0x08001ab2   0x00000002   PAD
    0x08001ab4   0x08001ab4   0x000000dc   Code   RO          827    i.UserPro           user_pro.o
    0x08001b90   0x08001b90   0x00000010   Code   RO          828    i.UserProInit       user_pro.o
    0x08001ba0   0x08001ba0   0x00000020   Code   RO         3733    i.__0printf$8       mc_w.l(printf8.o)
    0x08001bc0   0x08001bc0   0x00000020   Code   RO         2663    i.__NVIC_SetPriority  stm32f1xx_hal_cortex.o
    0x08001be0   0x08001be0   0x0000000e   Code   RO         3839    i.__scatterload_copy  mc_w.l(handlers.o)
    0x08001bee   0x08001bee   0x00000002   Code   RO         3840    i.__scatterload_null  mc_w.l(handlers.o)
    0x08001bf0   0x08001bf0   0x0000000e   Code   RO         3841    i.__scatterload_zeroinit  mc_w.l(handlers.o)
    0x08001bfe   0x08001bfe   0x00000002   PAD
    0x08001c00   0x08001c00   0x00000410   Code   RO         3740    i._printf_core      mc_w.l(printf8.o)
    0x08002010   0x08002010   0x00000024   Code   RO         3741    i._printf_post_padding  mc_w.l(printf8.o)
    0x08002034   0x08002034   0x0000002e   Code   RO         3742    i._printf_pre_padding  mc_w.l(printf8.o)
    0x08002062   0x08002062   0x00000010   Code   RO          568    i.exchangeBytes     common.o
    0x08002072   0x08002072   0x00000004   Code   RO          569    i.exchangeWord      common.o
    0x08002076   0x08002076   0x00000002   PAD
    0x08002078   0x08002078   0x00000018   Code   RO           15    i.fputc             gizwits_product.o
    0x08002090   0x08002090   0x00000058   Code   RO          388    i.getKey            hal_key_1.o
    0x080020e8   0x080020e8   0x0000001e   Code   RO          644    i.gizAcrossByteJudge  datapointtools.o
    0x08002106   0x08002106   0x00000024   Code   RO          645    i.gizByteOrderExchange  datapointtools.o
    0x0800212a   0x0800212a   0x00000002   PAD
    0x0800212c   0x0800212c   0x000000fc   Code   RO          215    i.gizCheckReport    gizwits_protocol.o
    0x08002228   0x08002228   0x00000070   Code   RO          216    i.gizDataPoint2Event  gizwits_protocol.o
    0x08002298   0x08002298   0x000000ac   Code   RO          217    i.gizDataPoints2ReportData  gizwits_protocol.o
    0x08002344   0x08002344   0x000000b4   Code   RO          218    i.gizDevReportPolicy  gizwits_protocol.o
    0x080023f8   0x080023f8   0x0000000c   Code   RO           16    i.gizGetTimerCount  gizwits_product.o
    0x08002404   0x08002404   0x0000007c   Code   RO          219    i.gizProtocolAckHandle  gizwits_protocol.o
    0x08002480   0x08002480   0x00000098   Code   RO          220    i.gizProtocolCommonAck  gizwits_protocol.o
    0x08002518   0x08002518   0x000000a0   Code   RO          221    i.gizProtocolErrorCmd  gizwits_protocol.o
    0x080025b8   0x080025b8   0x00000178   Code   RO          222    i.gizProtocolGetDeviceInfo  gizwits_protocol.o
    0x08002730   0x08002730   0x00000160   Code   RO          223    i.gizProtocolGetOnePacket  gizwits_protocol.o
    0x08002890   0x08002890   0x0000004c   Code   RO          224    i.gizProtocolHeadInit  gizwits_protocol.o
    0x080028dc   0x080028dc   0x00000120   Code   RO          225    i.gizProtocolIssuedDataAck  gizwits_protocol.o
    0x080029fc   0x080029fc   0x000000f8   Code   RO          226    i.gizProtocolIssuedProcess  gizwits_protocol.o
    0x08002af4   0x08002af4   0x00000414   Code   RO          227    i.gizProtocolModuleStatus  gizwits_protocol.o
    0x08002f08   0x08002f08   0x00000070   Code   RO          228    i.gizProtocolNTP    gizwits_protocol.o
    0x08002f78   0x08002f78   0x00000074   Code   RO          229    i.gizProtocolResendData  gizwits_protocol.o
    0x08002fec   0x08002fec   0x00000024   Code   RO          570    i.gizProtocolSum    common.o
    0x08003010   0x08003010   0x00000060   Code   RO          230    i.gizProtocolWaitAck  gizwits_protocol.o
    0x08003070   0x08003070   0x00000048   Code   RO          231    i.gizProtocolWaitAckCheck  gizwits_protocol.o
    0x080030b8   0x080030b8   0x00000068   Code   RO          232    i.gizPutData        gizwits_protocol.o
    0x08003120   0x08003120   0x000000c8   Code   RO          233    i.gizReportData     gizwits_protocol.o
    0x080031e8   0x080031e8   0x00000050   Code   RO          646    i.gizStandardCompressValue  datapointtools.o
    0x08003238   0x08003238   0x00000082   Code   RO          647    i.gizStandardDecompressionValue  datapointtools.o
    0x080032ba   0x080032ba   0x00000002   PAD
    0x080032bc   0x080032bc   0x00000010   Code   RO           17    i.gizTimerMs        gizwits_product.o
    0x080032cc   0x080032cc   0x00000134   Code   RO           18    i.gizwitsEventProcess  gizwits_product.o
    0x08003400   0x08003400   0x00000344   Code   RO          236    i.gizwitsHandle     gizwits_protocol.o
    0x08003744   0x08003744   0x00000060   Code   RO          237    i.gizwitsInit       gizwits_protocol.o
    0x080037a4   0x080037a4   0x00000118   Code   RO          239    i.gizwitsSetMode    gizwits_protocol.o
    0x080038bc   0x080038bc   0x00000034   Code   RO          878    i.key1LongPress     main.o
    0x080038f0   0x080038f0   0x00000034   Code   RO          879    i.key1ShortPress    main.o
    0x08003924   0x08003924   0x00000034   Code   RO          880    i.key2LongPress     main.o
    0x08003958   0x08003958   0x00000030   Code   RO          881    i.key2ShortPress    main.o
    0x08003988   0x08003988   0x0000007e   Code   RO          389    i.keyHandle         hal_key_1.o
    0x08003a06   0x08003a06   0x00000002   PAD
    0x08003a08   0x08003a08   0x0000007c   Code   RO          882    i.keyInit           main.o
    0x08003a84   0x08003a84   0x00000040   Code   RO          390    i.keyInitOne        hal_key_1.o
    0x08003ac4   0x08003ac4   0x00000018   Code   RO          391    i.keyParaInit       hal_key_1.o
    0x08003adc   0x08003adc   0x00000060   Code   RO          883    i.main              main.o
    0x08003b3c   0x08003b3c   0x0000000a   Code   RO           19    i.mcuRestart        gizwits_product.o
    0x08003b46   0x08003b46   0x00000032   Code   RO          766    i.rbCanRead         ringbuffer.o
    0x08003b78   0x08003b78   0x0000001c   Code   RO          767    i.rbCanWrite        ringbuffer.o
    0x08003b94   0x08003b94   0x0000000c   Code   RO          768    i.rbCapacity        ringbuffer.o
    0x08003ba0   0x08003ba0   0x00000012   Code   RO          769    i.rbCreate          ringbuffer.o
    0x08003bb2   0x08003bb2   0x0000007e   Code   RO          771    i.rbRead            ringbuffer.o
    0x08003c30   0x08003c30   0x0000008e   Code   RO          772    i.rbWrite           ringbuffer.o
    0x08003cbe   0x08003cbe   0x00000002   PAD
    0x08003cc0   0x08003cc0   0x00000088   Code   RO          392    i.readKeyValue      hal_key_1.o
    0x08003d48   0x08003d48   0x0000000c   Code   RO           20    i.timerInit         gizwits_product.o
    0x08003d54   0x08003d54   0x00000014   Code   RO           21    i.uartInit          gizwits_product.o
    0x08003d68   0x08003d68   0x000000b8   Code   RO           22    i.uartWrite         gizwits_product.o
    0x08003e20   0x08003e20   0x00000002   Code   RO           23    i.userHandle        gizwits_product.o
    0x08003e22   0x08003e22   0x00000002   PAD
    0x08003e24   0x08003e24   0x0000000c   Code   RO           24    i.userInit          gizwits_product.o
    0x08003e30   0x08003e30   0x00000010   Data   RO         3478    .constdata          system_stm32f1xx.o
    0x08003e40   0x08003e40   0x00000008   Data   RO         3479    .constdata          system_stm32f1xx.o
    0x08003e48   0x08003e48   0x00000020   Data   RO         3837    Region$$Table       anon$$obj.o


    Execution Region RW_IRAM1 (Exec base: 0x20000000, Load base: 0x08003e68, Size: 0x00001280, Max: 0x0000c000, ABSOLUTE)

    Exec Addr    Load Addr    Size         Type   Attr      Idx    E Section Name        Object

    0x20000000   0x08003e68   0x0000000c   Data   RW           25    .data               gizwits_product.o
    0x2000000c   0x08003e74   0x00000010   Data   RW          241    .data               gizwits_protocol.o
    0x2000001c   0x08003e84   0x0000000a   Data   RW          393    .data               hal_key_1.o
    0x20000026   0x08003e8e   0x00000002   Data   RW          447    .data               hal_pyr_1.o
    0x20000028   0x08003e90   0x00000002   Data   RW          528    .data               hal_infrared_tube.o
    0x2000002a   0x08003e92   0x00000004   Data   RW          725    .data               delay.o
    0x2000002e   0x08003e96   0x00000002   PAD
    0x20000030   0x08003e98   0x00000008   Data   RW          829    .data               user_pro.o
    0x20000038   0x08003ea0   0x00000005   Data   RW          885    .data               main.o
    0x2000003d   0x08003ea5   0x00000003   PAD
    0x20000040   0x08003ea8   0x0000000c   Data   RW         2200    .data               stm32f1xx_hal.o
    0x2000004c   0x08003eb4   0x00000004   Data   RW         3480    .data               system_stm32f1xx.o
    0x20000050   0x08003eb8   0x00000004   Data   RW         3811    .data               mc_w.l(stdout.o)
    0x20000054        -       0x00000142   Zero   RW          240    .bss                gizwits_protocol.o
    0x20000196        -       0x0000002a   Zero   RW          884    .bss                main.o
    0x200001c0        -       0x00000040   Zero   RW         1000    .bss                tim.o
    0x20000200        -       0x00000080   Zero   RW         1043    .bss                usart.o
    0x20000280        -       0x00001000   Zero   RW            1    STACK               startup_stm32f103xe.o


==============================================================================

Image component sizes


      Code (inc. data)   RO Data    RW Data    ZI Data      Debug   Object Name

        56          0          0          0          0       2136   common.o
       276          0          0          0          0       3739   datapointtools.o
        84         10          0          4          0       1164   delay.o
       680        280          0         12          0     502152   gizwits_product.o
      5448       2084          0         16        322      18462   gizwits_protocol.o
       236         20          0          0          0        979   gpio.o
        80         12          0          0          0       1003   hal_buzzer.o
       100         58          0          2          0       1728   hal_infrared_tube.o
       438         20          0         10          0       3933   hal_key_1.o
        48         14          0          2          0       1628   hal_pyr_1.o
       504        190          0          5         42       4465   main.o
       376          0          0          0          0       4174   ringbuffer.o
        36          8        304          0       4096        808   startup_stm32f103xe.o
       128         24          0         12          0       5925   stm32f1xx_hal.o
       234         24          0          0          0      29542   stm32f1xx_hal_cortex.o
       304          8          0          0          0       1175   stm32f1xx_hal_dma.o
       548         48          0          0          0       4150   stm32f1xx_hal_gpio.o
        60          8          0          0          0        850   stm32f1xx_hal_msp.o
      1272        100          0          0          0       5212   stm32f1xx_hal_rcc.o
       914         20          0          0          0       9633   stm32f1xx_hal_tim.o
        70          0          0          0          0       2365   stm32f1xx_hal_tim_ex.o
      1280         12          0          0          0      10126   stm32f1xx_hal_uart.o
        56         12          0          0          0       5538   stm32f1xx_it.o
        72         16         24          4          0       1171   system_stm32f1xx.o
       156         10          0          0         64       1630   tim.o
       316         34          0          0        128       2335   usart.o
       340        128          0          8          0       2767   user_pro.o

    ----------------------------------------------------------------------
     14140       3140        360         80       4652     628790   Object Totals
         0          0         32          0          0          0   (incl. Generated)
        28          0          0          5          0          0   (incl. Padding)

    ----------------------------------------------------------------------

      Code (inc. data)   RO Data    RW Data    ZI Data      Debug   Library Member Name

         0          0          0          0          0          0   entry.o
         0          0          0          0          0          0   entry10a.o
         0          0          0          0          0          0   entry11a.o
         8          4          0          0          0          0   entry2.o
         4          0          0          0          0          0   entry5.o
         0          0          0          0          0          0   entry7b.o
         0          0          0          0          0          0   entry8b.o
         8          4          0          0          0          0   entry9a.o
        30          0          0          0          0          0   handlers.o
        36          8          0          0          0         68   init.o
        30          0          0          0          0         68   llshl.o
        32          0          0          0          0         68   llushr.o
        36          0          0          0          0         68   memcpya.o
        36          0          0          0          0        108   memseta.o
      1154         54          0          0          0        352   printf8.o
         0          0          0          4          0          0   stdout.o
        98          0          0          0          0         92   uldiv.o

    ----------------------------------------------------------------------
      1476         70          0          4          0        824   Library Totals
         4          0          0          0          0          0   (incl. Padding)

    ----------------------------------------------------------------------

      Code (inc. data)   RO Data    RW Data    ZI Data      Debug   Library Name

      1472         70          0          4          0        824   mc_w.l

    ----------------------------------------------------------------------
      1476         70          0          4          0        824   Library Totals

    ----------------------------------------------------------------------

==============================================================================


      Code (inc. data)   RO Data    RW Data    ZI Data      Debug   

     15616       3210        360         84       4652     622226   Grand Totals
     15616       3210        360         84       4652     622226   ELF Image Totals
     15616       3210        360         84          0          0   ROM Totals

==============================================================================

    Total RO  Size (Code + RO Data)                15976 (  15.60kB)
    Total RW  Size (RW Data + ZI Data)              4736 (   4.63kB)
    Total ROM Size (Code + RO Data + RW Data)      16060 (  15.68kB)

==============================================================================

